2026-01-14T19:12:07.098+0700	INFO	metrics/metrics.go:34	starting the metrics generator with configuration	{"config": {"WorkerCount":10,"Rate":50000,"TotalDuration":60000000000,"ReportingInterval":1000000000,"SkipSettingGRPCLogger":false,"CustomEndpoint":"localhost:4317","Insecure":true,"InsecureSkipVerify":false,"UseHTTP":false,"HTTPPath":"/v1/metrics","Headers":{},"ResourceAttributes":{},"ServiceName":"telemetrygen","TelemetryAttributes":{},"CaFile":"","ClientAuth":{"Enabled":false,"ClientCertFile":"","ClientKeyFile":""},"AllowExportFailures":false,"LoadSize":0,"NumMetrics":1,"MetricName":"gen","MetricType":"Gauge","AggregationTemporality":1,"SpanID":"","TraceID":"","EnforceUniqueTimeseries":false,"UniqueTimelimit":1000000000}}
2026-01-14T19:12:07.098+0700	INFO	metrics/metrics.go:58	generation of metrics is limited	{"per-second": 50000}
2026-01-14T19:12:07.098+0700	INFO	metrics/metrics.go:139	starting gRPC exporter
2026-01-14T19:12:07.098+0700	INFO	grpclog/component.go:69	[core] original dial target is: "localhost:4317"	{"grpc_log": true}
2026-01-14T19:12:07.098+0700	INFO	channelz/trace.go:200	[core] [Channel #1] Channel created for target "localhost:4317"	{"grpc_log": true}
2026-01-14T19:12:07.098+0700	INFO	channelz/trace.go:200	[core] [Channel #1] parsed dial target is: resolver.Target{URL:url.URL{Scheme:"dns", Opaque:"", User:(*url.Userinfo)(nil), Host:"", Path:"/localhost:4317", RawPath:"", OmitHost:false, ForceQuery:false, RawQuery:"", Fragment:"", RawFragment:""}}	{"grpc_log": true}
2026-01-14T19:12:07.098+0700	INFO	channelz/trace.go:200	[core] [Channel #1] Channel authority set to "localhost:4317"	{"grpc_log": true}
2026-01-14T19:12:07.098+0700	INFO	metrics/metrics.go:139	starting gRPC exporter
2026-01-14T19:12:07.098+0700	INFO	grpclog/component.go:69	[core] original dial target is: "localhost:4317"	{"grpc_log": true}
2026-01-14T19:12:07.098+0700	INFO	channelz/trace.go:200	[core] [Channel #2] Channel created for target "localhost:4317"	{"grpc_log": true}
2026-01-14T19:12:07.099+0700	INFO	channelz/trace.go:200	[core] [Channel #2] parsed dial target is: resolver.Target{URL:url.URL{Scheme:"dns", Opaque:"", User:(*url.Userinfo)(nil), Host:"", Path:"/localhost:4317", RawPath:"", OmitHost:false, ForceQuery:false, RawQuery:"", Fragment:"", RawFragment:""}}	{"grpc_log": true}
2026-01-14T19:12:07.099+0700	INFO	channelz/trace.go:200	[core] [Channel #2] Channel authority set to "localhost:4317"	{"grpc_log": true}
2026-01-14T19:12:07.099+0700	INFO	metrics/metrics.go:139	starting gRPC exporter
2026-01-14T19:12:07.099+0700	INFO	grpclog/component.go:69	[core] original dial target is: "localhost:4317"	{"grpc_log": true}
2026-01-14T19:12:07.099+0700	INFO	channelz/trace.go:200	[core] [Channel #3] Channel created for target "localhost:4317"	{"grpc_log": true}
2026-01-14T19:12:07.099+0700	INFO	channelz/trace.go:200	[core] [Channel #3] parsed dial target is: resolver.Target{URL:url.URL{Scheme:"dns", Opaque:"", User:(*url.Userinfo)(nil), Host:"", Path:"/localhost:4317", RawPath:"", OmitHost:false, ForceQuery:false, RawQuery:"", Fragment:"", RawFragment:""}}	{"grpc_log": true}
2026-01-14T19:12:07.099+0700	INFO	channelz/trace.go:200	[core] [Channel #1] Channel exiting idle mode	{"grpc_log": true}
2026-01-14T19:12:07.099+0700	INFO	channelz/trace.go:200	[core] [Channel #3] Channel authority set to "localhost:4317"	{"grpc_log": true}
2026-01-14T19:12:07.099+0700	INFO	channelz/trace.go:200	[core] [Channel #2] Channel exiting idle mode	{"grpc_log": true}
2026-01-14T19:12:07.099+0700	INFO	metrics/metrics.go:139	starting gRPC exporter
2026-01-14T19:12:07.099+0700	INFO	channelz/trace.go:200	[core] [Channel #3] Channel exiting idle mode	{"grpc_log": true}
2026-01-14T19:12:07.099+0700	INFO	grpclog/component.go:69	[core] original dial target is: "localhost:4317"	{"grpc_log": true}
2026-01-14T19:12:07.099+0700	INFO	channelz/trace.go:200	[core] [Channel #4] Channel created for target "localhost:4317"	{"grpc_log": true}
2026-01-14T19:12:07.099+0700	INFO	channelz/trace.go:200	[core] [Channel #4] parsed dial target is: resolver.Target{URL:url.URL{Scheme:"dns", Opaque:"", User:(*url.Userinfo)(nil), Host:"", Path:"/localhost:4317", RawPath:"", OmitHost:false, ForceQuery:false, RawQuery:"", Fragment:"", RawFragment:""}}	{"grpc_log": true}
2026-01-14T19:12:07.099+0700	INFO	channelz/trace.go:200	[core] [Channel #4] Channel authority set to "localhost:4317"	{"grpc_log": true}
2026-01-14T19:12:07.099+0700	INFO	metrics/metrics.go:139	starting gRPC exporter
2026-01-14T19:12:07.099+0700	INFO	grpclog/component.go:69	[core] original dial target is: "localhost:4317"	{"grpc_log": true}
2026-01-14T19:12:07.099+0700	INFO	channelz/trace.go:200	[core] [Channel #5] Channel created for target "localhost:4317"	{"grpc_log": true}
2026-01-14T19:12:07.099+0700	INFO	channelz/trace.go:200	[core] [Channel #5] parsed dial target is: resolver.Target{URL:url.URL{Scheme:"dns", Opaque:"", User:(*url.Userinfo)(nil), Host:"", Path:"/localhost:4317", RawPath:"", OmitHost:false, ForceQuery:false, RawQuery:"", Fragment:"", RawFragment:""}}	{"grpc_log": true}
2026-01-14T19:12:07.099+0700	INFO	channelz/trace.go:200	[core] [Channel #5] Channel authority set to "localhost:4317"	{"grpc_log": true}
2026-01-14T19:12:07.099+0700	INFO	channelz/trace.go:200	[core] [Channel #4] Channel exiting idle mode	{"grpc_log": true}
2026-01-14T19:12:07.099+0700	INFO	metrics/metrics.go:139	starting gRPC exporter
2026-01-14T19:12:07.099+0700	INFO	grpclog/component.go:69	[core] original dial target is: "localhost:4317"	{"grpc_log": true}
2026-01-14T19:12:07.099+0700	INFO	channelz/trace.go:200	[core] [Channel #5] Channel exiting idle mode	{"grpc_log": true}
2026-01-14T19:12:07.099+0700	INFO	channelz/trace.go:200	[core] [Channel #6] Channel created for target "localhost:4317"	{"grpc_log": true}
2026-01-14T19:12:07.099+0700	INFO	channelz/trace.go:200	[core] [Channel #6] parsed dial target is: resolver.Target{URL:url.URL{Scheme:"dns", Opaque:"", User:(*url.Userinfo)(nil), Host:"", Path:"/localhost:4317", RawPath:"", OmitHost:false, ForceQuery:false, RawQuery:"", Fragment:"", RawFragment:""}}	{"grpc_log": true}
2026-01-14T19:12:07.099+0700	INFO	channelz/trace.go:200	[core] [Channel #6] Channel authority set to "localhost:4317"	{"grpc_log": true}
2026-01-14T19:12:07.099+0700	INFO	metrics/metrics.go:139	starting gRPC exporter
2026-01-14T19:12:07.099+0700	INFO	grpclog/component.go:69	[core] original dial target is: "localhost:4317"	{"grpc_log": true}
2026-01-14T19:12:07.099+0700	INFO	channelz/trace.go:200	[core] [Channel #7] Channel created for target "localhost:4317"	{"grpc_log": true}
2026-01-14T19:12:07.099+0700	INFO	channelz/trace.go:200	[core] [Channel #7] parsed dial target is: resolver.Target{URL:url.URL{Scheme:"dns", Opaque:"", User:(*url.Userinfo)(nil), Host:"", Path:"/localhost:4317", RawPath:"", OmitHost:false, ForceQuery:false, RawQuery:"", Fragment:"", RawFragment:""}}	{"grpc_log": true}
2026-01-14T19:12:07.099+0700	INFO	channelz/trace.go:200	[core] [Channel #7] Channel authority set to "localhost:4317"	{"grpc_log": true}
2026-01-14T19:12:07.100+0700	INFO	metrics/metrics.go:139	starting gRPC exporter
2026-01-14T19:12:07.100+0700	INFO	grpclog/component.go:69	[core] original dial target is: "localhost:4317"	{"grpc_log": true}
2026-01-14T19:12:07.100+0700	INFO	channelz/trace.go:200	[core] [Channel #8] Channel created for target "localhost:4317"	{"grpc_log": true}
2026-01-14T19:12:07.100+0700	INFO	channelz/trace.go:200	[core] [Channel #8] parsed dial target is: resolver.Target{URL:url.URL{Scheme:"dns", Opaque:"", User:(*url.Userinfo)(nil), Host:"", Path:"/localhost:4317", RawPath:"", OmitHost:false, ForceQuery:false, RawQuery:"", Fragment:"", RawFragment:""}}	{"grpc_log": true}
2026-01-14T19:12:07.100+0700	INFO	channelz/trace.go:200	[core] [Channel #7] Channel exiting idle mode	{"grpc_log": true}
2026-01-14T19:12:07.099+0700	INFO	channelz/trace.go:200	[core] [Channel #6] Channel exiting idle mode	{"grpc_log": true}
2026-01-14T19:12:07.100+0700	INFO	channelz/trace.go:200	[core] [Channel #8] Channel authority set to "localhost:4317"	{"grpc_log": true}
2026-01-14T19:12:07.100+0700	INFO	metrics/metrics.go:139	starting gRPC exporter
2026-01-14T19:12:07.100+0700	INFO	channelz/trace.go:200	[core] [Channel #8] Channel exiting idle mode	{"grpc_log": true}
2026-01-14T19:12:07.100+0700	INFO	grpclog/component.go:69	[core] original dial target is: "localhost:4317"	{"grpc_log": true}
2026-01-14T19:12:07.100+0700	INFO	channelz/trace.go:200	[core] [Channel #9] Channel created for target "localhost:4317"	{"grpc_log": true}
2026-01-14T19:12:07.100+0700	INFO	channelz/trace.go:200	[core] [Channel #9] parsed dial target is: resolver.Target{URL:url.URL{Scheme:"dns", Opaque:"", User:(*url.Userinfo)(nil), Host:"", Path:"/localhost:4317", RawPath:"", OmitHost:false, ForceQuery:false, RawQuery:"", Fragment:"", RawFragment:""}}	{"grpc_log": true}
2026-01-14T19:12:07.100+0700	INFO	channelz/trace.go:200	[core] [Channel #9] Channel authority set to "localhost:4317"	{"grpc_log": true}
2026-01-14T19:12:07.100+0700	INFO	metrics/metrics.go:139	starting gRPC exporter
2026-01-14T19:12:07.100+0700	INFO	grpclog/component.go:69	[core] original dial target is: "localhost:4317"	{"grpc_log": true}
2026-01-14T19:12:07.100+0700	INFO	channelz/trace.go:200	[core] [Channel #10] Channel created for target "localhost:4317"	{"grpc_log": true}
2026-01-14T19:12:07.100+0700	INFO	channelz/trace.go:200	[core] [Channel #9] Channel exiting idle mode	{"grpc_log": true}
2026-01-14T19:12:07.100+0700	INFO	channelz/trace.go:200	[core] [Channel #10] parsed dial target is: resolver.Target{URL:url.URL{Scheme:"dns", Opaque:"", User:(*url.Userinfo)(nil), Host:"", Path:"/localhost:4317", RawPath:"", OmitHost:false, ForceQuery:false, RawQuery:"", Fragment:"", RawFragment:""}}	{"grpc_log": true}
2026-01-14T19:12:07.100+0700	INFO	channelz/trace.go:200	[core] [Channel #10] Channel authority set to "localhost:4317"	{"grpc_log": true}
2026-01-14T19:12:07.100+0700	INFO	channelz/trace.go:200	[core] [Channel #10] Channel exiting idle mode	{"grpc_log": true}
2026-01-14T19:12:07.129+0700	INFO	channelz/trace.go:200	[core] [Channel #4] Resolver state updated: {
  "Addresses": [
    {
      "Addr": "127.0.0.1:4317",
      "ServerName": "",
      "Attributes": null,
      "BalancerAttributes": null,
      "Metadata": null
    }
  ],
  "Endpoints": [
    {
      "Addresses": [
        {
          "Addr": "127.0.0.1:4317",
          "ServerName": "",
          "Attributes": null,
          "BalancerAttributes": null,
          "Metadata": null
        }
      ],
      "Attributes": null
    }
  ],
  "ServiceConfig": null,
  "Attributes": null
} (resolver returned new addresses)	{"grpc_log": true}
2026-01-14T19:12:07.130+0700	INFO	channelz/trace.go:200	[core] [Channel #4] Channel switches to new LB policy "pick_first"	{"grpc_log": true}
2026-01-14T19:12:07.130+0700	INFO	grpclog/prefix_logger.go:42	[pick-first-leaf-lb] [pick-first-leaf-lb 0xc000486090] Received new config {
  "shuffleAddressList": false
}, resolver state {
  "Addresses": [
    {
      "Addr": "127.0.0.1:4317",
      "ServerName": "",
      "Attributes": null,
      "BalancerAttributes": null,
      "Metadata": null
    }
  ],
  "Endpoints": [
    {
      "Addresses": [
        {
          "Addr": "127.0.0.1:4317",
          "ServerName": "",
          "Attributes": null,
          "BalancerAttributes": null,
          "Metadata": null
        }
      ],
      "Attributes": null
    }
  ],
  "ServiceConfig": null,
  "Attributes": null
}	{"grpc_log": true}
2026-01-14T19:12:07.130+0700	INFO	channelz/trace.go:200	[core] [Channel #4] Channel Connectivity change to CONNECTING	{"grpc_log": true}
2026-01-14T19:12:07.130+0700	INFO	channelz/trace.go:200	[core] [Channel #4 SubChannel #11] Subchannel created	{"grpc_log": true}
2026-01-14T19:12:07.130+0700	INFO	channelz/trace.go:200	[core] [Channel #4 SubChannel #11] Subchannel Connectivity change to CONNECTING	{"grpc_log": true}
2026-01-14T19:12:07.130+0700	INFO	channelz/trace.go:200	[core] [Channel #4 SubChannel #11] Subchannel picks a new address "127.0.0.1:4317" to connect	{"grpc_log": true}
2026-01-14T19:12:07.132+0700	INFO	channelz/trace.go:200	[core] [Channel #4 SubChannel #11] Subchannel Connectivity change to READY	{"grpc_log": true}
2026-01-14T19:12:07.132+0700	INFO	grpclog/prefix_logger.go:42	[pick-first-leaf-lb] [pick-first-leaf-lb 0xc000486090] SubConn 0xc00015c550 reported connectivity state READY and the health listener is disabled. Transitioning SubConn to READY.	{"grpc_log": true}
2026-01-14T19:12:07.132+0700	INFO	channelz/trace.go:200	[core] [Channel #4] Channel Connectivity change to READY	{"grpc_log": true}
2026-01-14T19:12:07.284+0700	INFO	channelz/trace.go:200	[core] [Channel #3] Resolver state updated: {
  "Addresses": [
    {
      "Addr": "127.0.0.1:4317",
      "ServerName": "",
      "Attributes": null,
      "BalancerAttributes": null,
      "Metadata": null
    }
  ],
  "Endpoints": [
    {
      "Addresses": [
        {
          "Addr": "127.0.0.1:4317",
          "ServerName": "",
          "Attributes": null,
          "BalancerAttributes": null,
          "Metadata": null
        }
      ],
      "Attributes": null
    }
  ],
  "ServiceConfig": null,
  "Attributes": null
} (resolver returned new addresses)	{"grpc_log": true}
2026-01-14T19:12:07.284+0700	INFO	channelz/trace.go:200	[core] [Channel #3] Channel switches to new LB policy "pick_first"	{"grpc_log": true}
2026-01-14T19:12:07.284+0700	INFO	grpclog/prefix_logger.go:42	[pick-first-leaf-lb] [pick-first-leaf-lb 0xc00032f050] Received new config {
  "shuffleAddressList": false
}, resolver state {
  "Addresses": [
    {
      "Addr": "127.0.0.1:4317",
      "ServerName": "",
      "Attributes": null,
      "BalancerAttributes": null,
      "Metadata": null
    }
  ],
  "Endpoints": [
    {
      "Addresses": [
        {
          "Addr": "127.0.0.1:4317",
          "ServerName": "",
          "Attributes": null,
          "BalancerAttributes": null,
          "Metadata": null
        }
      ],
      "Attributes": null
    }
  ],
  "ServiceConfig": null,
  "Attributes": null
}	{"grpc_log": true}
2026-01-14T19:12:07.284+0700	INFO	channelz/trace.go:200	[core] [Channel #3] Channel Connectivity change to CONNECTING	{"grpc_log": true}
2026-01-14T19:12:07.284+0700	INFO	channelz/trace.go:200	[core] [Channel #3 SubChannel #13] Subchannel created	{"grpc_log": true}
2026-01-14T19:12:07.284+0700	INFO	channelz/trace.go:200	[core] [Channel #3 SubChannel #13] Subchannel Connectivity change to CONNECTING	{"grpc_log": true}
2026-01-14T19:12:07.284+0700	INFO	channelz/trace.go:200	[core] [Channel #3 SubChannel #13] Subchannel picks a new address "127.0.0.1:4317" to connect	{"grpc_log": true}
2026-01-14T19:12:07.285+0700	INFO	channelz/trace.go:200	[core] [Channel #3 SubChannel #13] Subchannel Connectivity change to READY	{"grpc_log": true}
2026-01-14T19:12:07.285+0700	INFO	grpclog/prefix_logger.go:42	[pick-first-leaf-lb] [pick-first-leaf-lb 0xc00032f050] SubConn 0xc0003bdbd0 reported connectivity state READY and the health listener is disabled. Transitioning SubConn to READY.	{"grpc_log": true}
2026-01-14T19:12:07.285+0700	INFO	channelz/trace.go:200	[core] [Channel #3] Channel Connectivity change to READY	{"grpc_log": true}
2026-01-14T19:12:07.288+0700	INFO	channelz/trace.go:200	[core] [Channel #1] Resolver state updated: {
  "Addresses": [
    {
      "Addr": "127.0.0.1:4317",
      "ServerName": "",
      "Attributes": null,
      "BalancerAttributes": null,
      "Metadata": null
    }
  ],
  "Endpoints": [
    {
      "Addresses": [
        {
          "Addr": "127.0.0.1:4317",
          "ServerName": "",
          "Attributes": null,
          "BalancerAttributes": null,
          "Metadata": null
        }
      ],
      "Attributes": null
    }
  ],
  "ServiceConfig": null,
  "Attributes": null
} (resolver returned new addresses)	{"grpc_log": true}
2026-01-14T19:12:07.288+0700	INFO	channelz/trace.go:200	[core] [Channel #1] Channel switches to new LB policy "pick_first"	{"grpc_log": true}
2026-01-14T19:12:07.289+0700	INFO	grpclog/prefix_logger.go:42	[pick-first-leaf-lb] [pick-first-leaf-lb 0xc00058fb00] Received new config {
  "shuffleAddressList": false
}, resolver state {
  "Addresses": [
    {
      "Addr": "127.0.0.1:4317",
      "ServerName": "",
      "Attributes": null,
      "BalancerAttributes": null,
      "Metadata": null
    }
  ],
  "Endpoints": [
    {
      "Addresses": [
        {
          "Addr": "127.0.0.1:4317",
          "ServerName": "",
          "Attributes": null,
          "BalancerAttributes": null,
          "Metadata": null
        }
      ],
      "Attributes": null
    }
  ],
  "ServiceConfig": null,
  "Attributes": null
}	{"grpc_log": true}
2026-01-14T19:12:07.289+0700	INFO	channelz/trace.go:200	[core] [Channel #1] Channel Connectivity change to CONNECTING	{"grpc_log": true}
2026-01-14T19:12:07.289+0700	INFO	channelz/trace.go:200	[core] [Channel #1 SubChannel #15] Subchannel created	{"grpc_log": true}
2026-01-14T19:12:07.289+0700	INFO	channelz/trace.go:200	[core] [Channel #1 SubChannel #15] Subchannel Connectivity change to CONNECTING	{"grpc_log": true}
2026-01-14T19:12:07.289+0700	INFO	channelz/trace.go:200	[core] [Channel #1 SubChannel #15] Subchannel picks a new address "127.0.0.1:4317" to connect	{"grpc_log": true}
2026-01-14T19:12:07.289+0700	INFO	channelz/trace.go:200	[core] [Channel #1 SubChannel #15] Subchannel Connectivity change to READY	{"grpc_log": true}
2026-01-14T19:12:07.289+0700	INFO	grpclog/prefix_logger.go:42	[pick-first-leaf-lb] [pick-first-leaf-lb 0xc00058fb00] SubConn 0xc000281810 reported connectivity state READY and the health listener is disabled. Transitioning SubConn to READY.	{"grpc_log": true}
2026-01-14T19:12:07.289+0700	INFO	channelz/trace.go:200	[core] [Channel #1] Channel Connectivity change to READY	{"grpc_log": true}
2026-01-14T19:12:07.290+0700	INFO	channelz/trace.go:200	[core] [Channel #6] Resolver state updated: {
  "Addresses": [
    {
      "Addr": "127.0.0.1:4317",
      "ServerName": "",
      "Attributes": null,
      "BalancerAttributes": null,
      "Metadata": null
    }
  ],
  "Endpoints": [
    {
      "Addresses": [
        {
          "Addr": "127.0.0.1:4317",
          "ServerName": "",
          "Attributes": null,
          "BalancerAttributes": null,
          "Metadata": null
        }
      ],
      "Attributes": null
    }
  ],
  "ServiceConfig": null,
  "Attributes": null
} (resolver returned new addresses)	{"grpc_log": true}
2026-01-14T19:12:07.290+0700	INFO	channelz/trace.go:200	[core] [Channel #6] Channel switches to new LB policy "pick_first"	{"grpc_log": true}
2026-01-14T19:12:07.290+0700	INFO	grpclog/prefix_logger.go:42	[pick-first-leaf-lb] [pick-first-leaf-lb 0xc00029c090] Received new config {
  "shuffleAddressList": false
}, resolver state {
  "Addresses": [
    {
      "Addr": "127.0.0.1:4317",
      "ServerName": "",
      "Attributes": null,
      "BalancerAttributes": null,
      "Metadata": null
    }
  ],
  "Endpoints": [
    {
      "Addresses": [
        {
          "Addr": "127.0.0.1:4317",
          "ServerName": "",
          "Attributes": null,
          "BalancerAttributes": null,
          "Metadata": null
        }
      ],
      "Attributes": null
    }
  ],
  "ServiceConfig": null,
  "Attributes": null
}	{"grpc_log": true}
2026-01-14T19:12:07.290+0700	INFO	channelz/trace.go:200	[core] [Channel #6] Channel Connectivity change to CONNECTING	{"grpc_log": true}
2026-01-14T19:12:07.290+0700	INFO	channelz/trace.go:200	[core] [Channel #6 SubChannel #17] Subchannel created	{"grpc_log": true}
2026-01-14T19:12:07.290+0700	INFO	channelz/trace.go:200	[core] [Channel #6 SubChannel #17] Subchannel Connectivity change to CONNECTING	{"grpc_log": true}
2026-01-14T19:12:07.290+0700	INFO	channelz/trace.go:200	[core] [Channel #6 SubChannel #17] Subchannel picks a new address "127.0.0.1:4317" to connect	{"grpc_log": true}
2026-01-14T19:12:07.291+0700	INFO	channelz/trace.go:200	[core] [Channel #6 SubChannel #17] Subchannel Connectivity change to READY	{"grpc_log": true}
2026-01-14T19:12:07.293+0700	INFO	grpclog/prefix_logger.go:42	[pick-first-leaf-lb] [pick-first-leaf-lb 0xc00029c090] SubConn 0xc0004a27d0 reported connectivity state READY and the health listener is disabled. Transitioning SubConn to READY.	{"grpc_log": true}
2026-01-14T19:12:07.293+0700	INFO	channelz/trace.go:200	[core] [Channel #6] Channel Connectivity change to READY	{"grpc_log": true}
2026-01-14T19:12:07.439+0700	INFO	channelz/trace.go:200	[core] [Channel #10] Resolver state updated: {
  "Addresses": [
    {
      "Addr": "127.0.0.1:4317",
      "ServerName": "",
      "Attributes": null,
      "BalancerAttributes": null,
      "Metadata": null
    }
  ],
  "Endpoints": [
    {
      "Addresses": [
        {
          "Addr": "127.0.0.1:4317",
          "ServerName": "",
          "Attributes": null,
          "BalancerAttributes": null,
          "Metadata": null
        }
      ],
      "Attributes": null
    }
  ],
  "ServiceConfig": null,
  "Attributes": null
} (resolver returned new addresses)	{"grpc_log": true}
2026-01-14T19:12:07.439+0700	INFO	channelz/trace.go:200	[core] [Channel #10] Channel switches to new LB policy "pick_first"	{"grpc_log": true}
2026-01-14T19:12:07.439+0700	INFO	grpclog/prefix_logger.go:42	[pick-first-leaf-lb] [pick-first-leaf-lb 0xc0001d1680] Received new config {
  "shuffleAddressList": false
}, resolver state {
  "Addresses": [
    {
      "Addr": "127.0.0.1:4317",
      "ServerName": "",
      "Attributes": null,
      "BalancerAttributes": null,
      "Metadata": null
    }
  ],
  "Endpoints": [
    {
      "Addresses": [
        {
          "Addr": "127.0.0.1:4317",
          "ServerName": "",
          "Attributes": null,
          "BalancerAttributes": null,
          "Metadata": null
        }
      ],
      "Attributes": null
    }
  ],
  "ServiceConfig": null,
  "Attributes": null
}	{"grpc_log": true}
2026-01-14T19:12:07.440+0700	INFO	channelz/trace.go:200	[core] [Channel #10] Channel Connectivity change to CONNECTING	{"grpc_log": true}
2026-01-14T19:12:07.440+0700	INFO	channelz/trace.go:200	[core] [Channel #10 SubChannel #19] Subchannel created	{"grpc_log": true}
2026-01-14T19:12:07.440+0700	INFO	channelz/trace.go:200	[core] [Channel #10 SubChannel #19] Subchannel Connectivity change to CONNECTING	{"grpc_log": true}
2026-01-14T19:12:07.440+0700	INFO	channelz/trace.go:200	[core] [Channel #10 SubChannel #19] Subchannel picks a new address "127.0.0.1:4317" to connect	{"grpc_log": true}
2026-01-14T19:12:07.440+0700	INFO	channelz/trace.go:200	[core] [Channel #5] Resolver state updated: {
  "Addresses": [
    {
      "Addr": "127.0.0.1:4317",
      "ServerName": "",
      "Attributes": null,
      "BalancerAttributes": null,
      "Metadata": null
    }
  ],
  "Endpoints": [
    {
      "Addresses": [
        {
          "Addr": "127.0.0.1:4317",
          "ServerName": "",
          "Attributes": null,
          "BalancerAttributes": null,
          "Metadata": null
        }
      ],
      "Attributes": null
    }
  ],
  "ServiceConfig": null,
  "Attributes": null
} (resolver returned new addresses)	{"grpc_log": true}
2026-01-14T19:12:07.441+0700	INFO	channelz/trace.go:200	[core] [Channel #5] Channel switches to new LB policy "pick_first"	{"grpc_log": true}
2026-01-14T19:12:07.441+0700	INFO	channelz/trace.go:200	[core] [Channel #7] Resolver state updated: {
  "Addresses": [
    {
      "Addr": "127.0.0.1:4317",
      "ServerName": "",
      "Attributes": null,
      "BalancerAttributes": null,
      "Metadata": null
    }
  ],
  "Endpoints": [
    {
      "Addresses": [
        {
          "Addr": "127.0.0.1:4317",
          "ServerName": "",
          "Attributes": null,
          "BalancerAttributes": null,
          "Metadata": null
        }
      ],
      "Attributes": null
    }
  ],
  "ServiceConfig": null,
  "Attributes": null
} (resolver returned new addresses)	{"grpc_log": true}
2026-01-14T19:12:07.441+0700	INFO	grpclog/prefix_logger.go:42	[pick-first-leaf-lb] [pick-first-leaf-lb 0xc000802000] Received new config {
  "shuffleAddressList": false
}, resolver state {
  "Addresses": [
    {
      "Addr": "127.0.0.1:4317",
      "ServerName": "",
      "Attributes": null,
      "BalancerAttributes": null,
      "Metadata": null
    }
  ],
  "Endpoints": [
    {
      "Addresses": [
        {
          "Addr": "127.0.0.1:4317",
          "ServerName": "",
          "Attributes": null,
          "BalancerAttributes": null,
          "Metadata": null
        }
      ],
      "Attributes": null
    }
  ],
  "ServiceConfig": null,
  "Attributes": null
}	{"grpc_log": true}
2026-01-14T19:12:07.442+0700	INFO	channelz/trace.go:200	[core] [Channel #5] Channel Connectivity change to CONNECTING	{"grpc_log": true}
2026-01-14T19:12:07.442+0700	INFO	channelz/trace.go:200	[core] [Channel #5 SubChannel #21] Subchannel created	{"grpc_log": true}
2026-01-14T19:12:07.442+0700	INFO	channelz/trace.go:200	[core] [Channel #7] Channel switches to new LB policy "pick_first"	{"grpc_log": true}
2026-01-14T19:12:07.442+0700	INFO	channelz/trace.go:200	[core] [Channel #10 SubChannel #19] Subchannel Connectivity change to READY	{"grpc_log": true}
2026-01-14T19:12:07.443+0700	INFO	channelz/trace.go:200	[core] [Channel #5 SubChannel #21] Subchannel Connectivity change to CONNECTING	{"grpc_log": true}
2026-01-14T19:12:07.443+0700	INFO	channelz/trace.go:200	[core] [Channel #5 SubChannel #21] Subchannel picks a new address "127.0.0.1:4317" to connect	{"grpc_log": true}
2026-01-14T19:12:07.443+0700	INFO	grpclog/prefix_logger.go:42	[pick-first-leaf-lb] [pick-first-leaf-lb 0xc00029c240] Received new config {
  "shuffleAddressList": false
}, resolver state {
  "Addresses": [
    {
      "Addr": "127.0.0.1:4317",
      "ServerName": "",
      "Attributes": null,
      "BalancerAttributes": null,
      "Metadata": null
    }
  ],
  "Endpoints": [
    {
      "Addresses": [
        {
          "Addr": "127.0.0.1:4317",
          "ServerName": "",
          "Attributes": null,
          "BalancerAttributes": null,
          "Metadata": null
        }
      ],
      "Attributes": null
    }
  ],
  "ServiceConfig": null,
  "Attributes": null
}	{"grpc_log": true}
2026-01-14T19:12:07.443+0700	INFO	grpclog/prefix_logger.go:42	[pick-first-leaf-lb] [pick-first-leaf-lb 0xc0001d1680] SubConn 0xc00081d4a0 reported connectivity state READY and the health listener is disabled. Transitioning SubConn to READY.	{"grpc_log": true}
2026-01-14T19:12:07.444+0700	INFO	channelz/trace.go:200	[core] [Channel #10] Channel Connectivity change to READY	{"grpc_log": true}
2026-01-14T19:12:07.444+0700	INFO	channelz/trace.go:200	[core] [Channel #7] Channel Connectivity change to CONNECTING	{"grpc_log": true}
2026-01-14T19:12:07.444+0700	INFO	channelz/trace.go:200	[core] [Channel #5 SubChannel #21] Subchannel Connectivity change to READY	{"grpc_log": true}
2026-01-14T19:12:07.445+0700	INFO	channelz/trace.go:200	[core] [Channel #7 SubChannel #23] Subchannel created	{"grpc_log": true}
2026-01-14T19:12:07.445+0700	INFO	grpclog/prefix_logger.go:42	[pick-first-leaf-lb] [pick-first-leaf-lb 0xc000802000] SubConn 0xc0005820f0 reported connectivity state READY and the health listener is disabled. Transitioning SubConn to READY.	{"grpc_log": true}
2026-01-14T19:12:07.445+0700	INFO	channelz/trace.go:200	[core] [Channel #7 SubChannel #23] Subchannel Connectivity change to CONNECTING	{"grpc_log": true}
2026-01-14T19:12:07.446+0700	INFO	channelz/trace.go:200	[core] [Channel #7 SubChannel #23] Subchannel picks a new address "127.0.0.1:4317" to connect	{"grpc_log": true}
2026-01-14T19:12:07.446+0700	INFO	channelz/trace.go:200	[core] [Channel #5] Channel Connectivity change to READY	{"grpc_log": true}
2026-01-14T19:12:07.448+0700	INFO	channelz/trace.go:200	[core] [Channel #7 SubChannel #23] Subchannel Connectivity change to READY	{"grpc_log": true}
2026-01-14T19:12:07.448+0700	INFO	grpclog/prefix_logger.go:42	[pick-first-leaf-lb] [pick-first-leaf-lb 0xc00029c240] SubConn 0xc000908500 reported connectivity state READY and the health listener is disabled. Transitioning SubConn to READY.	{"grpc_log": true}
2026-01-14T19:12:07.448+0700	INFO	channelz/trace.go:200	[core] [Channel #7] Channel Connectivity change to READY	{"grpc_log": true}
2026-01-14T19:12:07.453+0700	INFO	channelz/trace.go:200	[core] [Channel #2] Resolver state updated: {
  "Addresses": [
    {
      "Addr": "127.0.0.1:4317",
      "ServerName": "",
      "Attributes": null,
      "BalancerAttributes": null,
      "Metadata": null
    }
  ],
  "Endpoints": [
    {
      "Addresses": [
        {
          "Addr": "127.0.0.1:4317",
          "ServerName": "",
          "Attributes": null,
          "BalancerAttributes": null,
          "Metadata": null
        }
      ],
      "Attributes": null
    }
  ],
  "ServiceConfig": null,
  "Attributes": null
} (resolver returned new addresses)	{"grpc_log": true}
2026-01-14T19:12:07.454+0700	INFO	channelz/trace.go:200	[core] [Channel #2] Channel switches to new LB policy "pick_first"	{"grpc_log": true}
2026-01-14T19:12:07.454+0700	INFO	grpclog/prefix_logger.go:42	[pick-first-leaf-lb] [pick-first-leaf-lb 0xc000792090] Received new config {
  "shuffleAddressList": false
}, resolver state {
  "Addresses": [
    {
      "Addr": "127.0.0.1:4317",
      "ServerName": "",
      "Attributes": null,
      "BalancerAttributes": null,
      "Metadata": null
    }
  ],
  "Endpoints": [
    {
      "Addresses": [
        {
          "Addr": "127.0.0.1:4317",
          "ServerName": "",
          "Attributes": null,
          "BalancerAttributes": null,
          "Metadata": null
        }
      ],
      "Attributes": null
    }
  ],
  "ServiceConfig": null,
  "Attributes": null
}	{"grpc_log": true}
2026-01-14T19:12:07.455+0700	INFO	channelz/trace.go:200	[core] [Channel #2] Channel Connectivity change to CONNECTING	{"grpc_log": true}
2026-01-14T19:12:07.455+0700	INFO	channelz/trace.go:200	[core] [Channel #2 SubChannel #25] Subchannel created	{"grpc_log": true}
2026-01-14T19:12:07.455+0700	INFO	channelz/trace.go:200	[core] [Channel #2 SubChannel #25] Subchannel Connectivity change to CONNECTING	{"grpc_log": true}
2026-01-14T19:12:07.455+0700	INFO	channelz/trace.go:200	[core] [Channel #2 SubChannel #25] Subchannel picks a new address "127.0.0.1:4317" to connect	{"grpc_log": true}
2026-01-14T19:12:07.457+0700	INFO	channelz/trace.go:200	[core] [Channel #2 SubChannel #25] Subchannel Connectivity change to READY	{"grpc_log": true}
2026-01-14T19:12:07.458+0700	INFO	grpclog/prefix_logger.go:42	[pick-first-leaf-lb] [pick-first-leaf-lb 0xc000792090] SubConn 0xc000280140 reported connectivity state READY and the health listener is disabled. Transitioning SubConn to READY.	{"grpc_log": true}
2026-01-14T19:12:07.458+0700	INFO	channelz/trace.go:200	[core] [Channel #2] Channel Connectivity change to READY	{"grpc_log": true}
2026-01-14T19:12:07.458+0700	INFO	channelz/trace.go:200	[core] [Channel #9] Resolver state updated: {
  "Addresses": [
    {
      "Addr": "127.0.0.1:4317",
      "ServerName": "",
      "Attributes": null,
      "BalancerAttributes": null,
      "Metadata": null
    }
  ],
  "Endpoints": [
    {
      "Addresses": [
        {
          "Addr": "127.0.0.1:4317",
          "ServerName": "",
          "Attributes": null,
          "BalancerAttributes": null,
          "Metadata": null
        }
      ],
      "Attributes": null
    }
  ],
  "ServiceConfig": null,
  "Attributes": null
} (resolver returned new addresses)	{"grpc_log": true}
2026-01-14T19:12:07.459+0700	INFO	channelz/trace.go:200	[core] [Channel #9] Channel switches to new LB policy "pick_first"	{"grpc_log": true}
2026-01-14T19:12:07.459+0700	INFO	grpclog/prefix_logger.go:42	[pick-first-leaf-lb] [pick-first-leaf-lb 0xc0003321b0] Received new config {
  "shuffleAddressList": false
}, resolver state {
  "Addresses": [
    {
      "Addr": "127.0.0.1:4317",
      "ServerName": "",
      "Attributes": null,
      "BalancerAttributes": null,
      "Metadata": null
    }
  ],
  "Endpoints": [
    {
      "Addresses": [
        {
          "Addr": "127.0.0.1:4317",
          "ServerName": "",
          "Attributes": null,
          "BalancerAttributes": null,
          "Metadata": null
        }
      ],
      "Attributes": null
    }
  ],
  "ServiceConfig": null,
  "Attributes": null
}	{"grpc_log": true}
2026-01-14T19:12:07.459+0700	INFO	channelz/trace.go:200	[core] [Channel #9] Channel Connectivity change to CONNECTING	{"grpc_log": true}
2026-01-14T19:12:07.459+0700	INFO	channelz/trace.go:200	[core] [Channel #9 SubChannel #27] Subchannel created	{"grpc_log": true}
2026-01-14T19:12:07.460+0700	INFO	channelz/trace.go:200	[core] [Channel #9 SubChannel #27] Subchannel Connectivity change to CONNECTING	{"grpc_log": true}
2026-01-14T19:12:07.460+0700	INFO	channelz/trace.go:200	[core] [Channel #9 SubChannel #27] Subchannel picks a new address "127.0.0.1:4317" to connect	{"grpc_log": true}
2026-01-14T19:12:07.460+0700	INFO	channelz/trace.go:200	[core] [Channel #9 SubChannel #27] Subchannel Connectivity change to READY	{"grpc_log": true}
2026-01-14T19:12:07.461+0700	INFO	grpclog/prefix_logger.go:42	[pick-first-leaf-lb] [pick-first-leaf-lb 0xc0003321b0] SubConn 0xc0004a20f0 reported connectivity state READY and the health listener is disabled. Transitioning SubConn to READY.	{"grpc_log": true}
2026-01-14T19:12:07.462+0700	INFO	channelz/trace.go:200	[core] [Channel #9] Channel Connectivity change to READY	{"grpc_log": true}
2026-01-14T19:12:07.830+0700	INFO	channelz/trace.go:200	[core] [Channel #8] Resolver state updated: {
  "Addresses": [
    {
      "Addr": "127.0.0.1:4317",
      "ServerName": "",
      "Attributes": null,
      "BalancerAttributes": null,
      "Metadata": null
    }
  ],
  "Endpoints": [
    {
      "Addresses": [
        {
          "Addr": "127.0.0.1:4317",
          "ServerName": "",
          "Attributes": null,
          "BalancerAttributes": null,
          "Metadata": null
        }
      ],
      "Attributes": null
    }
  ],
  "ServiceConfig": null,
  "Attributes": null
} (resolver returned new addresses)	{"grpc_log": true}
2026-01-14T19:12:07.830+0700	INFO	channelz/trace.go:200	[core] [Channel #8] Channel switches to new LB policy "pick_first"	{"grpc_log": true}
2026-01-14T19:12:07.830+0700	INFO	grpclog/prefix_logger.go:42	[pick-first-leaf-lb] [pick-first-leaf-lb 0xc000792120] Received new config {
  "shuffleAddressList": false
}, resolver state {
  "Addresses": [
    {
      "Addr": "127.0.0.1:4317",
      "ServerName": "",
      "Attributes": null,
      "BalancerAttributes": null,
      "Metadata": null
    }
  ],
  "Endpoints": [
    {
      "Addresses": [
        {
          "Addr": "127.0.0.1:4317",
          "ServerName": "",
          "Attributes": null,
          "BalancerAttributes": null,
          "Metadata": null
        }
      ],
      "Attributes": null
    }
  ],
  "ServiceConfig": null,
  "Attributes": null
}	{"grpc_log": true}
2026-01-14T19:12:07.831+0700	INFO	channelz/trace.go:200	[core] [Channel #8] Channel Connectivity change to CONNECTING	{"grpc_log": true}
2026-01-14T19:12:07.831+0700	INFO	channelz/trace.go:200	[core] [Channel #8 SubChannel #29] Subchannel created	{"grpc_log": true}
2026-01-14T19:12:07.831+0700	INFO	channelz/trace.go:200	[core] [Channel #8 SubChannel #29] Subchannel Connectivity change to CONNECTING	{"grpc_log": true}
2026-01-14T19:12:07.831+0700	INFO	channelz/trace.go:200	[core] [Channel #8 SubChannel #29] Subchannel picks a new address "127.0.0.1:4317" to connect	{"grpc_log": true}
2026-01-14T19:12:07.833+0700	INFO	channelz/trace.go:200	[core] [Channel #8 SubChannel #29] Subchannel Connectivity change to READY	{"grpc_log": true}
2026-01-14T19:12:07.833+0700	INFO	grpclog/prefix_logger.go:42	[pick-first-leaf-lb] [pick-first-leaf-lb 0xc000792120] SubConn 0xc000430370 reported connectivity state READY and the health listener is disabled. Transitioning SubConn to READY.	{"grpc_log": true}
2026-01-14T19:12:07.833+0700	INFO	channelz/trace.go:200	[core] [Channel #8] Channel Connectivity change to READY	{"grpc_log": true}
2026-01-14T19:13:07.100+0700	INFO	metrics/worker.go:233	metrics generated	{"worker": 4, "metrics": 165021}
2026-01-14T19:13:07.100+0700	INFO	metrics/worker.go:233	metrics generated	{"worker": 2, "metrics": 164924}
2026-01-14T19:13:07.100+0700	INFO	metrics/worker.go:233	metrics generated	{"worker": 0, "metrics": 164715}
2026-01-14T19:13:07.100+0700	INFO	metrics/worker.go:233	metrics generated	{"worker": 5, "metrics": 164523}
2026-01-14T19:13:07.100+0700	INFO	metrics/worker.go:233	metrics generated	{"worker": 9, "metrics": 164304}
2026-01-14T19:13:07.101+0700	INFO	metrics/worker.go:233	metrics generated	{"worker": 6, "metrics": 164573}
2026-01-14T19:13:07.101+0700	INFO	metrics/worker.go:233	metrics generated	{"worker": 8, "metrics": 164272}
2026-01-14T19:13:07.101+0700	INFO	metrics/worker.go:233	metrics generated	{"worker": 3, "metrics": 165761}
2026-01-14T19:13:07.101+0700	INFO	metrics/worker.go:233	metrics generated	{"worker": 1, "metrics": 164354}
2026-01-14T19:13:07.101+0700	INFO	metrics/worker.go:233	metrics generated	{"worker": 7, "metrics": 163143}
2026-01-14T19:13:07.101+0700	INFO	metrics/metrics.go:97	stopping the exporter	{"worker": 9}
2026-01-14T19:13:07.101+0700	INFO	channelz/trace.go:200	[core] [Channel #10] Channel Connectivity change to SHUTDOWN	{"grpc_log": true}
2026-01-14T19:13:07.101+0700	INFO	channelz/trace.go:200	[core] [Channel #10] Closing the name resolver	{"grpc_log": true}
2026-01-14T19:13:07.101+0700	INFO	channelz/trace.go:200	[core] [Channel #10] ccBalancerWrapper: closing	{"grpc_log": true}
2026-01-14T19:13:07.101+0700	INFO	channelz/trace.go:200	[core] [Channel #10 SubChannel #19] Subchannel Connectivity change to SHUTDOWN	{"grpc_log": true}
2026-01-14T19:13:07.101+0700	INFO	channelz/trace.go:200	[core] [Channel #10 SubChannel #19] Subchannel deleted	{"grpc_log": true}
2026-01-14T19:13:07.101+0700	INFO	grpclog/prefix_logger.go:42	[transport] [client-transport 0xc0004b38c8] Closing: rpc error: code = Canceled desc = grpc: the client connection is closing	{"grpc_log": true}
2026-01-14T19:13:07.101+0700	INFO	grpclog/prefix_logger.go:42	[transport] [client-transport 0xc0004b38c8] loopyWriter exiting with error: rpc error: code = Canceled desc = grpc: the client connection is closing	{"grpc_log": true}
2026-01-14T19:13:07.102+0700	INFO	channelz/trace.go:200	[core] [Channel #10] Channel deleted	{"grpc_log": true}
2026-01-14T19:13:07.102+0700	INFO	metrics/metrics.go:97	stopping the exporter	{"worker": 8}
2026-01-14T19:13:07.102+0700	INFO	channelz/trace.go:200	[core] [Channel #9] Channel Connectivity change to SHUTDOWN	{"grpc_log": true}
2026-01-14T19:13:07.102+0700	INFO	channelz/trace.go:200	[core] [Channel #9] Closing the name resolver	{"grpc_log": true}
2026-01-14T19:13:07.102+0700	INFO	channelz/trace.go:200	[core] [Channel #9] ccBalancerWrapper: closing	{"grpc_log": true}
2026-01-14T19:13:07.102+0700	INFO	channelz/trace.go:200	[core] [Channel #9 SubChannel #27] Subchannel Connectivity change to SHUTDOWN	{"grpc_log": true}
2026-01-14T19:13:07.102+0700	INFO	channelz/trace.go:200	[core] [Channel #9 SubChannel #27] Subchannel deleted	{"grpc_log": true}
2026-01-14T19:13:07.102+0700	INFO	grpclog/prefix_logger.go:42	[transport] [client-transport 0xc0001a0d88] Closing: rpc error: code = Canceled desc = grpc: the client connection is closing	{"grpc_log": true}
2026-01-14T19:13:07.102+0700	INFO	grpclog/prefix_logger.go:42	[transport] [client-transport 0xc0001a0d88] loopyWriter exiting with error: rpc error: code = Canceled desc = grpc: the client connection is closing	{"grpc_log": true}
2026-01-14T19:13:07.102+0700	INFO	channelz/trace.go:200	[core] [Channel #9] Channel deleted	{"grpc_log": true}
2026-01-14T19:13:07.102+0700	INFO	metrics/metrics.go:97	stopping the exporter	{"worker": 7}
2026-01-14T19:13:07.102+0700	INFO	channelz/trace.go:200	[core] [Channel #8] Channel Connectivity change to SHUTDOWN	{"grpc_log": true}
2026-01-14T19:13:07.102+0700	INFO	channelz/trace.go:200	[core] [Channel #8] Closing the name resolver	{"grpc_log": true}
2026-01-14T19:13:07.102+0700	INFO	channelz/trace.go:200	[core] [Channel #8] ccBalancerWrapper: closing	{"grpc_log": true}
2026-01-14T19:13:07.102+0700	INFO	channelz/trace.go:200	[core] [Channel #8 SubChannel #29] Subchannel Connectivity change to SHUTDOWN	{"grpc_log": true}
2026-01-14T19:13:07.102+0700	INFO	channelz/trace.go:200	[core] [Channel #8 SubChannel #29] Subchannel deleted	{"grpc_log": true}
2026-01-14T19:13:07.102+0700	INFO	grpclog/prefix_logger.go:42	[transport] [client-transport 0xc0001a0fc8] Closing: rpc error: code = Canceled desc = grpc: the client connection is closing	{"grpc_log": true}
2026-01-14T19:13:07.102+0700	INFO	grpclog/prefix_logger.go:42	[transport] [client-transport 0xc0001a0fc8] loopyWriter exiting with error: rpc error: code = Canceled desc = grpc: the client connection is closing	{"grpc_log": true}
2026-01-14T19:13:07.102+0700	INFO	channelz/trace.go:200	[core] [Channel #8] Channel deleted	{"grpc_log": true}
2026-01-14T19:13:07.102+0700	INFO	metrics/metrics.go:97	stopping the exporter	{"worker": 6}
2026-01-14T19:13:07.103+0700	INFO	channelz/trace.go:200	[core] [Channel #7] Channel Connectivity change to SHUTDOWN	{"grpc_log": true}
2026-01-14T19:13:07.103+0700	INFO	channelz/trace.go:200	[core] [Channel #7] Closing the name resolver	{"grpc_log": true}
2026-01-14T19:13:07.103+0700	INFO	channelz/trace.go:200	[core] [Channel #7] ccBalancerWrapper: closing	{"grpc_log": true}
2026-01-14T19:13:07.103+0700	INFO	channelz/trace.go:200	[core] [Channel #7 SubChannel #23] Subchannel Connectivity change to SHUTDOWN	{"grpc_log": true}
2026-01-14T19:13:07.103+0700	INFO	channelz/trace.go:200	[core] [Channel #7 SubChannel #23] Subchannel deleted	{"grpc_log": true}
2026-01-14T19:13:07.103+0700	INFO	grpclog/prefix_logger.go:42	[transport] [client-transport 0xc0004b3d48] Closing: rpc error: code = Canceled desc = grpc: the client connection is closing	{"grpc_log": true}
2026-01-14T19:13:07.103+0700	INFO	grpclog/prefix_logger.go:42	[transport] [client-transport 0xc0004b3d48] loopyWriter exiting with error: rpc error: code = Canceled desc = grpc: the client connection is closing	{"grpc_log": true}
2026-01-14T19:13:07.103+0700	INFO	channelz/trace.go:200	[core] [Channel #7] Channel deleted	{"grpc_log": true}
2026-01-14T19:13:07.103+0700	INFO	metrics/metrics.go:97	stopping the exporter	{"worker": 5}
2026-01-14T19:13:07.103+0700	INFO	channelz/trace.go:200	[core] [Channel #6] Channel Connectivity change to SHUTDOWN	{"grpc_log": true}
2026-01-14T19:13:07.103+0700	INFO	channelz/trace.go:200	[core] [Channel #6] Closing the name resolver	{"grpc_log": true}
2026-01-14T19:13:07.103+0700	INFO	channelz/trace.go:200	[core] [Channel #6] ccBalancerWrapper: closing	{"grpc_log": true}
2026-01-14T19:13:07.103+0700	INFO	channelz/trace.go:200	[core] [Channel #6 SubChannel #17] Subchannel Connectivity change to SHUTDOWN	{"grpc_log": true}
2026-01-14T19:13:07.103+0700	INFO	channelz/trace.go:200	[core] [Channel #6 SubChannel #17] Subchannel deleted	{"grpc_log": true}
2026-01-14T19:13:07.103+0700	INFO	grpclog/prefix_logger.go:42	[transport] [client-transport 0xc0004b3688] Closing: rpc error: code = Canceled desc = grpc: the client connection is closing	{"grpc_log": true}
2026-01-14T19:13:07.103+0700	INFO	grpclog/prefix_logger.go:42	[transport] [client-transport 0xc0004b3688] loopyWriter exiting with error: rpc error: code = Canceled desc = grpc: the client connection is closing	{"grpc_log": true}
2026-01-14T19:13:07.103+0700	INFO	channelz/trace.go:200	[core] [Channel #6] Channel deleted	{"grpc_log": true}
2026-01-14T19:13:07.103+0700	INFO	metrics/metrics.go:97	stopping the exporter	{"worker": 4}
2026-01-14T19:13:07.103+0700	INFO	channelz/trace.go:200	[core] [Channel #5] Channel Connectivity change to SHUTDOWN	{"grpc_log": true}
2026-01-14T19:13:07.103+0700	INFO	channelz/trace.go:200	[core] [Channel #5] Closing the name resolver	{"grpc_log": true}
2026-01-14T19:13:07.103+0700	INFO	channelz/trace.go:200	[core] [Channel #5] ccBalancerWrapper: closing	{"grpc_log": true}
2026-01-14T19:13:07.103+0700	INFO	channelz/trace.go:200	[core] [Channel #5 SubChannel #21] Subchannel Connectivity change to SHUTDOWN	{"grpc_log": true}
2026-01-14T19:13:07.103+0700	INFO	channelz/trace.go:200	[core] [Channel #5 SubChannel #21] Subchannel deleted	{"grpc_log": true}
2026-01-14T19:13:07.103+0700	INFO	grpclog/prefix_logger.go:42	[transport] [client-transport 0xc0004b3b08] Closing: rpc error: code = Canceled desc = grpc: the client connection is closing	{"grpc_log": true}
2026-01-14T19:13:07.103+0700	INFO	grpclog/prefix_logger.go:42	[transport] [client-transport 0xc0004b3b08] loopyWriter exiting with error: rpc error: code = Canceled desc = grpc: the client connection is closing	{"grpc_log": true}
2026-01-14T19:13:07.103+0700	INFO	channelz/trace.go:200	[core] [Channel #5] Channel deleted	{"grpc_log": true}
2026-01-14T19:13:07.103+0700	INFO	metrics/metrics.go:97	stopping the exporter	{"worker": 3}
2026-01-14T19:13:07.103+0700	INFO	channelz/trace.go:200	[core] [Channel #4] Channel Connectivity change to SHUTDOWN	{"grpc_log": true}
2026-01-14T19:13:07.103+0700	INFO	channelz/trace.go:200	[core] [Channel #4] Closing the name resolver	{"grpc_log": true}
2026-01-14T19:13:07.103+0700	INFO	channelz/trace.go:200	[core] [Channel #4] ccBalancerWrapper: closing	{"grpc_log": true}
2026-01-14T19:13:07.104+0700	INFO	channelz/trace.go:200	[core] [Channel #4 SubChannel #11] Subchannel Connectivity change to SHUTDOWN	{"grpc_log": true}
2026-01-14T19:13:07.104+0700	INFO	channelz/trace.go:200	[core] [Channel #4 SubChannel #11] Subchannel deleted	{"grpc_log": true}
2026-01-14T19:13:07.104+0700	INFO	grpclog/prefix_logger.go:42	[transport] [client-transport 0xc0001a0b48] Closing: rpc error: code = Canceled desc = grpc: the client connection is closing	{"grpc_log": true}
2026-01-14T19:13:07.104+0700	INFO	grpclog/prefix_logger.go:42	[transport] [client-transport 0xc0001a0b48] loopyWriter exiting with error: rpc error: code = Canceled desc = grpc: the client connection is closing	{"grpc_log": true}
2026-01-14T19:13:07.104+0700	INFO	channelz/trace.go:200	[core] [Channel #4] Channel deleted	{"grpc_log": true}
2026-01-14T19:13:07.104+0700	INFO	metrics/metrics.go:97	stopping the exporter	{"worker": 2}
2026-01-14T19:13:07.104+0700	INFO	channelz/trace.go:200	[core] [Channel #3] Channel Connectivity change to SHUTDOWN	{"grpc_log": true}
2026-01-14T19:13:07.104+0700	INFO	channelz/trace.go:200	[core] [Channel #3] Closing the name resolver	{"grpc_log": true}
2026-01-14T19:13:07.104+0700	INFO	channelz/trace.go:200	[core] [Channel #3] ccBalancerWrapper: closing	{"grpc_log": true}
2026-01-14T19:13:07.104+0700	INFO	channelz/trace.go:200	[core] [Channel #3 SubChannel #13] Subchannel Connectivity change to SHUTDOWN	{"grpc_log": true}
2026-01-14T19:13:07.104+0700	INFO	channelz/trace.go:200	[core] [Channel #3 SubChannel #13] Subchannel deleted	{"grpc_log": true}
2026-01-14T19:13:07.104+0700	INFO	grpclog/prefix_logger.go:42	[transport] [client-transport 0xc0001a0008] Closing: rpc error: code = Canceled desc = grpc: the client connection is closing	{"grpc_log": true}
2026-01-14T19:13:07.104+0700	INFO	grpclog/prefix_logger.go:42	[transport] [client-transport 0xc0001a0008] loopyWriter exiting with error: rpc error: code = Canceled desc = grpc: the client connection is closing	{"grpc_log": true}
2026-01-14T19:13:07.104+0700	INFO	channelz/trace.go:200	[core] [Channel #3] Channel deleted	{"grpc_log": true}
2026-01-14T19:13:07.104+0700	INFO	metrics/metrics.go:97	stopping the exporter	{"worker": 1}
2026-01-14T19:13:07.104+0700	INFO	channelz/trace.go:200	[core] [Channel #2] Channel Connectivity change to SHUTDOWN	{"grpc_log": true}
2026-01-14T19:13:07.104+0700	INFO	channelz/trace.go:200	[core] [Channel #2] Closing the name resolver	{"grpc_log": true}
2026-01-14T19:13:07.104+0700	INFO	channelz/trace.go:200	[core] [Channel #2] ccBalancerWrapper: closing	{"grpc_log": true}
2026-01-14T19:13:07.104+0700	INFO	channelz/trace.go:200	[core] [Channel #2 SubChannel #25] Subchannel Connectivity change to SHUTDOWN	{"grpc_log": true}
2026-01-14T19:13:07.104+0700	INFO	channelz/trace.go:200	[core] [Channel #2 SubChannel #25] Subchannel deleted	{"grpc_log": true}
2026-01-14T19:13:07.104+0700	INFO	grpclog/prefix_logger.go:42	[transport] [client-transport 0xc0001a0248] Closing: rpc error: code = Canceled desc = grpc: the client connection is closing	{"grpc_log": true}
2026-01-14T19:13:07.104+0700	INFO	grpclog/prefix_logger.go:42	[transport] [client-transport 0xc0001a0248] loopyWriter exiting with error: rpc error: code = Canceled desc = grpc: the client connection is closing	{"grpc_log": true}
2026-01-14T19:13:07.104+0700	INFO	channelz/trace.go:200	[core] [Channel #2] Channel deleted	{"grpc_log": true}
2026-01-14T19:13:07.104+0700	INFO	metrics/metrics.go:97	stopping the exporter	{"worker": 0}
2026-01-14T19:13:07.104+0700	INFO	channelz/trace.go:200	[core] [Channel #1] Channel Connectivity change to SHUTDOWN	{"grpc_log": true}
2026-01-14T19:13:07.104+0700	INFO	channelz/trace.go:200	[core] [Channel #1] Closing the name resolver	{"grpc_log": true}
2026-01-14T19:13:07.104+0700	INFO	channelz/trace.go:200	[core] [Channel #1] ccBalancerWrapper: closing	{"grpc_log": true}
2026-01-14T19:13:07.104+0700	INFO	channelz/trace.go:200	[core] [Channel #1 SubChannel #15] Subchannel Connectivity change to SHUTDOWN	{"grpc_log": true}
2026-01-14T19:13:07.104+0700	INFO	channelz/trace.go:200	[core] [Channel #1 SubChannel #15] Subchannel deleted	{"grpc_log": true}
2026-01-14T19:13:07.104+0700	INFO	grpclog/prefix_logger.go:42	[transport] [client-transport 0xc0004b3448] Closing: rpc error: code = Canceled desc = grpc: the client connection is closing	{"grpc_log": true}
2026-01-14T19:13:07.105+0700	INFO	grpclog/prefix_logger.go:42	[transport] [client-transport 0xc0004b3448] loopyWriter exiting with error: rpc error: code = Canceled desc = grpc: the client connection is closing	{"grpc_log": true}
2026-01-14T19:13:07.105+0700	INFO	channelz/trace.go:200	[core] [Channel #1] Channel deleted	{"grpc_log": true}
