2026-01-14T19:08:51.863+0700	INFO	metrics/metrics.go:34	starting the metrics generator with configuration	{"config": {"WorkerCount":10,"Rate":20000,"TotalDuration":60000000000,"ReportingInterval":1000000000,"SkipSettingGRPCLogger":false,"CustomEndpoint":"localhost:4317","Insecure":true,"InsecureSkipVerify":false,"UseHTTP":false,"HTTPPath":"/v1/metrics","Headers":{},"ResourceAttributes":{},"ServiceName":"telemetrygen","TelemetryAttributes":{},"CaFile":"","ClientAuth":{"Enabled":false,"ClientCertFile":"","ClientKeyFile":""},"AllowExportFailures":false,"LoadSize":0,"NumMetrics":1,"MetricName":"gen","MetricType":"Gauge","AggregationTemporality":1,"SpanID":"","TraceID":"","EnforceUniqueTimeseries":false,"UniqueTimelimit":1000000000}}
2026-01-14T19:08:51.863+0700	INFO	metrics/metrics.go:58	generation of metrics is limited	{"per-second": 20000}
2026-01-14T19:08:51.863+0700	INFO	metrics/metrics.go:139	starting gRPC exporter
2026-01-14T19:08:51.863+0700	INFO	grpclog/component.go:69	[core] original dial target is: "localhost:4317"	{"grpc_log": true}
2026-01-14T19:08:51.863+0700	INFO	channelz/trace.go:200	[core] [Channel #1] Channel created for target "localhost:4317"	{"grpc_log": true}
2026-01-14T19:08:51.863+0700	INFO	channelz/trace.go:200	[core] [Channel #1] parsed dial target is: resolver.Target{URL:url.URL{Scheme:"dns", Opaque:"", User:(*url.Userinfo)(nil), Host:"", Path:"/localhost:4317", RawPath:"", OmitHost:false, ForceQuery:false, RawQuery:"", Fragment:"", RawFragment:""}}	{"grpc_log": true}
2026-01-14T19:08:51.863+0700	INFO	channelz/trace.go:200	[core] [Channel #1] Channel authority set to "localhost:4317"	{"grpc_log": true}
2026-01-14T19:08:51.863+0700	INFO	metrics/metrics.go:139	starting gRPC exporter
2026-01-14T19:08:51.863+0700	INFO	grpclog/component.go:69	[core] original dial target is: "localhost:4317"	{"grpc_log": true}
2026-01-14T19:08:51.863+0700	INFO	channelz/trace.go:200	[core] [Channel #2] Channel created for target "localhost:4317"	{"grpc_log": true}
2026-01-14T19:08:51.863+0700	INFO	channelz/trace.go:200	[core] [Channel #2] parsed dial target is: resolver.Target{URL:url.URL{Scheme:"dns", Opaque:"", User:(*url.Userinfo)(nil), Host:"", Path:"/localhost:4317", RawPath:"", OmitHost:false, ForceQuery:false, RawQuery:"", Fragment:"", RawFragment:""}}	{"grpc_log": true}
2026-01-14T19:08:51.863+0700	INFO	channelz/trace.go:200	[core] [Channel #2] Channel authority set to "localhost:4317"	{"grpc_log": true}
2026-01-14T19:08:51.863+0700	INFO	metrics/metrics.go:139	starting gRPC exporter
2026-01-14T19:08:51.864+0700	INFO	grpclog/component.go:69	[core] original dial target is: "localhost:4317"	{"grpc_log": true}
2026-01-14T19:08:51.864+0700	INFO	channelz/trace.go:200	[core] [Channel #3] Channel created for target "localhost:4317"	{"grpc_log": true}
2026-01-14T19:08:51.864+0700	INFO	channelz/trace.go:200	[core] [Channel #2] Channel exiting idle mode	{"grpc_log": true}
2026-01-14T19:08:51.863+0700	INFO	channelz/trace.go:200	[core] [Channel #1] Channel exiting idle mode	{"grpc_log": true}
2026-01-14T19:08:51.864+0700	INFO	channelz/trace.go:200	[core] [Channel #3] parsed dial target is: resolver.Target{URL:url.URL{Scheme:"dns", Opaque:"", User:(*url.Userinfo)(nil), Host:"", Path:"/localhost:4317", RawPath:"", OmitHost:false, ForceQuery:false, RawQuery:"", Fragment:"", RawFragment:""}}	{"grpc_log": true}
2026-01-14T19:08:51.864+0700	INFO	channelz/trace.go:200	[core] [Channel #3] Channel authority set to "localhost:4317"	{"grpc_log": true}
2026-01-14T19:08:51.864+0700	INFO	metrics/metrics.go:139	starting gRPC exporter
2026-01-14T19:08:51.864+0700	INFO	grpclog/component.go:69	[core] original dial target is: "localhost:4317"	{"grpc_log": true}
2026-01-14T19:08:51.864+0700	INFO	channelz/trace.go:200	[core] [Channel #4] Channel created for target "localhost:4317"	{"grpc_log": true}
2026-01-14T19:08:51.864+0700	INFO	channelz/trace.go:200	[core] [Channel #4] parsed dial target is: resolver.Target{URL:url.URL{Scheme:"dns", Opaque:"", User:(*url.Userinfo)(nil), Host:"", Path:"/localhost:4317", RawPath:"", OmitHost:false, ForceQuery:false, RawQuery:"", Fragment:"", RawFragment:""}}	{"grpc_log": true}
2026-01-14T19:08:51.864+0700	INFO	channelz/trace.go:200	[core] [Channel #4] Channel authority set to "localhost:4317"	{"grpc_log": true}
2026-01-14T19:08:51.864+0700	INFO	channelz/trace.go:200	[core] [Channel #3] Channel exiting idle mode	{"grpc_log": true}
2026-01-14T19:08:51.864+0700	INFO	channelz/trace.go:200	[core] [Channel #4] Channel exiting idle mode	{"grpc_log": true}
2026-01-14T19:08:51.864+0700	INFO	metrics/metrics.go:139	starting gRPC exporter
2026-01-14T19:08:51.864+0700	INFO	grpclog/component.go:69	[core] original dial target is: "localhost:4317"	{"grpc_log": true}
2026-01-14T19:08:51.864+0700	INFO	channelz/trace.go:200	[core] [Channel #5] Channel created for target "localhost:4317"	{"grpc_log": true}
2026-01-14T19:08:51.865+0700	INFO	channelz/trace.go:200	[core] [Channel #5] parsed dial target is: resolver.Target{URL:url.URL{Scheme:"dns", Opaque:"", User:(*url.Userinfo)(nil), Host:"", Path:"/localhost:4317", RawPath:"", OmitHost:false, ForceQuery:false, RawQuery:"", Fragment:"", RawFragment:""}}	{"grpc_log": true}
2026-01-14T19:08:51.865+0700	INFO	channelz/trace.go:200	[core] [Channel #5] Channel authority set to "localhost:4317"	{"grpc_log": true}
2026-01-14T19:08:51.865+0700	INFO	metrics/metrics.go:139	starting gRPC exporter
2026-01-14T19:08:51.865+0700	INFO	grpclog/component.go:69	[core] original dial target is: "localhost:4317"	{"grpc_log": true}
2026-01-14T19:08:51.865+0700	INFO	channelz/trace.go:200	[core] [Channel #6] Channel created for target "localhost:4317"	{"grpc_log": true}
2026-01-14T19:08:51.865+0700	INFO	channelz/trace.go:200	[core] [Channel #6] parsed dial target is: resolver.Target{URL:url.URL{Scheme:"dns", Opaque:"", User:(*url.Userinfo)(nil), Host:"", Path:"/localhost:4317", RawPath:"", OmitHost:false, ForceQuery:false, RawQuery:"", Fragment:"", RawFragment:""}}	{"grpc_log": true}
2026-01-14T19:08:51.865+0700	INFO	channelz/trace.go:200	[core] [Channel #5] Channel exiting idle mode	{"grpc_log": true}
2026-01-14T19:08:51.865+0700	INFO	channelz/trace.go:200	[core] [Channel #6] Channel authority set to "localhost:4317"	{"grpc_log": true}
2026-01-14T19:08:51.865+0700	INFO	metrics/metrics.go:139	starting gRPC exporter
2026-01-14T19:08:51.865+0700	INFO	grpclog/component.go:69	[core] original dial target is: "localhost:4317"	{"grpc_log": true}
2026-01-14T19:08:51.865+0700	INFO	channelz/trace.go:200	[core] [Channel #7] Channel created for target "localhost:4317"	{"grpc_log": true}
2026-01-14T19:08:51.866+0700	INFO	channelz/trace.go:200	[core] [Channel #7] parsed dial target is: resolver.Target{URL:url.URL{Scheme:"dns", Opaque:"", User:(*url.Userinfo)(nil), Host:"", Path:"/localhost:4317", RawPath:"", OmitHost:false, ForceQuery:false, RawQuery:"", Fragment:"", RawFragment:""}}	{"grpc_log": true}
2026-01-14T19:08:51.866+0700	INFO	channelz/trace.go:200	[core] [Channel #7] Channel authority set to "localhost:4317"	{"grpc_log": true}
2026-01-14T19:08:51.866+0700	INFO	metrics/metrics.go:139	starting gRPC exporter
2026-01-14T19:08:51.866+0700	INFO	grpclog/component.go:69	[core] original dial target is: "localhost:4317"	{"grpc_log": true}
2026-01-14T19:08:51.866+0700	INFO	channelz/trace.go:200	[core] [Channel #8] Channel created for target "localhost:4317"	{"grpc_log": true}
2026-01-14T19:08:51.866+0700	INFO	channelz/trace.go:200	[core] [Channel #8] parsed dial target is: resolver.Target{URL:url.URL{Scheme:"dns", Opaque:"", User:(*url.Userinfo)(nil), Host:"", Path:"/localhost:4317", RawPath:"", OmitHost:false, ForceQuery:false, RawQuery:"", Fragment:"", RawFragment:""}}	{"grpc_log": true}
2026-01-14T19:08:51.866+0700	INFO	channelz/trace.go:200	[core] [Channel #8] Channel authority set to "localhost:4317"	{"grpc_log": true}
2026-01-14T19:08:51.866+0700	INFO	metrics/metrics.go:139	starting gRPC exporter
2026-01-14T19:08:51.866+0700	INFO	grpclog/component.go:69	[core] original dial target is: "localhost:4317"	{"grpc_log": true}
2026-01-14T19:08:51.866+0700	INFO	channelz/trace.go:200	[core] [Channel #9] Channel created for target "localhost:4317"	{"grpc_log": true}
2026-01-14T19:08:51.865+0700	INFO	channelz/trace.go:200	[core] [Channel #6] Channel exiting idle mode	{"grpc_log": true}
2026-01-14T19:08:51.866+0700	INFO	channelz/trace.go:200	[core] [Channel #8] Channel exiting idle mode	{"grpc_log": true}
2026-01-14T19:08:51.866+0700	INFO	channelz/trace.go:200	[core] [Channel #7] Channel exiting idle mode	{"grpc_log": true}
2026-01-14T19:08:51.867+0700	INFO	channelz/trace.go:200	[core] [Channel #9] parsed dial target is: resolver.Target{URL:url.URL{Scheme:"dns", Opaque:"", User:(*url.Userinfo)(nil), Host:"", Path:"/localhost:4317", RawPath:"", OmitHost:false, ForceQuery:false, RawQuery:"", Fragment:"", RawFragment:""}}	{"grpc_log": true}
2026-01-14T19:08:51.867+0700	INFO	channelz/trace.go:200	[core] [Channel #9] Channel authority set to "localhost:4317"	{"grpc_log": true}
2026-01-14T19:08:51.867+0700	INFO	metrics/metrics.go:139	starting gRPC exporter
2026-01-14T19:08:51.867+0700	INFO	grpclog/component.go:69	[core] original dial target is: "localhost:4317"	{"grpc_log": true}
2026-01-14T19:08:51.867+0700	INFO	channelz/trace.go:200	[core] [Channel #9] Channel exiting idle mode	{"grpc_log": true}
2026-01-14T19:08:51.867+0700	INFO	channelz/trace.go:200	[core] [Channel #10] Channel created for target "localhost:4317"	{"grpc_log": true}
2026-01-14T19:08:51.867+0700	INFO	channelz/trace.go:200	[core] [Channel #10] parsed dial target is: resolver.Target{URL:url.URL{Scheme:"dns", Opaque:"", User:(*url.Userinfo)(nil), Host:"", Path:"/localhost:4317", RawPath:"", OmitHost:false, ForceQuery:false, RawQuery:"", Fragment:"", RawFragment:""}}	{"grpc_log": true}
2026-01-14T19:08:51.868+0700	INFO	channelz/trace.go:200	[core] [Channel #10] Channel authority set to "localhost:4317"	{"grpc_log": true}
2026-01-14T19:08:51.868+0700	INFO	channelz/trace.go:200	[core] [Channel #10] Channel exiting idle mode	{"grpc_log": true}
2026-01-14T19:08:51.895+0700	INFO	channelz/trace.go:200	[core] [Channel #5] Resolver state updated: {
  "Addresses": [
    {
      "Addr": "127.0.0.1:4317",
      "ServerName": "",
      "Attributes": null,
      "BalancerAttributes": null,
      "Metadata": null
    }
  ],
  "Endpoints": [
    {
      "Addresses": [
        {
          "Addr": "127.0.0.1:4317",
          "ServerName": "",
          "Attributes": null,
          "BalancerAttributes": null,
          "Metadata": null
        }
      ],
      "Attributes": null
    }
  ],
  "ServiceConfig": null,
  "Attributes": null
} (resolver returned new addresses)	{"grpc_log": true}
2026-01-14T19:08:51.895+0700	INFO	channelz/trace.go:200	[core] [Channel #5] Channel switches to new LB policy "pick_first"	{"grpc_log": true}
2026-01-14T19:08:51.895+0700	INFO	grpclog/prefix_logger.go:42	[pick-first-leaf-lb] [pick-first-leaf-lb 0xc0003ae120] Received new config {
  "shuffleAddressList": false
}, resolver state {
  "Addresses": [
    {
      "Addr": "127.0.0.1:4317",
      "ServerName": "",
      "Attributes": null,
      "BalancerAttributes": null,
      "Metadata": null
    }
  ],
  "Endpoints": [
    {
      "Addresses": [
        {
          "Addr": "127.0.0.1:4317",
          "ServerName": "",
          "Attributes": null,
          "BalancerAttributes": null,
          "Metadata": null
        }
      ],
      "Attributes": null
    }
  ],
  "ServiceConfig": null,
  "Attributes": null
}	{"grpc_log": true}
2026-01-14T19:08:51.895+0700	INFO	channelz/trace.go:200	[core] [Channel #5] Channel Connectivity change to CONNECTING	{"grpc_log": true}
2026-01-14T19:08:51.895+0700	INFO	channelz/trace.go:200	[core] [Channel #5 SubChannel #11] Subchannel created	{"grpc_log": true}
2026-01-14T19:08:51.895+0700	INFO	channelz/trace.go:200	[core] [Channel #5 SubChannel #11] Subchannel Connectivity change to CONNECTING	{"grpc_log": true}
2026-01-14T19:08:51.896+0700	INFO	channelz/trace.go:200	[core] [Channel #5 SubChannel #11] Subchannel picks a new address "127.0.0.1:4317" to connect	{"grpc_log": true}
2026-01-14T19:08:51.896+0700	INFO	channelz/trace.go:200	[core] [Channel #5 SubChannel #11] Subchannel Connectivity change to READY	{"grpc_log": true}
2026-01-14T19:08:51.896+0700	INFO	grpclog/prefix_logger.go:42	[pick-first-leaf-lb] [pick-first-leaf-lb 0xc0003ae120] SubConn 0xc0003942d0 reported connectivity state READY and the health listener is disabled. Transitioning SubConn to READY.	{"grpc_log": true}
2026-01-14T19:08:51.897+0700	INFO	channelz/trace.go:200	[core] [Channel #5] Channel Connectivity change to READY	{"grpc_log": true}
2026-01-14T19:08:51.900+0700	INFO	channelz/trace.go:200	[core] [Channel #7] Resolver state updated: {
  "Addresses": [
    {
      "Addr": "127.0.0.1:4317",
      "ServerName": "",
      "Attributes": null,
      "BalancerAttributes": null,
      "Metadata": null
    }
  ],
  "Endpoints": [
    {
      "Addresses": [
        {
          "Addr": "127.0.0.1:4317",
          "ServerName": "",
          "Attributes": null,
          "BalancerAttributes": null,
          "Metadata": null
        }
      ],
      "Attributes": null
    }
  ],
  "ServiceConfig": null,
  "Attributes": null
} (resolver returned new addresses)	{"grpc_log": true}
2026-01-14T19:08:51.900+0700	INFO	channelz/trace.go:200	[core] [Channel #7] Channel switches to new LB policy "pick_first"	{"grpc_log": true}
2026-01-14T19:08:51.900+0700	INFO	grpclog/prefix_logger.go:42	[pick-first-leaf-lb] [pick-first-leaf-lb 0xc00024e510] Received new config {
  "shuffleAddressList": false
}, resolver state {
  "Addresses": [
    {
      "Addr": "127.0.0.1:4317",
      "ServerName": "",
      "Attributes": null,
      "BalancerAttributes": null,
      "Metadata": null
    }
  ],
  "Endpoints": [
    {
      "Addresses": [
        {
          "Addr": "127.0.0.1:4317",
          "ServerName": "",
          "Attributes": null,
          "BalancerAttributes": null,
          "Metadata": null
        }
      ],
      "Attributes": null
    }
  ],
  "ServiceConfig": null,
  "Attributes": null
}	{"grpc_log": true}
2026-01-14T19:08:51.900+0700	INFO	channelz/trace.go:200	[core] [Channel #7] Channel Connectivity change to CONNECTING	{"grpc_log": true}
2026-01-14T19:08:51.900+0700	INFO	channelz/trace.go:200	[core] [Channel #7 SubChannel #13] Subchannel created	{"grpc_log": true}
2026-01-14T19:08:51.900+0700	INFO	channelz/trace.go:200	[core] [Channel #7 SubChannel #13] Subchannel Connectivity change to CONNECTING	{"grpc_log": true}
2026-01-14T19:08:51.901+0700	INFO	channelz/trace.go:200	[core] [Channel #7 SubChannel #13] Subchannel picks a new address "127.0.0.1:4317" to connect	{"grpc_log": true}
2026-01-14T19:08:51.901+0700	INFO	channelz/trace.go:200	[core] [Channel #7 SubChannel #13] Subchannel Connectivity change to READY	{"grpc_log": true}
2026-01-14T19:08:51.901+0700	INFO	grpclog/prefix_logger.go:42	[pick-first-leaf-lb] [pick-first-leaf-lb 0xc00024e510] SubConn 0xc00018f950 reported connectivity state READY and the health listener is disabled. Transitioning SubConn to READY.	{"grpc_log": true}
2026-01-14T19:08:51.901+0700	INFO	channelz/trace.go:200	[core] [Channel #7] Channel Connectivity change to READY	{"grpc_log": true}
2026-01-14T19:08:52.037+0700	INFO	channelz/trace.go:200	[core] [Channel #1] Resolver state updated: {
  "Addresses": [
    {
      "Addr": "127.0.0.1:4317",
      "ServerName": "",
      "Attributes": null,
      "BalancerAttributes": null,
      "Metadata": null
    }
  ],
  "Endpoints": [
    {
      "Addresses": [
        {
          "Addr": "127.0.0.1:4317",
          "ServerName": "",
          "Attributes": null,
          "BalancerAttributes": null,
          "Metadata": null
        }
      ],
      "Attributes": null
    }
  ],
  "ServiceConfig": null,
  "Attributes": null
} (resolver returned new addresses)	{"grpc_log": true}
2026-01-14T19:08:52.037+0700	INFO	channelz/trace.go:200	[core] [Channel #1] Channel switches to new LB policy "pick_first"	{"grpc_log": true}
2026-01-14T19:08:52.038+0700	INFO	grpclog/prefix_logger.go:42	[pick-first-leaf-lb] [pick-first-leaf-lb 0xc00024e3f0] Received new config {
  "shuffleAddressList": false
}, resolver state {
  "Addresses": [
    {
      "Addr": "127.0.0.1:4317",
      "ServerName": "",
      "Attributes": null,
      "BalancerAttributes": null,
      "Metadata": null
    }
  ],
  "Endpoints": [
    {
      "Addresses": [
        {
          "Addr": "127.0.0.1:4317",
          "ServerName": "",
          "Attributes": null,
          "BalancerAttributes": null,
          "Metadata": null
        }
      ],
      "Attributes": null
    }
  ],
  "ServiceConfig": null,
  "Attributes": null
}	{"grpc_log": true}
2026-01-14T19:08:52.038+0700	INFO	channelz/trace.go:200	[core] [Channel #1] Channel Connectivity change to CONNECTING	{"grpc_log": true}
2026-01-14T19:08:52.038+0700	INFO	channelz/trace.go:200	[core] [Channel #1 SubChannel #15] Subchannel created	{"grpc_log": true}
2026-01-14T19:08:52.038+0700	INFO	channelz/trace.go:200	[core] [Channel #1 SubChannel #15] Subchannel Connectivity change to CONNECTING	{"grpc_log": true}
2026-01-14T19:08:52.038+0700	INFO	channelz/trace.go:200	[core] [Channel #1 SubChannel #15] Subchannel picks a new address "127.0.0.1:4317" to connect	{"grpc_log": true}
2026-01-14T19:08:52.038+0700	INFO	channelz/trace.go:200	[core] [Channel #1 SubChannel #15] Subchannel Connectivity change to READY	{"grpc_log": true}
2026-01-14T19:08:52.038+0700	INFO	grpclog/prefix_logger.go:42	[pick-first-leaf-lb] [pick-first-leaf-lb 0xc00024e3f0] SubConn 0xc00060e190 reported connectivity state READY and the health listener is disabled. Transitioning SubConn to READY.	{"grpc_log": true}
2026-01-14T19:08:52.038+0700	INFO	channelz/trace.go:200	[core] [Channel #1] Channel Connectivity change to READY	{"grpc_log": true}
2026-01-14T19:08:52.045+0700	INFO	channelz/trace.go:200	[core] [Channel #10] Resolver state updated: {
  "Addresses": [
    {
      "Addr": "127.0.0.1:4317",
      "ServerName": "",
      "Attributes": null,
      "BalancerAttributes": null,
      "Metadata": null
    }
  ],
  "Endpoints": [
    {
      "Addresses": [
        {
          "Addr": "127.0.0.1:4317",
          "ServerName": "",
          "Attributes": null,
          "BalancerAttributes": null,
          "Metadata": null
        }
      ],
      "Attributes": null
    }
  ],
  "ServiceConfig": null,
  "Attributes": null
} (resolver returned new addresses)	{"grpc_log": true}
2026-01-14T19:08:52.045+0700	INFO	channelz/trace.go:200	[core] [Channel #10] Channel switches to new LB policy "pick_first"	{"grpc_log": true}
2026-01-14T19:08:52.045+0700	INFO	grpclog/prefix_logger.go:42	[pick-first-leaf-lb] [pick-first-leaf-lb 0xc00033a3f0] Received new config {
  "shuffleAddressList": false
}, resolver state {
  "Addresses": [
    {
      "Addr": "127.0.0.1:4317",
      "ServerName": "",
      "Attributes": null,
      "BalancerAttributes": null,
      "Metadata": null
    }
  ],
  "Endpoints": [
    {
      "Addresses": [
        {
          "Addr": "127.0.0.1:4317",
          "ServerName": "",
          "Attributes": null,
          "BalancerAttributes": null,
          "Metadata": null
        }
      ],
      "Attributes": null
    }
  ],
  "ServiceConfig": null,
  "Attributes": null
}	{"grpc_log": true}
2026-01-14T19:08:52.045+0700	INFO	channelz/trace.go:200	[core] [Channel #10] Channel Connectivity change to CONNECTING	{"grpc_log": true}
2026-01-14T19:08:52.045+0700	INFO	channelz/trace.go:200	[core] [Channel #10 SubChannel #17] Subchannel created	{"grpc_log": true}
2026-01-14T19:08:52.045+0700	INFO	channelz/trace.go:200	[core] [Channel #10 SubChannel #17] Subchannel Connectivity change to CONNECTING	{"grpc_log": true}
2026-01-14T19:08:52.045+0700	INFO	channelz/trace.go:200	[core] [Channel #10 SubChannel #17] Subchannel picks a new address "127.0.0.1:4317" to connect	{"grpc_log": true}
2026-01-14T19:08:52.045+0700	INFO	channelz/trace.go:200	[core] [Channel #10 SubChannel #17] Subchannel Connectivity change to READY	{"grpc_log": true}
2026-01-14T19:08:52.046+0700	INFO	grpclog/prefix_logger.go:42	[pick-first-leaf-lb] [pick-first-leaf-lb 0xc00033a3f0] SubConn 0xc000336eb0 reported connectivity state READY and the health listener is disabled. Transitioning SubConn to READY.	{"grpc_log": true}
2026-01-14T19:08:52.046+0700	INFO	channelz/trace.go:200	[core] [Channel #10] Channel Connectivity change to READY	{"grpc_log": true}
2026-01-14T19:08:52.202+0700	INFO	channelz/trace.go:200	[core] [Channel #2] Resolver state updated: {
  "Addresses": [
    {
      "Addr": "127.0.0.1:4317",
      "ServerName": "",
      "Attributes": null,
      "BalancerAttributes": null,
      "Metadata": null
    }
  ],
  "Endpoints": [
    {
      "Addresses": [
        {
          "Addr": "127.0.0.1:4317",
          "ServerName": "",
          "Attributes": null,
          "BalancerAttributes": null,
          "Metadata": null
        }
      ],
      "Attributes": null
    }
  ],
  "ServiceConfig": null,
  "Attributes": null
} (resolver returned new addresses)	{"grpc_log": true}
2026-01-14T19:08:52.202+0700	INFO	channelz/trace.go:200	[core] [Channel #4] Resolver state updated: {
  "Addresses": [
    {
      "Addr": "127.0.0.1:4317",
      "ServerName": "",
      "Attributes": null,
      "BalancerAttributes": null,
      "Metadata": null
    }
  ],
  "Endpoints": [
    {
      "Addresses": [
        {
          "Addr": "127.0.0.1:4317",
          "ServerName": "",
          "Attributes": null,
          "BalancerAttributes": null,
          "Metadata": null
        }
      ],
      "Attributes": null
    }
  ],
  "ServiceConfig": null,
  "Attributes": null
} (resolver returned new addresses)	{"grpc_log": true}
2026-01-14T19:08:52.202+0700	INFO	channelz/trace.go:200	[core] [Channel #2] Channel switches to new LB policy "pick_first"	{"grpc_log": true}
2026-01-14T19:08:52.202+0700	INFO	channelz/trace.go:200	[core] [Channel #4] Channel switches to new LB policy "pick_first"	{"grpc_log": true}
2026-01-14T19:08:52.202+0700	INFO	grpclog/prefix_logger.go:42	[pick-first-leaf-lb] [pick-first-leaf-lb 0xc00024ea20] Received new config {
  "shuffleAddressList": false
}, resolver state {
  "Addresses": [
    {
      "Addr": "127.0.0.1:4317",
      "ServerName": "",
      "Attributes": null,
      "BalancerAttributes": null,
      "Metadata": null
    }
  ],
  "Endpoints": [
    {
      "Addresses": [
        {
          "Addr": "127.0.0.1:4317",
          "ServerName": "",
          "Attributes": null,
          "BalancerAttributes": null,
          "Metadata": null
        }
      ],
      "Attributes": null
    }
  ],
  "ServiceConfig": null,
  "Attributes": null
}	{"grpc_log": true}
2026-01-14T19:08:52.203+0700	INFO	channelz/trace.go:200	[core] [Channel #2] Channel Connectivity change to CONNECTING	{"grpc_log": true}
2026-01-14T19:08:52.203+0700	INFO	channelz/trace.go:200	[core] [Channel #2 SubChannel #19] Subchannel created	{"grpc_log": true}
2026-01-14T19:08:52.202+0700	INFO	grpclog/prefix_logger.go:42	[pick-first-leaf-lb] [pick-first-leaf-lb 0xc0001d0120] Received new config {
  "shuffleAddressList": false
}, resolver state {
  "Addresses": [
    {
      "Addr": "127.0.0.1:4317",
      "ServerName": "",
      "Attributes": null,
      "BalancerAttributes": null,
      "Metadata": null
    }
  ],
  "Endpoints": [
    {
      "Addresses": [
        {
          "Addr": "127.0.0.1:4317",
          "ServerName": "",
          "Attributes": null,
          "BalancerAttributes": null,
          "Metadata": null
        }
      ],
      "Attributes": null
    }
  ],
  "ServiceConfig": null,
  "Attributes": null
}	{"grpc_log": true}
2026-01-14T19:08:52.203+0700	INFO	channelz/trace.go:200	[core] [Channel #4] Channel Connectivity change to CONNECTING	{"grpc_log": true}
2026-01-14T19:08:52.203+0700	INFO	channelz/trace.go:200	[core] [Channel #2 SubChannel #19] Subchannel Connectivity change to CONNECTING	{"grpc_log": true}
2026-01-14T19:08:52.203+0700	INFO	channelz/trace.go:200	[core] [Channel #4 SubChannel #20] Subchannel created	{"grpc_log": true}
2026-01-14T19:08:52.203+0700	INFO	channelz/trace.go:200	[core] [Channel #2 SubChannel #19] Subchannel picks a new address "127.0.0.1:4317" to connect	{"grpc_log": true}
2026-01-14T19:08:52.203+0700	INFO	channelz/trace.go:200	[core] [Channel #4 SubChannel #20] Subchannel Connectivity change to CONNECTING	{"grpc_log": true}
2026-01-14T19:08:52.204+0700	INFO	channelz/trace.go:200	[core] [Channel #4 SubChannel #20] Subchannel picks a new address "127.0.0.1:4317" to connect	{"grpc_log": true}
2026-01-14T19:08:52.204+0700	INFO	channelz/trace.go:200	[core] [Channel #2 SubChannel #19] Subchannel Connectivity change to READY	{"grpc_log": true}
2026-01-14T19:08:52.204+0700	INFO	channelz/trace.go:200	[core] [Channel #4 SubChannel #20] Subchannel Connectivity change to READY	{"grpc_log": true}
2026-01-14T19:08:52.204+0700	INFO	grpclog/prefix_logger.go:42	[pick-first-leaf-lb] [pick-first-leaf-lb 0xc00024ea20] SubConn 0xc00036a370 reported connectivity state READY and the health listener is disabled. Transitioning SubConn to READY.	{"grpc_log": true}
2026-01-14T19:08:52.205+0700	INFO	grpclog/prefix_logger.go:42	[pick-first-leaf-lb] [pick-first-leaf-lb 0xc0001d0120] SubConn 0xc00011ceb0 reported connectivity state READY and the health listener is disabled. Transitioning SubConn to READY.	{"grpc_log": true}
2026-01-14T19:08:52.205+0700	INFO	channelz/trace.go:200	[core] [Channel #2] Channel Connectivity change to READY	{"grpc_log": true}
2026-01-14T19:08:52.205+0700	INFO	channelz/trace.go:200	[core] [Channel #9] Resolver state updated: {
  "Addresses": [
    {
      "Addr": "127.0.0.1:4317",
      "ServerName": "",
      "Attributes": null,
      "BalancerAttributes": null,
      "Metadata": null
    }
  ],
  "Endpoints": [
    {
      "Addresses": [
        {
          "Addr": "127.0.0.1:4317",
          "ServerName": "",
          "Attributes": null,
          "BalancerAttributes": null,
          "Metadata": null
        }
      ],
      "Attributes": null
    }
  ],
  "ServiceConfig": null,
  "Attributes": null
} (resolver returned new addresses)	{"grpc_log": true}
2026-01-14T19:08:52.205+0700	INFO	channelz/trace.go:200	[core] [Channel #4] Channel Connectivity change to READY	{"grpc_log": true}
2026-01-14T19:08:52.205+0700	INFO	channelz/trace.go:200	[core] [Channel #9] Channel switches to new LB policy "pick_first"	{"grpc_log": true}
2026-01-14T19:08:52.205+0700	INFO	grpclog/prefix_logger.go:42	[pick-first-leaf-lb] [pick-first-leaf-lb 0xc00052e1b0] Received new config {
  "shuffleAddressList": false
}, resolver state {
  "Addresses": [
    {
      "Addr": "127.0.0.1:4317",
      "ServerName": "",
      "Attributes": null,
      "BalancerAttributes": null,
      "Metadata": null
    }
  ],
  "Endpoints": [
    {
      "Addresses": [
        {
          "Addr": "127.0.0.1:4317",
          "ServerName": "",
          "Attributes": null,
          "BalancerAttributes": null,
          "Metadata": null
        }
      ],
      "Attributes": null
    }
  ],
  "ServiceConfig": null,
  "Attributes": null
}	{"grpc_log": true}
2026-01-14T19:08:52.205+0700	INFO	channelz/trace.go:200	[core] [Channel #9] Channel Connectivity change to CONNECTING	{"grpc_log": true}
2026-01-14T19:08:52.205+0700	INFO	channelz/trace.go:200	[core] [Channel #9 SubChannel #23] Subchannel created	{"grpc_log": true}
2026-01-14T19:08:52.205+0700	INFO	channelz/trace.go:200	[core] [Channel #9 SubChannel #23] Subchannel Connectivity change to CONNECTING	{"grpc_log": true}
2026-01-14T19:08:52.206+0700	INFO	channelz/trace.go:200	[core] [Channel #9 SubChannel #23] Subchannel picks a new address "127.0.0.1:4317" to connect	{"grpc_log": true}
2026-01-14T19:08:52.207+0700	INFO	channelz/trace.go:200	[core] [Channel #9 SubChannel #23] Subchannel Connectivity change to READY	{"grpc_log": true}
2026-01-14T19:08:52.207+0700	INFO	grpclog/prefix_logger.go:42	[pick-first-leaf-lb] [pick-first-leaf-lb 0xc00052e1b0] SubConn 0xc0003fc5a0 reported connectivity state READY and the health listener is disabled. Transitioning SubConn to READY.	{"grpc_log": true}
2026-01-14T19:08:52.207+0700	INFO	channelz/trace.go:200	[core] [Channel #9] Channel Connectivity change to READY	{"grpc_log": true}
2026-01-14T19:08:52.209+0700	INFO	channelz/trace.go:200	[core] [Channel #6] Resolver state updated: {
  "Addresses": [
    {
      "Addr": "127.0.0.1:4317",
      "ServerName": "",
      "Attributes": null,
      "BalancerAttributes": null,
      "Metadata": null
    }
  ],
  "Endpoints": [
    {
      "Addresses": [
        {
          "Addr": "127.0.0.1:4317",
          "ServerName": "",
          "Attributes": null,
          "BalancerAttributes": null,
          "Metadata": null
        }
      ],
      "Attributes": null
    }
  ],
  "ServiceConfig": null,
  "Attributes": null
} (resolver returned new addresses)	{"grpc_log": true}
2026-01-14T19:08:52.210+0700	INFO	channelz/trace.go:200	[core] [Channel #6] Channel switches to new LB policy "pick_first"	{"grpc_log": true}
2026-01-14T19:08:52.210+0700	INFO	grpclog/prefix_logger.go:42	[pick-first-leaf-lb] [pick-first-leaf-lb 0xc000434090] Received new config {
  "shuffleAddressList": false
}, resolver state {
  "Addresses": [
    {
      "Addr": "127.0.0.1:4317",
      "ServerName": "",
      "Attributes": null,
      "BalancerAttributes": null,
      "Metadata": null
    }
  ],
  "Endpoints": [
    {
      "Addresses": [
        {
          "Addr": "127.0.0.1:4317",
          "ServerName": "",
          "Attributes": null,
          "BalancerAttributes": null,
          "Metadata": null
        }
      ],
      "Attributes": null
    }
  ],
  "ServiceConfig": null,
  "Attributes": null
}	{"grpc_log": true}
2026-01-14T19:08:52.210+0700	INFO	channelz/trace.go:200	[core] [Channel #6] Channel Connectivity change to CONNECTING	{"grpc_log": true}
2026-01-14T19:08:52.210+0700	INFO	channelz/trace.go:200	[core] [Channel #6 SubChannel #25] Subchannel created	{"grpc_log": true}
2026-01-14T19:08:52.211+0700	INFO	channelz/trace.go:200	[core] [Channel #6 SubChannel #25] Subchannel Connectivity change to CONNECTING	{"grpc_log": true}
2026-01-14T19:08:52.211+0700	INFO	channelz/trace.go:200	[core] [Channel #6 SubChannel #25] Subchannel picks a new address "127.0.0.1:4317" to connect	{"grpc_log": true}
2026-01-14T19:08:52.211+0700	INFO	channelz/trace.go:200	[core] [Channel #6 SubChannel #25] Subchannel Connectivity change to READY	{"grpc_log": true}
2026-01-14T19:08:52.212+0700	INFO	grpclog/prefix_logger.go:42	[pick-first-leaf-lb] [pick-first-leaf-lb 0xc000434090] SubConn 0xc00034a0f0 reported connectivity state READY and the health listener is disabled. Transitioning SubConn to READY.	{"grpc_log": true}
2026-01-14T19:08:52.212+0700	INFO	channelz/trace.go:200	[core] [Channel #3] Resolver state updated: {
  "Addresses": [
    {
      "Addr": "127.0.0.1:4317",
      "ServerName": "",
      "Attributes": null,
      "BalancerAttributes": null,
      "Metadata": null
    }
  ],
  "Endpoints": [
    {
      "Addresses": [
        {
          "Addr": "127.0.0.1:4317",
          "ServerName": "",
          "Attributes": null,
          "BalancerAttributes": null,
          "Metadata": null
        }
      ],
      "Attributes": null
    }
  ],
  "ServiceConfig": null,
  "Attributes": null
} (resolver returned new addresses)	{"grpc_log": true}
2026-01-14T19:08:52.212+0700	INFO	channelz/trace.go:200	[core] [Channel #6] Channel Connectivity change to READY	{"grpc_log": true}
2026-01-14T19:08:52.212+0700	INFO	channelz/trace.go:200	[core] [Channel #3] Channel switches to new LB policy "pick_first"	{"grpc_log": true}
2026-01-14T19:08:52.212+0700	INFO	grpclog/prefix_logger.go:42	[pick-first-leaf-lb] [pick-first-leaf-lb 0xc00033a000] Received new config {
  "shuffleAddressList": false
}, resolver state {
  "Addresses": [
    {
      "Addr": "127.0.0.1:4317",
      "ServerName": "",
      "Attributes": null,
      "BalancerAttributes": null,
      "Metadata": null
    }
  ],
  "Endpoints": [
    {
      "Addresses": [
        {
          "Addr": "127.0.0.1:4317",
          "ServerName": "",
          "Attributes": null,
          "BalancerAttributes": null,
          "Metadata": null
        }
      ],
      "Attributes": null
    }
  ],
  "ServiceConfig": null,
  "Attributes": null
}	{"grpc_log": true}
2026-01-14T19:08:52.212+0700	INFO	channelz/trace.go:200	[core] [Channel #3] Channel Connectivity change to CONNECTING	{"grpc_log": true}
2026-01-14T19:08:52.213+0700	INFO	channelz/trace.go:200	[core] [Channel #3 SubChannel #27] Subchannel created	{"grpc_log": true}
2026-01-14T19:08:52.213+0700	INFO	channelz/trace.go:200	[core] [Channel #3 SubChannel #27] Subchannel Connectivity change to CONNECTING	{"grpc_log": true}
2026-01-14T19:08:52.213+0700	INFO	channelz/trace.go:200	[core] [Channel #3 SubChannel #27] Subchannel picks a new address "127.0.0.1:4317" to connect	{"grpc_log": true}
2026-01-14T19:08:52.214+0700	INFO	channelz/trace.go:200	[core] [Channel #3 SubChannel #27] Subchannel Connectivity change to READY	{"grpc_log": true}
2026-01-14T19:08:52.214+0700	INFO	grpclog/prefix_logger.go:42	[pick-first-leaf-lb] [pick-first-leaf-lb 0xc00033a000] SubConn 0xc00071a050 reported connectivity state READY and the health listener is disabled. Transitioning SubConn to READY.	{"grpc_log": true}
2026-01-14T19:08:52.214+0700	INFO	channelz/trace.go:200	[core] [Channel #3] Channel Connectivity change to READY	{"grpc_log": true}
2026-01-14T19:08:52.291+0700	INFO	channelz/trace.go:200	[core] [Channel #8] Resolver state updated: {
  "Addresses": [
    {
      "Addr": "127.0.0.1:4317",
      "ServerName": "",
      "Attributes": null,
      "BalancerAttributes": null,
      "Metadata": null
    }
  ],
  "Endpoints": [
    {
      "Addresses": [
        {
          "Addr": "127.0.0.1:4317",
          "ServerName": "",
          "Attributes": null,
          "BalancerAttributes": null,
          "Metadata": null
        }
      ],
      "Attributes": null
    }
  ],
  "ServiceConfig": null,
  "Attributes": null
} (resolver returned new addresses)	{"grpc_log": true}
2026-01-14T19:08:52.292+0700	INFO	channelz/trace.go:200	[core] [Channel #8] Channel switches to new LB policy "pick_first"	{"grpc_log": true}
2026-01-14T19:08:52.292+0700	INFO	grpclog/prefix_logger.go:42	[pick-first-leaf-lb] [pick-first-leaf-lb 0xc0006c21b0] Received new config {
  "shuffleAddressList": false
}, resolver state {
  "Addresses": [
    {
      "Addr": "127.0.0.1:4317",
      "ServerName": "",
      "Attributes": null,
      "BalancerAttributes": null,
      "Metadata": null
    }
  ],
  "Endpoints": [
    {
      "Addresses": [
        {
          "Addr": "127.0.0.1:4317",
          "ServerName": "",
          "Attributes": null,
          "BalancerAttributes": null,
          "Metadata": null
        }
      ],
      "Attributes": null
    }
  ],
  "ServiceConfig": null,
  "Attributes": null
}	{"grpc_log": true}
2026-01-14T19:08:52.292+0700	INFO	channelz/trace.go:200	[core] [Channel #8] Channel Connectivity change to CONNECTING	{"grpc_log": true}
2026-01-14T19:08:52.292+0700	INFO	channelz/trace.go:200	[core] [Channel #8 SubChannel #29] Subchannel created	{"grpc_log": true}
2026-01-14T19:08:52.293+0700	INFO	channelz/trace.go:200	[core] [Channel #8 SubChannel #29] Subchannel Connectivity change to CONNECTING	{"grpc_log": true}
2026-01-14T19:08:52.293+0700	INFO	channelz/trace.go:200	[core] [Channel #8 SubChannel #29] Subchannel picks a new address "127.0.0.1:4317" to connect	{"grpc_log": true}
2026-01-14T19:08:52.294+0700	INFO	channelz/trace.go:200	[core] [Channel #8 SubChannel #29] Subchannel Connectivity change to READY	{"grpc_log": true}
2026-01-14T19:08:52.294+0700	INFO	grpclog/prefix_logger.go:42	[pick-first-leaf-lb] [pick-first-leaf-lb 0xc0006c21b0] SubConn 0xc0003948c0 reported connectivity state READY and the health listener is disabled. Transitioning SubConn to READY.	{"grpc_log": true}
2026-01-14T19:08:52.294+0700	INFO	channelz/trace.go:200	[core] [Channel #8] Channel Connectivity change to READY	{"grpc_log": true}
2026-01-14T19:09:51.868+0700	INFO	metrics/worker.go:233	metrics generated	{"worker": 4, "metrics": 179480}
2026-01-14T19:09:51.868+0700	INFO	metrics/worker.go:233	metrics generated	{"worker": 2, "metrics": 177235}
2026-01-14T19:09:51.868+0700	INFO	metrics/worker.go:233	metrics generated	{"worker": 5, "metrics": 177527}
2026-01-14T19:09:51.868+0700	INFO	metrics/worker.go:233	metrics generated	{"worker": 7, "metrics": 176694}
2026-01-14T19:09:51.868+0700	INFO	metrics/worker.go:233	metrics generated	{"worker": 8, "metrics": 177281}
2026-01-14T19:09:51.868+0700	INFO	metrics/worker.go:233	metrics generated	{"worker": 1, "metrics": 177369}
2026-01-14T19:09:51.868+0700	INFO	metrics/worker.go:233	metrics generated	{"worker": 3, "metrics": 177089}
2026-01-14T19:09:51.868+0700	INFO	metrics/worker.go:233	metrics generated	{"worker": 0, "metrics": 177920}
2026-01-14T19:09:51.868+0700	INFO	metrics/worker.go:233	metrics generated	{"worker": 9, "metrics": 177247}
2026-01-14T19:09:51.868+0700	INFO	metrics/worker.go:233	metrics generated	{"worker": 6, "metrics": 179171}
2026-01-14T19:09:51.869+0700	INFO	metrics/metrics.go:97	stopping the exporter	{"worker": 9}
2026-01-14T19:09:51.869+0700	INFO	channelz/trace.go:200	[core] [Channel #10] Channel Connectivity change to SHUTDOWN	{"grpc_log": true}
2026-01-14T19:09:51.869+0700	INFO	channelz/trace.go:200	[core] [Channel #10] Closing the name resolver	{"grpc_log": true}
2026-01-14T19:09:51.869+0700	INFO	channelz/trace.go:200	[core] [Channel #10] ccBalancerWrapper: closing	{"grpc_log": true}
2026-01-14T19:09:51.869+0700	INFO	channelz/trace.go:200	[core] [Channel #10 SubChannel #17] Subchannel Connectivity change to SHUTDOWN	{"grpc_log": true}
2026-01-14T19:09:51.869+0700	INFO	channelz/trace.go:200	[core] [Channel #10 SubChannel #17] Subchannel deleted	{"grpc_log": true}
2026-01-14T19:09:51.869+0700	INFO	grpclog/prefix_logger.go:42	[transport] [client-transport 0xc0004ab448] Closing: rpc error: code = Canceled desc = grpc: the client connection is closing	{"grpc_log": true}
2026-01-14T19:09:51.869+0700	INFO	grpclog/prefix_logger.go:42	[transport] [client-transport 0xc0004ab448] loopyWriter exiting with error: rpc error: code = Canceled desc = grpc: the client connection is closing	{"grpc_log": true}
2026-01-14T19:09:51.869+0700	INFO	channelz/trace.go:200	[core] [Channel #10] Channel deleted	{"grpc_log": true}
2026-01-14T19:09:51.869+0700	INFO	metrics/metrics.go:97	stopping the exporter	{"worker": 8}
2026-01-14T19:09:51.869+0700	INFO	channelz/trace.go:200	[core] [Channel #9] Channel Connectivity change to SHUTDOWN	{"grpc_log": true}
2026-01-14T19:09:51.869+0700	INFO	channelz/trace.go:200	[core] [Channel #9] Closing the name resolver	{"grpc_log": true}
2026-01-14T19:09:51.869+0700	INFO	channelz/trace.go:200	[core] [Channel #9] ccBalancerWrapper: closing	{"grpc_log": true}
2026-01-14T19:09:51.869+0700	INFO	channelz/trace.go:200	[core] [Channel #9 SubChannel #23] Subchannel Connectivity change to SHUTDOWN	{"grpc_log": true}
2026-01-14T19:09:51.869+0700	INFO	channelz/trace.go:200	[core] [Channel #9 SubChannel #23] Subchannel deleted	{"grpc_log": true}
2026-01-14T19:09:51.869+0700	INFO	grpclog/prefix_logger.go:42	[transport] [client-transport 0xc0004ab8c8] Closing: rpc error: code = Canceled desc = grpc: the client connection is closing	{"grpc_log": true}
2026-01-14T19:09:51.869+0700	INFO	grpclog/prefix_logger.go:42	[transport] [client-transport 0xc0004ab8c8] loopyWriter exiting with error: rpc error: code = Canceled desc = grpc: the client connection is closing	{"grpc_log": true}
2026-01-14T19:09:51.869+0700	INFO	channelz/trace.go:200	[core] [Channel #9] Channel deleted	{"grpc_log": true}
2026-01-14T19:09:51.869+0700	INFO	metrics/metrics.go:97	stopping the exporter	{"worker": 7}
2026-01-14T19:09:51.869+0700	INFO	channelz/trace.go:200	[core] [Channel #8] Channel Connectivity change to SHUTDOWN	{"grpc_log": true}
2026-01-14T19:09:51.870+0700	INFO	channelz/trace.go:200	[core] [Channel #8] Closing the name resolver	{"grpc_log": true}
2026-01-14T19:09:51.870+0700	INFO	channelz/trace.go:200	[core] [Channel #8] ccBalancerWrapper: closing	{"grpc_log": true}
2026-01-14T19:09:51.870+0700	INFO	channelz/trace.go:200	[core] [Channel #8 SubChannel #29] Subchannel Connectivity change to SHUTDOWN	{"grpc_log": true}
2026-01-14T19:09:51.870+0700	INFO	channelz/trace.go:200	[core] [Channel #8 SubChannel #29] Subchannel deleted	{"grpc_log": true}
2026-01-14T19:09:51.870+0700	INFO	grpclog/prefix_logger.go:42	[transport] [client-transport 0xc00050a488] Closing: rpc error: code = Canceled desc = grpc: the client connection is closing	{"grpc_log": true}
2026-01-14T19:09:51.870+0700	INFO	grpclog/prefix_logger.go:42	[transport] [client-transport 0xc00050a488] loopyWriter exiting with error: rpc error: code = Canceled desc = grpc: the client connection is closing	{"grpc_log": true}
2026-01-14T19:09:51.870+0700	INFO	channelz/trace.go:200	[core] [Channel #8] Channel deleted	{"grpc_log": true}
2026-01-14T19:09:51.870+0700	INFO	metrics/metrics.go:97	stopping the exporter	{"worker": 6}
2026-01-14T19:09:51.870+0700	INFO	channelz/trace.go:200	[core] [Channel #7] Channel Connectivity change to SHUTDOWN	{"grpc_log": true}
2026-01-14T19:09:51.870+0700	INFO	channelz/trace.go:200	[core] [Channel #7] Closing the name resolver	{"grpc_log": true}
2026-01-14T19:09:51.870+0700	INFO	channelz/trace.go:200	[core] [Channel #7] ccBalancerWrapper: closing	{"grpc_log": true}
2026-01-14T19:09:51.870+0700	INFO	channelz/trace.go:200	[core] [Channel #7 SubChannel #13] Subchannel Connectivity change to SHUTDOWN	{"grpc_log": true}
2026-01-14T19:09:51.870+0700	INFO	channelz/trace.go:200	[core] [Channel #7 SubChannel #13] Subchannel deleted	{"grpc_log": true}
2026-01-14T19:09:51.870+0700	INFO	grpclog/prefix_logger.go:42	[transport] [client-transport 0xc00050a248] Closing: rpc error: code = Canceled desc = grpc: the client connection is closing	{"grpc_log": true}
2026-01-14T19:09:51.870+0700	INFO	grpclog/prefix_logger.go:42	[transport] [client-transport 0xc00050a248] loopyWriter exiting with error: rpc error: code = Canceled desc = grpc: the client connection is closing	{"grpc_log": true}
2026-01-14T19:09:51.870+0700	INFO	channelz/trace.go:200	[core] [Channel #7] Channel deleted	{"grpc_log": true}
2026-01-14T19:09:51.870+0700	INFO	metrics/metrics.go:97	stopping the exporter	{"worker": 5}
2026-01-14T19:09:51.870+0700	INFO	channelz/trace.go:200	[core] [Channel #6] Channel Connectivity change to SHUTDOWN	{"grpc_log": true}
2026-01-14T19:09:51.870+0700	INFO	channelz/trace.go:200	[core] [Channel #6] Closing the name resolver	{"grpc_log": true}
2026-01-14T19:09:51.870+0700	INFO	channelz/trace.go:200	[core] [Channel #6] ccBalancerWrapper: closing	{"grpc_log": true}
2026-01-14T19:09:51.870+0700	INFO	channelz/trace.go:200	[core] [Channel #6 SubChannel #25] Subchannel Connectivity change to SHUTDOWN	{"grpc_log": true}
2026-01-14T19:09:51.870+0700	INFO	channelz/trace.go:200	[core] [Channel #6 SubChannel #25] Subchannel deleted	{"grpc_log": true}
2026-01-14T19:09:51.870+0700	INFO	grpclog/prefix_logger.go:42	[transport] [client-transport 0xc0001a0b48] Closing: rpc error: code = Canceled desc = grpc: the client connection is closing	{"grpc_log": true}
2026-01-14T19:09:51.870+0700	INFO	grpclog/prefix_logger.go:42	[transport] [client-transport 0xc0001a0b48] loopyWriter exiting with error: rpc error: code = Canceled desc = grpc: the client connection is closing	{"grpc_log": true}
2026-01-14T19:09:51.870+0700	INFO	channelz/trace.go:200	[core] [Channel #6] Channel deleted	{"grpc_log": true}
2026-01-14T19:09:51.870+0700	INFO	metrics/metrics.go:97	stopping the exporter	{"worker": 4}
2026-01-14T19:09:51.870+0700	INFO	channelz/trace.go:200	[core] [Channel #5] Channel Connectivity change to SHUTDOWN	{"grpc_log": true}
2026-01-14T19:09:51.870+0700	INFO	channelz/trace.go:200	[core] [Channel #5] Closing the name resolver	{"grpc_log": true}
2026-01-14T19:09:51.870+0700	INFO	channelz/trace.go:200	[core] [Channel #5] ccBalancerWrapper: closing	{"grpc_log": true}
2026-01-14T19:09:51.871+0700	INFO	channelz/trace.go:200	[core] [Channel #5 SubChannel #11] Subchannel Connectivity change to SHUTDOWN	{"grpc_log": true}
2026-01-14T19:09:51.871+0700	INFO	channelz/trace.go:200	[core] [Channel #5 SubChannel #11] Subchannel deleted	{"grpc_log": true}
2026-01-14T19:09:51.871+0700	INFO	grpclog/prefix_logger.go:42	[transport] [client-transport 0xc00050a008] Closing: rpc error: code = Canceled desc = grpc: the client connection is closing	{"grpc_log": true}
2026-01-14T19:09:51.871+0700	INFO	grpclog/prefix_logger.go:42	[transport] [client-transport 0xc00050a008] loopyWriter exiting with error: rpc error: code = Canceled desc = grpc: the client connection is closing	{"grpc_log": true}
2026-01-14T19:09:51.871+0700	INFO	channelz/trace.go:200	[core] [Channel #5] Channel deleted	{"grpc_log": true}
2026-01-14T19:09:51.871+0700	INFO	metrics/metrics.go:97	stopping the exporter	{"worker": 3}
2026-01-14T19:09:51.871+0700	INFO	channelz/trace.go:200	[core] [Channel #4] Channel Connectivity change to SHUTDOWN	{"grpc_log": true}
2026-01-14T19:09:51.871+0700	INFO	channelz/trace.go:200	[core] [Channel #4] Closing the name resolver	{"grpc_log": true}
2026-01-14T19:09:51.871+0700	INFO	channelz/trace.go:200	[core] [Channel #4] ccBalancerWrapper: closing	{"grpc_log": true}
2026-01-14T19:09:51.871+0700	INFO	channelz/trace.go:200	[core] [Channel #4 SubChannel #20] Subchannel Connectivity change to SHUTDOWN	{"grpc_log": true}
2026-01-14T19:09:51.871+0700	INFO	channelz/trace.go:200	[core] [Channel #4 SubChannel #20] Subchannel deleted	{"grpc_log": true}
2026-01-14T19:09:51.871+0700	INFO	grpclog/prefix_logger.go:42	[transport] [client-transport 0xc0004ab688] Closing: rpc error: code = Canceled desc = grpc: the client connection is closing	{"grpc_log": true}
2026-01-14T19:09:51.871+0700	INFO	grpclog/prefix_logger.go:42	[transport] [client-transport 0xc0004ab688] loopyWriter exiting with error: rpc error: code = Canceled desc = grpc: the client connection is closing	{"grpc_log": true}
2026-01-14T19:09:51.871+0700	INFO	channelz/trace.go:200	[core] [Channel #4] Channel deleted	{"grpc_log": true}
2026-01-14T19:09:51.871+0700	INFO	metrics/metrics.go:97	stopping the exporter	{"worker": 2}
2026-01-14T19:09:51.871+0700	INFO	channelz/trace.go:200	[core] [Channel #3] Channel Connectivity change to SHUTDOWN	{"grpc_log": true}
2026-01-14T19:09:51.871+0700	INFO	channelz/trace.go:200	[core] [Channel #3] Closing the name resolver	{"grpc_log": true}
2026-01-14T19:09:51.871+0700	INFO	channelz/trace.go:200	[core] [Channel #3] ccBalancerWrapper: closing	{"grpc_log": true}
2026-01-14T19:09:51.871+0700	INFO	channelz/trace.go:200	[core] [Channel #3 SubChannel #27] Subchannel Connectivity change to SHUTDOWN	{"grpc_log": true}
2026-01-14T19:09:51.871+0700	INFO	channelz/trace.go:200	[core] [Channel #3 SubChannel #27] Subchannel deleted	{"grpc_log": true}
2026-01-14T19:09:51.871+0700	INFO	grpclog/prefix_logger.go:42	[transport] [client-transport 0xc0001a0d88] Closing: rpc error: code = Canceled desc = grpc: the client connection is closing	{"grpc_log": true}
2026-01-14T19:09:51.871+0700	INFO	grpclog/prefix_logger.go:42	[transport] [client-transport 0xc0001a0d88] loopyWriter exiting with error: rpc error: code = Canceled desc = grpc: the client connection is closing	{"grpc_log": true}
2026-01-14T19:09:51.871+0700	INFO	channelz/trace.go:200	[core] [Channel #3] Channel deleted	{"grpc_log": true}
2026-01-14T19:09:51.871+0700	INFO	metrics/metrics.go:97	stopping the exporter	{"worker": 1}
2026-01-14T19:09:51.871+0700	INFO	channelz/trace.go:200	[core] [Channel #2] Channel Connectivity change to SHUTDOWN	{"grpc_log": true}
2026-01-14T19:09:51.871+0700	INFO	channelz/trace.go:200	[core] [Channel #2] Closing the name resolver	{"grpc_log": true}
2026-01-14T19:09:51.871+0700	INFO	channelz/trace.go:200	[core] [Channel #2] ccBalancerWrapper: closing	{"grpc_log": true}
2026-01-14T19:09:51.871+0700	INFO	channelz/trace.go:200	[core] [Channel #2 SubChannel #19] Subchannel Connectivity change to SHUTDOWN	{"grpc_log": true}
2026-01-14T19:09:51.871+0700	INFO	channelz/trace.go:200	[core] [Channel #2 SubChannel #19] Subchannel deleted	{"grpc_log": true}
2026-01-14T19:09:51.871+0700	INFO	grpclog/prefix_logger.go:42	[transport] [client-transport 0xc0001a0248] Closing: rpc error: code = Canceled desc = grpc: the client connection is closing	{"grpc_log": true}
2026-01-14T19:09:51.871+0700	INFO	grpclog/prefix_logger.go:42	[transport] [client-transport 0xc0001a0248] loopyWriter exiting with error: rpc error: code = Canceled desc = grpc: the client connection is closing	{"grpc_log": true}
2026-01-14T19:09:51.871+0700	INFO	channelz/trace.go:200	[core] [Channel #2] Channel deleted	{"grpc_log": true}
2026-01-14T19:09:51.871+0700	INFO	metrics/metrics.go:97	stopping the exporter	{"worker": 0}
2026-01-14T19:09:51.871+0700	INFO	channelz/trace.go:200	[core] [Channel #1] Channel Connectivity change to SHUTDOWN	{"grpc_log": true}
2026-01-14T19:09:51.871+0700	INFO	channelz/trace.go:200	[core] [Channel #1] Closing the name resolver	{"grpc_log": true}
2026-01-14T19:09:51.872+0700	INFO	channelz/trace.go:200	[core] [Channel #1] ccBalancerWrapper: closing	{"grpc_log": true}
2026-01-14T19:09:51.872+0700	INFO	channelz/trace.go:200	[core] [Channel #1 SubChannel #15] Subchannel Connectivity change to SHUTDOWN	{"grpc_log": true}
2026-01-14T19:09:51.872+0700	INFO	channelz/trace.go:200	[core] [Channel #1 SubChannel #15] Subchannel deleted	{"grpc_log": true}
2026-01-14T19:09:51.872+0700	INFO	grpclog/prefix_logger.go:42	[transport] [client-transport 0xc0001a0008] Closing: rpc error: code = Canceled desc = grpc: the client connection is closing	{"grpc_log": true}
2026-01-14T19:09:51.872+0700	INFO	grpclog/prefix_logger.go:42	[transport] [client-transport 0xc0001a0008] loopyWriter exiting with error: rpc error: code = Canceled desc = grpc: the client connection is closing	{"grpc_log": true}
2026-01-14T19:09:51.872+0700	INFO	channelz/trace.go:200	[core] [Channel #1] Channel deleted	{"grpc_log": true}
