2026-01-14T19:09:56.947+0700	INFO	metrics/metrics.go:34	starting the metrics generator with configuration	{"config": {"WorkerCount":10,"Rate":30000,"TotalDuration":60000000000,"ReportingInterval":1000000000,"SkipSettingGRPCLogger":false,"CustomEndpoint":"localhost:4317","Insecure":true,"InsecureSkipVerify":false,"UseHTTP":false,"HTTPPath":"/v1/metrics","Headers":{},"ResourceAttributes":{},"ServiceName":"telemetrygen","TelemetryAttributes":{},"CaFile":"","ClientAuth":{"Enabled":false,"ClientCertFile":"","ClientKeyFile":""},"AllowExportFailures":false,"LoadSize":0,"NumMetrics":1,"MetricName":"gen","MetricType":"Gauge","AggregationTemporality":1,"SpanID":"","TraceID":"","EnforceUniqueTimeseries":false,"UniqueTimelimit":1000000000}}
2026-01-14T19:09:56.947+0700	INFO	metrics/metrics.go:58	generation of metrics is limited	{"per-second": 30000}
2026-01-14T19:09:56.948+0700	INFO	metrics/metrics.go:139	starting gRPC exporter
2026-01-14T19:09:56.948+0700	INFO	grpclog/component.go:69	[core] original dial target is: "localhost:4317"	{"grpc_log": true}
2026-01-14T19:09:56.948+0700	INFO	channelz/trace.go:200	[core] [Channel #1] Channel created for target "localhost:4317"	{"grpc_log": true}
2026-01-14T19:09:56.948+0700	INFO	channelz/trace.go:200	[core] [Channel #1] parsed dial target is: resolver.Target{URL:url.URL{Scheme:"dns", Opaque:"", User:(*url.Userinfo)(nil), Host:"", Path:"/localhost:4317", RawPath:"", OmitHost:false, ForceQuery:false, RawQuery:"", Fragment:"", RawFragment:""}}	{"grpc_log": true}
2026-01-14T19:09:56.948+0700	INFO	channelz/trace.go:200	[core] [Channel #1] Channel authority set to "localhost:4317"	{"grpc_log": true}
2026-01-14T19:09:56.948+0700	INFO	metrics/metrics.go:139	starting gRPC exporter
2026-01-14T19:09:56.948+0700	INFO	grpclog/component.go:69	[core] original dial target is: "localhost:4317"	{"grpc_log": true}
2026-01-14T19:09:56.948+0700	INFO	channelz/trace.go:200	[core] [Channel #2] Channel created for target "localhost:4317"	{"grpc_log": true}
2026-01-14T19:09:56.948+0700	INFO	channelz/trace.go:200	[core] [Channel #2] parsed dial target is: resolver.Target{URL:url.URL{Scheme:"dns", Opaque:"", User:(*url.Userinfo)(nil), Host:"", Path:"/localhost:4317", RawPath:"", OmitHost:false, ForceQuery:false, RawQuery:"", Fragment:"", RawFragment:""}}	{"grpc_log": true}
2026-01-14T19:09:56.948+0700	INFO	channelz/trace.go:200	[core] [Channel #2] Channel authority set to "localhost:4317"	{"grpc_log": true}
2026-01-14T19:09:56.948+0700	INFO	metrics/metrics.go:139	starting gRPC exporter
2026-01-14T19:09:56.948+0700	INFO	channelz/trace.go:200	[core] [Channel #1] Channel exiting idle mode	{"grpc_log": true}
2026-01-14T19:09:56.948+0700	INFO	grpclog/component.go:69	[core] original dial target is: "localhost:4317"	{"grpc_log": true}
2026-01-14T19:09:56.948+0700	INFO	channelz/trace.go:200	[core] [Channel #3] Channel created for target "localhost:4317"	{"grpc_log": true}
2026-01-14T19:09:56.948+0700	INFO	channelz/trace.go:200	[core] [Channel #3] parsed dial target is: resolver.Target{URL:url.URL{Scheme:"dns", Opaque:"", User:(*url.Userinfo)(nil), Host:"", Path:"/localhost:4317", RawPath:"", OmitHost:false, ForceQuery:false, RawQuery:"", Fragment:"", RawFragment:""}}	{"grpc_log": true}
2026-01-14T19:09:56.948+0700	INFO	channelz/trace.go:200	[core] [Channel #3] Channel authority set to "localhost:4317"	{"grpc_log": true}
2026-01-14T19:09:56.948+0700	INFO	metrics/metrics.go:139	starting gRPC exporter
2026-01-14T19:09:56.948+0700	INFO	grpclog/component.go:69	[core] original dial target is: "localhost:4317"	{"grpc_log": true}
2026-01-14T19:09:56.948+0700	INFO	channelz/trace.go:200	[core] [Channel #4] Channel created for target "localhost:4317"	{"grpc_log": true}
2026-01-14T19:09:56.948+0700	INFO	channelz/trace.go:200	[core] [Channel #4] parsed dial target is: resolver.Target{URL:url.URL{Scheme:"dns", Opaque:"", User:(*url.Userinfo)(nil), Host:"", Path:"/localhost:4317", RawPath:"", OmitHost:false, ForceQuery:false, RawQuery:"", Fragment:"", RawFragment:""}}	{"grpc_log": true}
2026-01-14T19:09:56.948+0700	INFO	channelz/trace.go:200	[core] [Channel #4] Channel authority set to "localhost:4317"	{"grpc_log": true}
2026-01-14T19:09:56.948+0700	INFO	channelz/trace.go:200	[core] [Channel #2] Channel exiting idle mode	{"grpc_log": true}
2026-01-14T19:09:56.948+0700	INFO	channelz/trace.go:200	[core] [Channel #3] Channel exiting idle mode	{"grpc_log": true}
2026-01-14T19:09:56.948+0700	INFO	metrics/metrics.go:139	starting gRPC exporter
2026-01-14T19:09:56.949+0700	INFO	grpclog/component.go:69	[core] original dial target is: "localhost:4317"	{"grpc_log": true}
2026-01-14T19:09:56.949+0700	INFO	channelz/trace.go:200	[core] [Channel #5] Channel created for target "localhost:4317"	{"grpc_log": true}
2026-01-14T19:09:56.949+0700	INFO	channelz/trace.go:200	[core] [Channel #5] parsed dial target is: resolver.Target{URL:url.URL{Scheme:"dns", Opaque:"", User:(*url.Userinfo)(nil), Host:"", Path:"/localhost:4317", RawPath:"", OmitHost:false, ForceQuery:false, RawQuery:"", Fragment:"", RawFragment:""}}	{"grpc_log": true}
2026-01-14T19:09:56.949+0700	INFO	channelz/trace.go:200	[core] [Channel #5] Channel authority set to "localhost:4317"	{"grpc_log": true}
2026-01-14T19:09:56.949+0700	INFO	channelz/trace.go:200	[core] [Channel #4] Channel exiting idle mode	{"grpc_log": true}
2026-01-14T19:09:56.949+0700	INFO	metrics/metrics.go:139	starting gRPC exporter
2026-01-14T19:09:56.949+0700	INFO	grpclog/component.go:69	[core] original dial target is: "localhost:4317"	{"grpc_log": true}
2026-01-14T19:09:56.949+0700	INFO	channelz/trace.go:200	[core] [Channel #5] Channel exiting idle mode	{"grpc_log": true}
2026-01-14T19:09:56.949+0700	INFO	channelz/trace.go:200	[core] [Channel #6] Channel created for target "localhost:4317"	{"grpc_log": true}
2026-01-14T19:09:56.949+0700	INFO	channelz/trace.go:200	[core] [Channel #6] parsed dial target is: resolver.Target{URL:url.URL{Scheme:"dns", Opaque:"", User:(*url.Userinfo)(nil), Host:"", Path:"/localhost:4317", RawPath:"", OmitHost:false, ForceQuery:false, RawQuery:"", Fragment:"", RawFragment:""}}	{"grpc_log": true}
2026-01-14T19:09:56.949+0700	INFO	channelz/trace.go:200	[core] [Channel #6] Channel authority set to "localhost:4317"	{"grpc_log": true}
2026-01-14T19:09:56.949+0700	INFO	metrics/metrics.go:139	starting gRPC exporter
2026-01-14T19:09:56.949+0700	INFO	grpclog/component.go:69	[core] original dial target is: "localhost:4317"	{"grpc_log": true}
2026-01-14T19:09:56.949+0700	INFO	channelz/trace.go:200	[core] [Channel #7] Channel created for target "localhost:4317"	{"grpc_log": true}
2026-01-14T19:09:56.949+0700	INFO	channelz/trace.go:200	[core] [Channel #7] parsed dial target is: resolver.Target{URL:url.URL{Scheme:"dns", Opaque:"", User:(*url.Userinfo)(nil), Host:"", Path:"/localhost:4317", RawPath:"", OmitHost:false, ForceQuery:false, RawQuery:"", Fragment:"", RawFragment:""}}	{"grpc_log": true}
2026-01-14T19:09:56.949+0700	INFO	channelz/trace.go:200	[core] [Channel #7] Channel authority set to "localhost:4317"	{"grpc_log": true}
2026-01-14T19:09:56.949+0700	INFO	channelz/trace.go:200	[core] [Channel #6] Channel exiting idle mode	{"grpc_log": true}
2026-01-14T19:09:56.949+0700	INFO	metrics/metrics.go:139	starting gRPC exporter
2026-01-14T19:09:56.949+0700	INFO	grpclog/component.go:69	[core] original dial target is: "localhost:4317"	{"grpc_log": true}
2026-01-14T19:09:56.949+0700	INFO	channelz/trace.go:200	[core] [Channel #8] Channel created for target "localhost:4317"	{"grpc_log": true}
2026-01-14T19:09:56.949+0700	INFO	channelz/trace.go:200	[core] [Channel #8] parsed dial target is: resolver.Target{URL:url.URL{Scheme:"dns", Opaque:"", User:(*url.Userinfo)(nil), Host:"", Path:"/localhost:4317", RawPath:"", OmitHost:false, ForceQuery:false, RawQuery:"", Fragment:"", RawFragment:""}}	{"grpc_log": true}
2026-01-14T19:09:56.949+0700	INFO	channelz/trace.go:200	[core] [Channel #8] Channel authority set to "localhost:4317"	{"grpc_log": true}
2026-01-14T19:09:56.949+0700	INFO	channelz/trace.go:200	[core] [Channel #7] Channel exiting idle mode	{"grpc_log": true}
2026-01-14T19:09:56.949+0700	INFO	metrics/metrics.go:139	starting gRPC exporter
2026-01-14T19:09:56.950+0700	INFO	grpclog/component.go:69	[core] original dial target is: "localhost:4317"	{"grpc_log": true}
2026-01-14T19:09:56.950+0700	INFO	channelz/trace.go:200	[core] [Channel #9] Channel created for target "localhost:4317"	{"grpc_log": true}
2026-01-14T19:09:56.950+0700	INFO	channelz/trace.go:200	[core] [Channel #9] parsed dial target is: resolver.Target{URL:url.URL{Scheme:"dns", Opaque:"", User:(*url.Userinfo)(nil), Host:"", Path:"/localhost:4317", RawPath:"", OmitHost:false, ForceQuery:false, RawQuery:"", Fragment:"", RawFragment:""}}	{"grpc_log": true}
2026-01-14T19:09:56.950+0700	INFO	channelz/trace.go:200	[core] [Channel #9] Channel authority set to "localhost:4317"	{"grpc_log": true}
2026-01-14T19:09:56.950+0700	INFO	channelz/trace.go:200	[core] [Channel #8] Channel exiting idle mode	{"grpc_log": true}
2026-01-14T19:09:56.950+0700	INFO	metrics/metrics.go:139	starting gRPC exporter
2026-01-14T19:09:56.950+0700	INFO	grpclog/component.go:69	[core] original dial target is: "localhost:4317"	{"grpc_log": true}
2026-01-14T19:09:56.950+0700	INFO	channelz/trace.go:200	[core] [Channel #10] Channel created for target "localhost:4317"	{"grpc_log": true}
2026-01-14T19:09:56.950+0700	INFO	channelz/trace.go:200	[core] [Channel #9] Channel exiting idle mode	{"grpc_log": true}
2026-01-14T19:09:56.950+0700	INFO	channelz/trace.go:200	[core] [Channel #10] parsed dial target is: resolver.Target{URL:url.URL{Scheme:"dns", Opaque:"", User:(*url.Userinfo)(nil), Host:"", Path:"/localhost:4317", RawPath:"", OmitHost:false, ForceQuery:false, RawQuery:"", Fragment:"", RawFragment:""}}	{"grpc_log": true}
2026-01-14T19:09:56.950+0700	INFO	channelz/trace.go:200	[core] [Channel #10] Channel authority set to "localhost:4317"	{"grpc_log": true}
2026-01-14T19:09:56.951+0700	INFO	channelz/trace.go:200	[core] [Channel #10] Channel exiting idle mode	{"grpc_log": true}
2026-01-14T19:09:57.126+0700	INFO	channelz/trace.go:200	[core] [Channel #1] Resolver state updated: {
  "Addresses": [
    {
      "Addr": "127.0.0.1:4317",
      "ServerName": "",
      "Attributes": null,
      "BalancerAttributes": null,
      "Metadata": null
    }
  ],
  "Endpoints": [
    {
      "Addresses": [
        {
          "Addr": "127.0.0.1:4317",
          "ServerName": "",
          "Attributes": null,
          "BalancerAttributes": null,
          "Metadata": null
        }
      ],
      "Attributes": null
    }
  ],
  "ServiceConfig": null,
  "Attributes": null
} (resolver returned new addresses)	{"grpc_log": true}
2026-01-14T19:09:57.127+0700	INFO	channelz/trace.go:200	[core] [Channel #1] Channel switches to new LB policy "pick_first"	{"grpc_log": true}
2026-01-14T19:09:57.128+0700	INFO	grpclog/prefix_logger.go:42	[pick-first-leaf-lb] [pick-first-leaf-lb 0xc000140360] Received new config {
  "shuffleAddressList": false
}, resolver state {
  "Addresses": [
    {
      "Addr": "127.0.0.1:4317",
      "ServerName": "",
      "Attributes": null,
      "BalancerAttributes": null,
      "Metadata": null
    }
  ],
  "Endpoints": [
    {
      "Addresses": [
        {
          "Addr": "127.0.0.1:4317",
          "ServerName": "",
          "Attributes": null,
          "BalancerAttributes": null,
          "Metadata": null
        }
      ],
      "Attributes": null
    }
  ],
  "ServiceConfig": null,
  "Attributes": null
}	{"grpc_log": true}
2026-01-14T19:09:57.129+0700	INFO	channelz/trace.go:200	[core] [Channel #1] Channel Connectivity change to CONNECTING	{"grpc_log": true}
2026-01-14T19:09:57.130+0700	INFO	channelz/trace.go:200	[core] [Channel #1 SubChannel #11] Subchannel created	{"grpc_log": true}
2026-01-14T19:09:57.130+0700	INFO	channelz/trace.go:200	[core] [Channel #1 SubChannel #11] Subchannel Connectivity change to CONNECTING	{"grpc_log": true}
2026-01-14T19:09:57.131+0700	INFO	channelz/trace.go:200	[core] [Channel #1 SubChannel #11] Subchannel picks a new address "127.0.0.1:4317" to connect	{"grpc_log": true}
2026-01-14T19:09:57.136+0700	INFO	channelz/trace.go:200	[core] [Channel #1 SubChannel #11] Subchannel Connectivity change to READY	{"grpc_log": true}
2026-01-14T19:09:57.137+0700	INFO	grpclog/prefix_logger.go:42	[pick-first-leaf-lb] [pick-first-leaf-lb 0xc000140360] SubConn 0xc000138410 reported connectivity state READY and the health listener is disabled. Transitioning SubConn to READY.	{"grpc_log": true}
2026-01-14T19:09:57.138+0700	INFO	channelz/trace.go:200	[core] [Channel #1] Channel Connectivity change to READY	{"grpc_log": true}
2026-01-14T19:09:57.141+0700	INFO	channelz/trace.go:200	[core] [Channel #5] Resolver state updated: {
  "Addresses": [
    {
      "Addr": "127.0.0.1:4317",
      "ServerName": "",
      "Attributes": null,
      "BalancerAttributes": null,
      "Metadata": null
    }
  ],
  "Endpoints": [
    {
      "Addresses": [
        {
          "Addr": "127.0.0.1:4317",
          "ServerName": "",
          "Attributes": null,
          "BalancerAttributes": null,
          "Metadata": null
        }
      ],
      "Attributes": null
    }
  ],
  "ServiceConfig": null,
  "Attributes": null
} (resolver returned new addresses)	{"grpc_log": true}
2026-01-14T19:09:57.141+0700	INFO	channelz/trace.go:200	[core] [Channel #5] Channel switches to new LB policy "pick_first"	{"grpc_log": true}
2026-01-14T19:09:57.142+0700	INFO	grpclog/prefix_logger.go:42	[pick-first-leaf-lb] [pick-first-leaf-lb 0xc000424360] Received new config {
  "shuffleAddressList": false
}, resolver state {
  "Addresses": [
    {
      "Addr": "127.0.0.1:4317",
      "ServerName": "",
      "Attributes": null,
      "BalancerAttributes": null,
      "Metadata": null
    }
  ],
  "Endpoints": [
    {
      "Addresses": [
        {
          "Addr": "127.0.0.1:4317",
          "ServerName": "",
          "Attributes": null,
          "BalancerAttributes": null,
          "Metadata": null
        }
      ],
      "Attributes": null
    }
  ],
  "ServiceConfig": null,
  "Attributes": null
}	{"grpc_log": true}
2026-01-14T19:09:57.142+0700	INFO	channelz/trace.go:200	[core] [Channel #5] Channel Connectivity change to CONNECTING	{"grpc_log": true}
2026-01-14T19:09:57.142+0700	INFO	channelz/trace.go:200	[core] [Channel #5 SubChannel #13] Subchannel created	{"grpc_log": true}
2026-01-14T19:09:57.143+0700	INFO	channelz/trace.go:200	[core] [Channel #5 SubChannel #13] Subchannel Connectivity change to CONNECTING	{"grpc_log": true}
2026-01-14T19:09:57.143+0700	INFO	channelz/trace.go:200	[core] [Channel #5 SubChannel #13] Subchannel picks a new address "127.0.0.1:4317" to connect	{"grpc_log": true}
2026-01-14T19:09:57.144+0700	INFO	channelz/trace.go:200	[core] [Channel #5 SubChannel #13] Subchannel Connectivity change to READY	{"grpc_log": true}
2026-01-14T19:09:57.145+0700	INFO	grpclog/prefix_logger.go:42	[pick-first-leaf-lb] [pick-first-leaf-lb 0xc000424360] SubConn 0xc0004082d0 reported connectivity state READY and the health listener is disabled. Transitioning SubConn to READY.	{"grpc_log": true}
2026-01-14T19:09:57.145+0700	INFO	channelz/trace.go:200	[core] [Channel #5] Channel Connectivity change to READY	{"grpc_log": true}
2026-01-14T19:09:57.289+0700	INFO	channelz/trace.go:200	[core] [Channel #2] Resolver state updated: {
  "Addresses": [
    {
      "Addr": "127.0.0.1:4317",
      "ServerName": "",
      "Attributes": null,
      "BalancerAttributes": null,
      "Metadata": null
    }
  ],
  "Endpoints": [
    {
      "Addresses": [
        {
          "Addr": "127.0.0.1:4317",
          "ServerName": "",
          "Attributes": null,
          "BalancerAttributes": null,
          "Metadata": null
        }
      ],
      "Attributes": null
    }
  ],
  "ServiceConfig": null,
  "Attributes": null
} (resolver returned new addresses)	{"grpc_log": true}
2026-01-14T19:09:57.289+0700	INFO	channelz/trace.go:200	[core] [Channel #2] Channel switches to new LB policy "pick_first"	{"grpc_log": true}
2026-01-14T19:09:57.289+0700	INFO	grpclog/prefix_logger.go:42	[pick-first-leaf-lb] [pick-first-leaf-lb 0xc000721050] Received new config {
  "shuffleAddressList": false
}, resolver state {
  "Addresses": [
    {
      "Addr": "127.0.0.1:4317",
      "ServerName": "",
      "Attributes": null,
      "BalancerAttributes": null,
      "Metadata": null
    }
  ],
  "Endpoints": [
    {
      "Addresses": [
        {
          "Addr": "127.0.0.1:4317",
          "ServerName": "",
          "Attributes": null,
          "BalancerAttributes": null,
          "Metadata": null
        }
      ],
      "Attributes": null
    }
  ],
  "ServiceConfig": null,
  "Attributes": null
}	{"grpc_log": true}
2026-01-14T19:09:57.290+0700	INFO	channelz/trace.go:200	[core] [Channel #2] Channel Connectivity change to CONNECTING	{"grpc_log": true}
2026-01-14T19:09:57.290+0700	INFO	channelz/trace.go:200	[core] [Channel #2 SubChannel #15] Subchannel created	{"grpc_log": true}
2026-01-14T19:09:57.290+0700	INFO	channelz/trace.go:200	[core] [Channel #2 SubChannel #15] Subchannel Connectivity change to CONNECTING	{"grpc_log": true}
2026-01-14T19:09:57.290+0700	INFO	channelz/trace.go:200	[core] [Channel #2 SubChannel #15] Subchannel picks a new address "127.0.0.1:4317" to connect	{"grpc_log": true}
2026-01-14T19:09:57.290+0700	INFO	channelz/trace.go:200	[core] [Channel #2 SubChannel #15] Subchannel Connectivity change to READY	{"grpc_log": true}
2026-01-14T19:09:57.290+0700	INFO	grpclog/prefix_logger.go:42	[pick-first-leaf-lb] [pick-first-leaf-lb 0xc000721050] SubConn 0xc000339c20 reported connectivity state READY and the health listener is disabled. Transitioning SubConn to READY.	{"grpc_log": true}
2026-01-14T19:09:57.290+0700	INFO	channelz/trace.go:200	[core] [Channel #2] Channel Connectivity change to READY	{"grpc_log": true}
2026-01-14T19:09:57.291+0700	INFO	channelz/trace.go:200	[core] [Channel #9] Resolver state updated: {
  "Addresses": [
    {
      "Addr": "127.0.0.1:4317",
      "ServerName": "",
      "Attributes": null,
      "BalancerAttributes": null,
      "Metadata": null
    }
  ],
  "Endpoints": [
    {
      "Addresses": [
        {
          "Addr": "127.0.0.1:4317",
          "ServerName": "",
          "Attributes": null,
          "BalancerAttributes": null,
          "Metadata": null
        }
      ],
      "Attributes": null
    }
  ],
  "ServiceConfig": null,
  "Attributes": null
} (resolver returned new addresses)	{"grpc_log": true}
2026-01-14T19:09:57.291+0700	INFO	channelz/trace.go:200	[core] [Channel #9] Channel switches to new LB policy "pick_first"	{"grpc_log": true}
2026-01-14T19:09:57.291+0700	INFO	grpclog/prefix_logger.go:42	[pick-first-leaf-lb] [pick-first-leaf-lb 0xc0007213b0] Received new config {
  "shuffleAddressList": false
}, resolver state {
  "Addresses": [
    {
      "Addr": "127.0.0.1:4317",
      "ServerName": "",
      "Attributes": null,
      "BalancerAttributes": null,
      "Metadata": null
    }
  ],
  "Endpoints": [
    {
      "Addresses": [
        {
          "Addr": "127.0.0.1:4317",
          "ServerName": "",
          "Attributes": null,
          "BalancerAttributes": null,
          "Metadata": null
        }
      ],
      "Attributes": null
    }
  ],
  "ServiceConfig": null,
  "Attributes": null
}	{"grpc_log": true}
2026-01-14T19:09:57.291+0700	INFO	channelz/trace.go:200	[core] [Channel #9] Channel Connectivity change to CONNECTING	{"grpc_log": true}
2026-01-14T19:09:57.291+0700	INFO	channelz/trace.go:200	[core] [Channel #9 SubChannel #17] Subchannel created	{"grpc_log": true}
2026-01-14T19:09:57.291+0700	INFO	channelz/trace.go:200	[core] [Channel #9 SubChannel #17] Subchannel Connectivity change to CONNECTING	{"grpc_log": true}
2026-01-14T19:09:57.291+0700	INFO	channelz/trace.go:200	[core] [Channel #9 SubChannel #17] Subchannel picks a new address "127.0.0.1:4317" to connect	{"grpc_log": true}
2026-01-14T19:09:57.292+0700	INFO	channelz/trace.go:200	[core] [Channel #4] Resolver state updated: {
  "Addresses": [
    {
      "Addr": "127.0.0.1:4317",
      "ServerName": "",
      "Attributes": null,
      "BalancerAttributes": null,
      "Metadata": null
    }
  ],
  "Endpoints": [
    {
      "Addresses": [
        {
          "Addr": "127.0.0.1:4317",
          "ServerName": "",
          "Attributes": null,
          "BalancerAttributes": null,
          "Metadata": null
        }
      ],
      "Attributes": null
    }
  ],
  "ServiceConfig": null,
  "Attributes": null
} (resolver returned new addresses)	{"grpc_log": true}
2026-01-14T19:09:57.292+0700	INFO	channelz/trace.go:200	[core] [Channel #9 SubChannel #17] Subchannel Connectivity change to READY	{"grpc_log": true}
2026-01-14T19:09:57.292+0700	INFO	channelz/trace.go:200	[core] [Channel #4] Channel switches to new LB policy "pick_first"	{"grpc_log": true}
2026-01-14T19:09:57.292+0700	INFO	grpclog/prefix_logger.go:42	[pick-first-leaf-lb] [pick-first-leaf-lb 0xc0007213b0] SubConn 0xc0004089b0 reported connectivity state READY and the health listener is disabled. Transitioning SubConn to READY.	{"grpc_log": true}
2026-01-14T19:09:57.292+0700	INFO	channelz/trace.go:200	[core] [Channel #9] Channel Connectivity change to READY	{"grpc_log": true}
2026-01-14T19:09:57.292+0700	INFO	grpclog/prefix_logger.go:42	[pick-first-leaf-lb] [pick-first-leaf-lb 0xc0004bde60] Received new config {
  "shuffleAddressList": false
}, resolver state {
  "Addresses": [
    {
      "Addr": "127.0.0.1:4317",
      "ServerName": "",
      "Attributes": null,
      "BalancerAttributes": null,
      "Metadata": null
    }
  ],
  "Endpoints": [
    {
      "Addresses": [
        {
          "Addr": "127.0.0.1:4317",
          "ServerName": "",
          "Attributes": null,
          "BalancerAttributes": null,
          "Metadata": null
        }
      ],
      "Attributes": null
    }
  ],
  "ServiceConfig": null,
  "Attributes": null
}	{"grpc_log": true}
2026-01-14T19:09:57.292+0700	INFO	channelz/trace.go:200	[core] [Channel #4] Channel Connectivity change to CONNECTING	{"grpc_log": true}
2026-01-14T19:09:57.292+0700	INFO	channelz/trace.go:200	[core] [Channel #4 SubChannel #19] Subchannel created	{"grpc_log": true}
2026-01-14T19:09:57.292+0700	INFO	channelz/trace.go:200	[core] [Channel #4 SubChannel #19] Subchannel Connectivity change to CONNECTING	{"grpc_log": true}
2026-01-14T19:09:57.292+0700	INFO	channelz/trace.go:200	[core] [Channel #4 SubChannel #19] Subchannel picks a new address "127.0.0.1:4317" to connect	{"grpc_log": true}
2026-01-14T19:09:57.293+0700	INFO	channelz/trace.go:200	[core] [Channel #4 SubChannel #19] Subchannel Connectivity change to READY	{"grpc_log": true}
2026-01-14T19:09:57.293+0700	INFO	grpclog/prefix_logger.go:42	[pick-first-leaf-lb] [pick-first-leaf-lb 0xc0004bde60] SubConn 0xc0001e6190 reported connectivity state READY and the health listener is disabled. Transitioning SubConn to READY.	{"grpc_log": true}
2026-01-14T19:09:57.293+0700	INFO	channelz/trace.go:200	[core] [Channel #4] Channel Connectivity change to READY	{"grpc_log": true}
2026-01-14T19:09:57.300+0700	INFO	channelz/trace.go:200	[core] [Channel #6] Resolver state updated: {
  "Addresses": [
    {
      "Addr": "127.0.0.1:4317",
      "ServerName": "",
      "Attributes": null,
      "BalancerAttributes": null,
      "Metadata": null
    }
  ],
  "Endpoints": [
    {
      "Addresses": [
        {
          "Addr": "127.0.0.1:4317",
          "ServerName": "",
          "Attributes": null,
          "BalancerAttributes": null,
          "Metadata": null
        }
      ],
      "Attributes": null
    }
  ],
  "ServiceConfig": null,
  "Attributes": null
} (resolver returned new addresses)	{"grpc_log": true}
2026-01-14T19:09:57.300+0700	INFO	channelz/trace.go:200	[core] [Channel #6] Channel switches to new LB policy "pick_first"	{"grpc_log": true}
2026-01-14T19:09:57.301+0700	INFO	channelz/trace.go:200	[core] [Channel #8] Resolver state updated: {
  "Addresses": [
    {
      "Addr": "127.0.0.1:4317",
      "ServerName": "",
      "Attributes": null,
      "BalancerAttributes": null,
      "Metadata": null
    }
  ],
  "Endpoints": [
    {
      "Addresses": [
        {
          "Addr": "127.0.0.1:4317",
          "ServerName": "",
          "Attributes": null,
          "BalancerAttributes": null,
          "Metadata": null
        }
      ],
      "Attributes": null
    }
  ],
  "ServiceConfig": null,
  "Attributes": null
} (resolver returned new addresses)	{"grpc_log": true}
2026-01-14T19:09:57.301+0700	INFO	grpclog/prefix_logger.go:42	[pick-first-leaf-lb] [pick-first-leaf-lb 0xc000140090] Received new config {
  "shuffleAddressList": false
}, resolver state {
  "Addresses": [
    {
      "Addr": "127.0.0.1:4317",
      "ServerName": "",
      "Attributes": null,
      "BalancerAttributes": null,
      "Metadata": null
    }
  ],
  "Endpoints": [
    {
      "Addresses": [
        {
          "Addr": "127.0.0.1:4317",
          "ServerName": "",
          "Attributes": null,
          "BalancerAttributes": null,
          "Metadata": null
        }
      ],
      "Attributes": null
    }
  ],
  "ServiceConfig": null,
  "Attributes": null
}	{"grpc_log": true}
2026-01-14T19:09:57.301+0700	INFO	channelz/trace.go:200	[core] [Channel #6] Channel Connectivity change to CONNECTING	{"grpc_log": true}
2026-01-14T19:09:57.301+0700	INFO	channelz/trace.go:200	[core] [Channel #6 SubChannel #21] Subchannel created	{"grpc_log": true}
2026-01-14T19:09:57.301+0700	INFO	channelz/trace.go:200	[core] [Channel #8] Channel switches to new LB policy "pick_first"	{"grpc_log": true}
2026-01-14T19:09:57.302+0700	INFO	channelz/trace.go:200	[core] [Channel #6 SubChannel #21] Subchannel Connectivity change to CONNECTING	{"grpc_log": true}
2026-01-14T19:09:57.302+0700	INFO	grpclog/prefix_logger.go:42	[pick-first-leaf-lb] [pick-first-leaf-lb 0xc00043a000] Received new config {
  "shuffleAddressList": false
}, resolver state {
  "Addresses": [
    {
      "Addr": "127.0.0.1:4317",
      "ServerName": "",
      "Attributes": null,
      "BalancerAttributes": null,
      "Metadata": null
    }
  ],
  "Endpoints": [
    {
      "Addresses": [
        {
          "Addr": "127.0.0.1:4317",
          "ServerName": "",
          "Attributes": null,
          "BalancerAttributes": null,
          "Metadata": null
        }
      ],
      "Attributes": null
    }
  ],
  "ServiceConfig": null,
  "Attributes": null
}	{"grpc_log": true}
2026-01-14T19:09:57.302+0700	INFO	channelz/trace.go:200	[core] [Channel #6 SubChannel #21] Subchannel picks a new address "127.0.0.1:4317" to connect	{"grpc_log": true}
2026-01-14T19:09:57.302+0700	INFO	channelz/trace.go:200	[core] [Channel #8] Channel Connectivity change to CONNECTING	{"grpc_log": true}
2026-01-14T19:09:57.302+0700	INFO	channelz/trace.go:200	[core] [Channel #10] Resolver state updated: {
  "Addresses": [
    {
      "Addr": "127.0.0.1:4317",
      "ServerName": "",
      "Attributes": null,
      "BalancerAttributes": null,
      "Metadata": null
    }
  ],
  "Endpoints": [
    {
      "Addresses": [
        {
          "Addr": "127.0.0.1:4317",
          "ServerName": "",
          "Attributes": null,
          "BalancerAttributes": null,
          "Metadata": null
        }
      ],
      "Attributes": null
    }
  ],
  "ServiceConfig": null,
  "Attributes": null
} (resolver returned new addresses)	{"grpc_log": true}
2026-01-14T19:09:57.303+0700	INFO	channelz/trace.go:200	[core] [Channel #8 SubChannel #22] Subchannel created	{"grpc_log": true}
2026-01-14T19:09:57.303+0700	INFO	channelz/trace.go:200	[core] [Channel #8 SubChannel #22] Subchannel Connectivity change to CONNECTING	{"grpc_log": true}
2026-01-14T19:09:57.303+0700	INFO	channelz/trace.go:200	[core] [Channel #10] Channel switches to new LB policy "pick_first"	{"grpc_log": true}
2026-01-14T19:09:57.303+0700	INFO	channelz/trace.go:200	[core] [Channel #8 SubChannel #22] Subchannel picks a new address "127.0.0.1:4317" to connect	{"grpc_log": true}
2026-01-14T19:09:57.304+0700	INFO	grpclog/prefix_logger.go:42	[pick-first-leaf-lb] [pick-first-leaf-lb 0xc0002c4090] Received new config {
  "shuffleAddressList": false
}, resolver state {
  "Addresses": [
    {
      "Addr": "127.0.0.1:4317",
      "ServerName": "",
      "Attributes": null,
      "BalancerAttributes": null,
      "Metadata": null
    }
  ],
  "Endpoints": [
    {
      "Addresses": [
        {
          "Addr": "127.0.0.1:4317",
          "ServerName": "",
          "Attributes": null,
          "BalancerAttributes": null,
          "Metadata": null
        }
      ],
      "Attributes": null
    }
  ],
  "ServiceConfig": null,
  "Attributes": null
}	{"grpc_log": true}
2026-01-14T19:09:57.304+0700	INFO	channelz/trace.go:200	[core] [Channel #10] Channel Connectivity change to CONNECTING	{"grpc_log": true}
2026-01-14T19:09:57.304+0700	INFO	channelz/trace.go:200	[core] [Channel #8 SubChannel #22] Subchannel Connectivity change to READY	{"grpc_log": true}
2026-01-14T19:09:57.304+0700	INFO	grpclog/prefix_logger.go:42	[pick-first-leaf-lb] [pick-first-leaf-lb 0xc00043a000] SubConn 0xc000612000 reported connectivity state READY and the health listener is disabled. Transitioning SubConn to READY.	{"grpc_log": true}
2026-01-14T19:09:57.303+0700	INFO	channelz/trace.go:200	[core] [Channel #6 SubChannel #21] Subchannel Connectivity change to READY	{"grpc_log": true}
2026-01-14T19:09:57.304+0700	INFO	channelz/trace.go:200	[core] [Channel #10 SubChannel #25] Subchannel created	{"grpc_log": true}
2026-01-14T19:09:57.305+0700	INFO	grpclog/prefix_logger.go:42	[pick-first-leaf-lb] [pick-first-leaf-lb 0xc000140090] SubConn 0xc00032cc80 reported connectivity state READY and the health listener is disabled. Transitioning SubConn to READY.	{"grpc_log": true}
2026-01-14T19:09:57.304+0700	INFO	channelz/trace.go:200	[core] [Channel #8] Channel Connectivity change to READY	{"grpc_log": true}
2026-01-14T19:09:57.305+0700	INFO	channelz/trace.go:200	[core] [Channel #10 SubChannel #25] Subchannel Connectivity change to CONNECTING	{"grpc_log": true}
2026-01-14T19:09:57.305+0700	INFO	channelz/trace.go:200	[core] [Channel #6] Channel Connectivity change to READY	{"grpc_log": true}
2026-01-14T19:09:57.305+0700	INFO	channelz/trace.go:200	[core] [Channel #10 SubChannel #25] Subchannel picks a new address "127.0.0.1:4317" to connect	{"grpc_log": true}
2026-01-14T19:09:57.306+0700	INFO	channelz/trace.go:200	[core] [Channel #10 SubChannel #25] Subchannel Connectivity change to READY	{"grpc_log": true}
2026-01-14T19:09:57.306+0700	INFO	grpclog/prefix_logger.go:42	[pick-first-leaf-lb] [pick-first-leaf-lb 0xc0002c4090] SubConn 0xc000138190 reported connectivity state READY and the health listener is disabled. Transitioning SubConn to READY.	{"grpc_log": true}
2026-01-14T19:09:57.307+0700	INFO	channelz/trace.go:200	[core] [Channel #10] Channel Connectivity change to READY	{"grpc_log": true}
2026-01-14T19:09:57.308+0700	INFO	channelz/trace.go:200	[core] [Channel #7] Resolver state updated: {
  "Addresses": [
    {
      "Addr": "127.0.0.1:4317",
      "ServerName": "",
      "Attributes": null,
      "BalancerAttributes": null,
      "Metadata": null
    }
  ],
  "Endpoints": [
    {
      "Addresses": [
        {
          "Addr": "127.0.0.1:4317",
          "ServerName": "",
          "Attributes": null,
          "BalancerAttributes": null,
          "Metadata": null
        }
      ],
      "Attributes": null
    }
  ],
  "ServiceConfig": null,
  "Attributes": null
} (resolver returned new addresses)	{"grpc_log": true}
2026-01-14T19:09:57.309+0700	INFO	channelz/trace.go:200	[core] [Channel #7] Channel switches to new LB policy "pick_first"	{"grpc_log": true}
2026-01-14T19:09:57.309+0700	INFO	grpclog/prefix_logger.go:42	[pick-first-leaf-lb] [pick-first-leaf-lb 0xc000424480] Received new config {
  "shuffleAddressList": false
}, resolver state {
  "Addresses": [
    {
      "Addr": "127.0.0.1:4317",
      "ServerName": "",
      "Attributes": null,
      "BalancerAttributes": null,
      "Metadata": null
    }
  ],
  "Endpoints": [
    {
      "Addresses": [
        {
          "Addr": "127.0.0.1:4317",
          "ServerName": "",
          "Attributes": null,
          "BalancerAttributes": null,
          "Metadata": null
        }
      ],
      "Attributes": null
    }
  ],
  "ServiceConfig": null,
  "Attributes": null
}	{"grpc_log": true}
2026-01-14T19:09:57.309+0700	INFO	channelz/trace.go:200	[core] [Channel #7] Channel Connectivity change to CONNECTING	{"grpc_log": true}
2026-01-14T19:09:57.309+0700	INFO	channelz/trace.go:200	[core] [Channel #7 SubChannel #27] Subchannel created	{"grpc_log": true}
2026-01-14T19:09:57.310+0700	INFO	channelz/trace.go:200	[core] [Channel #7 SubChannel #27] Subchannel Connectivity change to CONNECTING	{"grpc_log": true}
2026-01-14T19:09:57.310+0700	INFO	channelz/trace.go:200	[core] [Channel #7 SubChannel #27] Subchannel picks a new address "127.0.0.1:4317" to connect	{"grpc_log": true}
2026-01-14T19:09:57.312+0700	INFO	channelz/trace.go:200	[core] [Channel #7 SubChannel #27] Subchannel Connectivity change to READY	{"grpc_log": true}
2026-01-14T19:09:57.312+0700	INFO	grpclog/prefix_logger.go:42	[pick-first-leaf-lb] [pick-first-leaf-lb 0xc000424480] SubConn 0xc0004d8050 reported connectivity state READY and the health listener is disabled. Transitioning SubConn to READY.	{"grpc_log": true}
2026-01-14T19:09:57.312+0700	INFO	channelz/trace.go:200	[core] [Channel #7] Channel Connectivity change to READY	{"grpc_log": true}
2026-01-14T19:09:57.347+0700	INFO	channelz/trace.go:200	[core] [Channel #3] Resolver state updated: {
  "Addresses": [
    {
      "Addr": "127.0.0.1:4317",
      "ServerName": "",
      "Attributes": null,
      "BalancerAttributes": null,
      "Metadata": null
    }
  ],
  "Endpoints": [
    {
      "Addresses": [
        {
          "Addr": "127.0.0.1:4317",
          "ServerName": "",
          "Attributes": null,
          "BalancerAttributes": null,
          "Metadata": null
        }
      ],
      "Attributes": null
    }
  ],
  "ServiceConfig": null,
  "Attributes": null
} (resolver returned new addresses)	{"grpc_log": true}
2026-01-14T19:09:57.348+0700	INFO	channelz/trace.go:200	[core] [Channel #3] Channel switches to new LB policy "pick_first"	{"grpc_log": true}
2026-01-14T19:09:57.349+0700	INFO	grpclog/prefix_logger.go:42	[pick-first-leaf-lb] [pick-first-leaf-lb 0xc0002c41b0] Received new config {
  "shuffleAddressList": false
}, resolver state {
  "Addresses": [
    {
      "Addr": "127.0.0.1:4317",
      "ServerName": "",
      "Attributes": null,
      "BalancerAttributes": null,
      "Metadata": null
    }
  ],
  "Endpoints": [
    {
      "Addresses": [
        {
          "Addr": "127.0.0.1:4317",
          "ServerName": "",
          "Attributes": null,
          "BalancerAttributes": null,
          "Metadata": null
        }
      ],
      "Attributes": null
    }
  ],
  "ServiceConfig": null,
  "Attributes": null
}	{"grpc_log": true}
2026-01-14T19:09:57.349+0700	INFO	channelz/trace.go:200	[core] [Channel #3] Channel Connectivity change to CONNECTING	{"grpc_log": true}
2026-01-14T19:09:57.349+0700	INFO	channelz/trace.go:200	[core] [Channel #3 SubChannel #29] Subchannel created	{"grpc_log": true}
2026-01-14T19:09:57.349+0700	INFO	channelz/trace.go:200	[core] [Channel #3 SubChannel #29] Subchannel Connectivity change to CONNECTING	{"grpc_log": true}
2026-01-14T19:09:57.349+0700	INFO	channelz/trace.go:200	[core] [Channel #3 SubChannel #29] Subchannel picks a new address "127.0.0.1:4317" to connect	{"grpc_log": true}
2026-01-14T19:09:57.350+0700	INFO	channelz/trace.go:200	[core] [Channel #3 SubChannel #29] Subchannel Connectivity change to READY	{"grpc_log": true}
2026-01-14T19:09:57.350+0700	INFO	grpclog/prefix_logger.go:42	[pick-first-leaf-lb] [pick-first-leaf-lb 0xc0002c41b0] SubConn 0xc000408230 reported connectivity state READY and the health listener is disabled. Transitioning SubConn to READY.	{"grpc_log": true}
2026-01-14T19:09:57.350+0700	INFO	channelz/trace.go:200	[core] [Channel #3] Channel Connectivity change to READY	{"grpc_log": true}
2026-01-14T19:10:56.951+0700	INFO	metrics/worker.go:233	metrics generated	{"worker": 8, "metrics": 162445}
2026-01-14T19:10:56.951+0700	INFO	metrics/worker.go:233	metrics generated	{"worker": 1, "metrics": 162653}
2026-01-14T19:10:56.951+0700	INFO	metrics/worker.go:233	metrics generated	{"worker": 4, "metrics": 163786}
2026-01-14T19:10:56.951+0700	INFO	metrics/worker.go:233	metrics generated	{"worker": 2, "metrics": 162717}
2026-01-14T19:10:56.951+0700	INFO	metrics/worker.go:233	metrics generated	{"worker": 6, "metrics": 162218}
2026-01-14T19:10:56.951+0700	INFO	metrics/worker.go:233	metrics generated	{"worker": 9, "metrics": 162612}
2026-01-14T19:10:56.951+0700	INFO	metrics/worker.go:233	metrics generated	{"worker": 0, "metrics": 162998}
2026-01-14T19:10:56.951+0700	INFO	metrics/worker.go:233	metrics generated	{"worker": 5, "metrics": 162764}
2026-01-14T19:10:56.951+0700	INFO	metrics/worker.go:233	metrics generated	{"worker": 3, "metrics": 162576}
2026-01-14T19:10:56.951+0700	INFO	metrics/worker.go:233	metrics generated	{"worker": 7, "metrics": 162501}
2026-01-14T19:10:56.951+0700	INFO	metrics/metrics.go:97	stopping the exporter	{"worker": 9}
2026-01-14T19:10:56.951+0700	INFO	channelz/trace.go:200	[core] [Channel #10] Channel Connectivity change to SHUTDOWN	{"grpc_log": true}
2026-01-14T19:10:56.951+0700	INFO	channelz/trace.go:200	[core] [Channel #10] Closing the name resolver	{"grpc_log": true}
2026-01-14T19:10:56.951+0700	INFO	channelz/trace.go:200	[core] [Channel #10] ccBalancerWrapper: closing	{"grpc_log": true}
2026-01-14T19:10:56.951+0700	INFO	channelz/trace.go:200	[core] [Channel #10 SubChannel #25] Subchannel Connectivity change to SHUTDOWN	{"grpc_log": true}
2026-01-14T19:10:56.952+0700	INFO	channelz/trace.go:200	[core] [Channel #10 SubChannel #25] Subchannel deleted	{"grpc_log": true}
2026-01-14T19:10:56.952+0700	INFO	grpclog/prefix_logger.go:42	[transport] [client-transport 0xc0001f9208] Closing: rpc error: code = Canceled desc = grpc: the client connection is closing	{"grpc_log": true}
2026-01-14T19:10:56.952+0700	INFO	grpclog/prefix_logger.go:42	[transport] [client-transport 0xc0001f9208] loopyWriter exiting with error: rpc error: code = Canceled desc = grpc: the client connection is closing	{"grpc_log": true}
2026-01-14T19:10:56.952+0700	INFO	channelz/trace.go:200	[core] [Channel #10] Channel deleted	{"grpc_log": true}
2026-01-14T19:10:56.952+0700	INFO	metrics/metrics.go:97	stopping the exporter	{"worker": 8}
2026-01-14T19:10:56.952+0700	INFO	channelz/trace.go:200	[core] [Channel #9] Channel Connectivity change to SHUTDOWN	{"grpc_log": true}
2026-01-14T19:10:56.952+0700	INFO	channelz/trace.go:200	[core] [Channel #9] Closing the name resolver	{"grpc_log": true}
2026-01-14T19:10:56.952+0700	INFO	channelz/trace.go:200	[core] [Channel #9] ccBalancerWrapper: closing	{"grpc_log": true}
2026-01-14T19:10:56.952+0700	INFO	channelz/trace.go:200	[core] [Channel #9 SubChannel #17] Subchannel Connectivity change to SHUTDOWN	{"grpc_log": true}
2026-01-14T19:10:56.952+0700	INFO	channelz/trace.go:200	[core] [Channel #9 SubChannel #17] Subchannel deleted	{"grpc_log": true}
2026-01-14T19:10:56.952+0700	INFO	grpclog/prefix_logger.go:42	[transport] [client-transport 0xc0001f8008] Closing: rpc error: code = Canceled desc = grpc: the client connection is closing	{"grpc_log": true}
2026-01-14T19:10:56.952+0700	INFO	grpclog/prefix_logger.go:42	[transport] [client-transport 0xc0001f8008] loopyWriter exiting with error: rpc error: code = Canceled desc = grpc: the client connection is closing	{"grpc_log": true}
2026-01-14T19:10:56.952+0700	INFO	channelz/trace.go:200	[core] [Channel #9] Channel deleted	{"grpc_log": true}
2026-01-14T19:10:56.952+0700	INFO	metrics/metrics.go:97	stopping the exporter	{"worker": 7}
2026-01-14T19:10:56.952+0700	INFO	channelz/trace.go:200	[core] [Channel #8] Channel Connectivity change to SHUTDOWN	{"grpc_log": true}
2026-01-14T19:10:56.953+0700	INFO	channelz/trace.go:200	[core] [Channel #8] Closing the name resolver	{"grpc_log": true}
2026-01-14T19:10:56.953+0700	INFO	channelz/trace.go:200	[core] [Channel #8] ccBalancerWrapper: closing	{"grpc_log": true}
2026-01-14T19:10:56.953+0700	INFO	channelz/trace.go:200	[core] [Channel #8 SubChannel #22] Subchannel Connectivity change to SHUTDOWN	{"grpc_log": true}
2026-01-14T19:10:56.953+0700	INFO	channelz/trace.go:200	[core] [Channel #8 SubChannel #22] Subchannel deleted	{"grpc_log": true}
2026-01-14T19:10:56.953+0700	INFO	grpclog/prefix_logger.go:42	[transport] [client-transport 0xc0001f8fc8] Closing: rpc error: code = Canceled desc = grpc: the client connection is closing	{"grpc_log": true}
2026-01-14T19:10:56.953+0700	INFO	grpclog/prefix_logger.go:42	[transport] [client-transport 0xc0001f8fc8] loopyWriter exiting with error: rpc error: code = Canceled desc = grpc: the client connection is closing	{"grpc_log": true}
2026-01-14T19:10:56.953+0700	INFO	channelz/trace.go:200	[core] [Channel #8] Channel deleted	{"grpc_log": true}
2026-01-14T19:10:56.953+0700	INFO	metrics/metrics.go:97	stopping the exporter	{"worker": 6}
2026-01-14T19:10:56.953+0700	INFO	channelz/trace.go:200	[core] [Channel #7] Channel Connectivity change to SHUTDOWN	{"grpc_log": true}
2026-01-14T19:10:56.953+0700	INFO	channelz/trace.go:200	[core] [Channel #7] Closing the name resolver	{"grpc_log": true}
2026-01-14T19:10:56.953+0700	INFO	channelz/trace.go:200	[core] [Channel #7] ccBalancerWrapper: closing	{"grpc_log": true}
2026-01-14T19:10:56.953+0700	INFO	channelz/trace.go:200	[core] [Channel #7 SubChannel #27] Subchannel Connectivity change to SHUTDOWN	{"grpc_log": true}
2026-01-14T19:10:56.953+0700	INFO	channelz/trace.go:200	[core] [Channel #7 SubChannel #27] Subchannel deleted	{"grpc_log": true}
2026-01-14T19:10:56.953+0700	INFO	grpclog/prefix_logger.go:42	[transport] [client-transport 0xc0001f9448] Closing: rpc error: code = Canceled desc = grpc: the client connection is closing	{"grpc_log": true}
2026-01-14T19:10:56.953+0700	INFO	grpclog/prefix_logger.go:42	[transport] [client-transport 0xc0001f9448] loopyWriter exiting with error: rpc error: code = Canceled desc = grpc: the client connection is closing	{"grpc_log": true}
2026-01-14T19:10:56.953+0700	INFO	channelz/trace.go:200	[core] [Channel #7] Channel deleted	{"grpc_log": true}
2026-01-14T19:10:56.953+0700	INFO	metrics/metrics.go:97	stopping the exporter	{"worker": 5}
2026-01-14T19:10:56.954+0700	INFO	channelz/trace.go:200	[core] [Channel #6] Channel Connectivity change to SHUTDOWN	{"grpc_log": true}
2026-01-14T19:10:56.954+0700	INFO	channelz/trace.go:200	[core] [Channel #6] Closing the name resolver	{"grpc_log": true}
2026-01-14T19:10:56.954+0700	INFO	channelz/trace.go:200	[core] [Channel #6] ccBalancerWrapper: closing	{"grpc_log": true}
2026-01-14T19:10:56.954+0700	INFO	channelz/trace.go:200	[core] [Channel #6 SubChannel #21] Subchannel Connectivity change to SHUTDOWN	{"grpc_log": true}
2026-01-14T19:10:56.954+0700	INFO	channelz/trace.go:200	[core] [Channel #6 SubChannel #21] Subchannel deleted	{"grpc_log": true}
2026-01-14T19:10:56.954+0700	INFO	grpclog/prefix_logger.go:42	[transport] [client-transport 0xc0001f8d88] Closing: rpc error: code = Canceled desc = grpc: the client connection is closing	{"grpc_log": true}
2026-01-14T19:10:56.954+0700	INFO	grpclog/prefix_logger.go:42	[transport] [client-transport 0xc0001f8d88] loopyWriter exiting with error: rpc error: code = Canceled desc = grpc: the client connection is closing	{"grpc_log": true}
2026-01-14T19:10:56.954+0700	INFO	channelz/trace.go:200	[core] [Channel #6] Channel deleted	{"grpc_log": true}
2026-01-14T19:10:56.954+0700	INFO	metrics/metrics.go:97	stopping the exporter	{"worker": 4}
2026-01-14T19:10:56.954+0700	INFO	channelz/trace.go:200	[core] [Channel #5] Channel Connectivity change to SHUTDOWN	{"grpc_log": true}
2026-01-14T19:10:56.954+0700	INFO	channelz/trace.go:200	[core] [Channel #5] Closing the name resolver	{"grpc_log": true}
2026-01-14T19:10:56.954+0700	INFO	channelz/trace.go:200	[core] [Channel #5] ccBalancerWrapper: closing	{"grpc_log": true}
2026-01-14T19:10:56.954+0700	INFO	channelz/trace.go:200	[core] [Channel #5 SubChannel #13] Subchannel Connectivity change to SHUTDOWN	{"grpc_log": true}
2026-01-14T19:10:56.954+0700	INFO	channelz/trace.go:200	[core] [Channel #5 SubChannel #13] Subchannel deleted	{"grpc_log": true}
2026-01-14T19:10:56.954+0700	INFO	grpclog/prefix_logger.go:42	[transport] [client-transport 0xc00047e008] Closing: rpc error: code = Canceled desc = grpc: the client connection is closing	{"grpc_log": true}
2026-01-14T19:10:56.954+0700	INFO	grpclog/prefix_logger.go:42	[transport] [client-transport 0xc00047e008] loopyWriter exiting with error: rpc error: code = Canceled desc = grpc: the client connection is closing	{"grpc_log": true}
2026-01-14T19:10:56.954+0700	INFO	channelz/trace.go:200	[core] [Channel #5] Channel deleted	{"grpc_log": true}
2026-01-14T19:10:56.954+0700	INFO	metrics/metrics.go:97	stopping the exporter	{"worker": 3}
2026-01-14T19:10:56.954+0700	INFO	channelz/trace.go:200	[core] [Channel #4] Channel Connectivity change to SHUTDOWN	{"grpc_log": true}
2026-01-14T19:10:56.955+0700	INFO	channelz/trace.go:200	[core] [Channel #4] Closing the name resolver	{"grpc_log": true}
2026-01-14T19:10:56.955+0700	INFO	channelz/trace.go:200	[core] [Channel #4] ccBalancerWrapper: closing	{"grpc_log": true}
2026-01-14T19:10:56.955+0700	INFO	channelz/trace.go:200	[core] [Channel #4 SubChannel #19] Subchannel Connectivity change to SHUTDOWN	{"grpc_log": true}
2026-01-14T19:10:56.955+0700	INFO	channelz/trace.go:200	[core] [Channel #4 SubChannel #19] Subchannel deleted	{"grpc_log": true}
2026-01-14T19:10:56.955+0700	INFO	grpclog/prefix_logger.go:42	[transport] [client-transport 0xc0001f8248] Closing: rpc error: code = Canceled desc = grpc: the client connection is closing	{"grpc_log": true}
2026-01-14T19:10:56.955+0700	INFO	grpclog/prefix_logger.go:42	[transport] [client-transport 0xc0001f8248] loopyWriter exiting with error: rpc error: code = Canceled desc = grpc: the client connection is closing	{"grpc_log": true}
2026-01-14T19:10:56.955+0700	INFO	channelz/trace.go:200	[core] [Channel #4] Channel deleted	{"grpc_log": true}
2026-01-14T19:10:56.955+0700	INFO	metrics/metrics.go:97	stopping the exporter	{"worker": 2}
2026-01-14T19:10:56.955+0700	INFO	channelz/trace.go:200	[core] [Channel #3] Channel Connectivity change to SHUTDOWN	{"grpc_log": true}
2026-01-14T19:10:56.955+0700	INFO	channelz/trace.go:200	[core] [Channel #3] Closing the name resolver	{"grpc_log": true}
2026-01-14T19:10:56.955+0700	INFO	channelz/trace.go:200	[core] [Channel #3] ccBalancerWrapper: closing	{"grpc_log": true}
2026-01-14T19:10:56.955+0700	INFO	channelz/trace.go:200	[core] [Channel #3 SubChannel #29] Subchannel Connectivity change to SHUTDOWN	{"grpc_log": true}
2026-01-14T19:10:56.955+0700	INFO	channelz/trace.go:200	[core] [Channel #3 SubChannel #29] Subchannel deleted	{"grpc_log": true}
2026-01-14T19:10:56.955+0700	INFO	grpclog/prefix_logger.go:42	[transport] [client-transport 0xc000585688] Closing: rpc error: code = Canceled desc = grpc: the client connection is closing	{"grpc_log": true}
2026-01-14T19:10:56.955+0700	INFO	grpclog/prefix_logger.go:42	[transport] [client-transport 0xc000585688] loopyWriter exiting with error: rpc error: code = Canceled desc = grpc: the client connection is closing	{"grpc_log": true}
2026-01-14T19:10:56.955+0700	INFO	channelz/trace.go:200	[core] [Channel #3] Channel deleted	{"grpc_log": true}
2026-01-14T19:10:56.955+0700	INFO	metrics/metrics.go:97	stopping the exporter	{"worker": 1}
2026-01-14T19:10:56.955+0700	INFO	channelz/trace.go:200	[core] [Channel #2] Channel Connectivity change to SHUTDOWN	{"grpc_log": true}
2026-01-14T19:10:56.955+0700	INFO	channelz/trace.go:200	[core] [Channel #2] Closing the name resolver	{"grpc_log": true}
2026-01-14T19:10:56.955+0700	INFO	channelz/trace.go:200	[core] [Channel #2] ccBalancerWrapper: closing	{"grpc_log": true}
2026-01-14T19:10:56.956+0700	INFO	channelz/trace.go:200	[core] [Channel #2 SubChannel #15] Subchannel Connectivity change to SHUTDOWN	{"grpc_log": true}
2026-01-14T19:10:56.956+0700	INFO	channelz/trace.go:200	[core] [Channel #2 SubChannel #15] Subchannel deleted	{"grpc_log": true}
2026-01-14T19:10:56.956+0700	INFO	grpclog/prefix_logger.go:42	[transport] [client-transport 0xc000585448] Closing: rpc error: code = Canceled desc = grpc: the client connection is closing	{"grpc_log": true}
2026-01-14T19:10:56.956+0700	INFO	grpclog/prefix_logger.go:42	[transport] [client-transport 0xc000585448] loopyWriter exiting with error: rpc error: code = Canceled desc = grpc: the client connection is closing	{"grpc_log": true}
2026-01-14T19:10:56.956+0700	INFO	channelz/trace.go:200	[core] [Channel #2] Channel deleted	{"grpc_log": true}
2026-01-14T19:10:56.956+0700	INFO	metrics/metrics.go:97	stopping the exporter	{"worker": 0}
2026-01-14T19:10:56.956+0700	INFO	channelz/trace.go:200	[core] [Channel #1] Channel Connectivity change to SHUTDOWN	{"grpc_log": true}
2026-01-14T19:10:56.956+0700	INFO	channelz/trace.go:200	[core] [Channel #1] Closing the name resolver	{"grpc_log": true}
2026-01-14T19:10:56.956+0700	INFO	channelz/trace.go:200	[core] [Channel #1] ccBalancerWrapper: closing	{"grpc_log": true}
2026-01-14T19:10:56.956+0700	INFO	channelz/trace.go:200	[core] [Channel #1 SubChannel #11] Subchannel Connectivity change to SHUTDOWN	{"grpc_log": true}
2026-01-14T19:10:56.956+0700	INFO	channelz/trace.go:200	[core] [Channel #1 SubChannel #11] Subchannel deleted	{"grpc_log": true}
2026-01-14T19:10:56.956+0700	INFO	grpclog/prefix_logger.go:42	[transport] [client-transport 0xc0001f8b48] Closing: rpc error: code = Canceled desc = grpc: the client connection is closing	{"grpc_log": true}
2026-01-14T19:10:56.956+0700	INFO	grpclog/prefix_logger.go:42	[transport] [client-transport 0xc0001f8b48] loopyWriter exiting with error: rpc error: code = Canceled desc = grpc: the client connection is closing	{"grpc_log": true}
2026-01-14T19:10:56.956+0700	INFO	channelz/trace.go:200	[core] [Channel #1] Channel deleted	{"grpc_log": true}
