2026-01-14T19:11:02.019+0700	INFO	metrics/metrics.go:34	starting the metrics generator with configuration	{"config": {"WorkerCount":10,"Rate":40000,"TotalDuration":60000000000,"ReportingInterval":1000000000,"SkipSettingGRPCLogger":false,"CustomEndpoint":"localhost:4317","Insecure":true,"InsecureSkipVerify":false,"UseHTTP":false,"HTTPPath":"/v1/metrics","Headers":{},"ResourceAttributes":{},"ServiceName":"telemetrygen","TelemetryAttributes":{},"CaFile":"","ClientAuth":{"Enabled":false,"ClientCertFile":"","ClientKeyFile":""},"AllowExportFailures":false,"LoadSize":0,"NumMetrics":1,"MetricName":"gen","MetricType":"Gauge","AggregationTemporality":1,"SpanID":"","TraceID":"","EnforceUniqueTimeseries":false,"UniqueTimelimit":1000000000}}
2026-01-14T19:11:02.019+0700	INFO	metrics/metrics.go:58	generation of metrics is limited	{"per-second": 40000}
2026-01-14T19:11:02.019+0700	INFO	metrics/metrics.go:139	starting gRPC exporter
2026-01-14T19:11:02.019+0700	INFO	grpclog/component.go:69	[core] original dial target is: "localhost:4317"	{"grpc_log": true}
2026-01-14T19:11:02.020+0700	INFO	channelz/trace.go:200	[core] [Channel #1] Channel created for target "localhost:4317"	{"grpc_log": true}
2026-01-14T19:11:02.020+0700	INFO	channelz/trace.go:200	[core] [Channel #1] parsed dial target is: resolver.Target{URL:url.URL{Scheme:"dns", Opaque:"", User:(*url.Userinfo)(nil), Host:"", Path:"/localhost:4317", RawPath:"", OmitHost:false, ForceQuery:false, RawQuery:"", Fragment:"", RawFragment:""}}	{"grpc_log": true}
2026-01-14T19:11:02.020+0700	INFO	channelz/trace.go:200	[core] [Channel #1] Channel authority set to "localhost:4317"	{"grpc_log": true}
2026-01-14T19:11:02.020+0700	INFO	metrics/metrics.go:139	starting gRPC exporter
2026-01-14T19:11:02.020+0700	INFO	grpclog/component.go:69	[core] original dial target is: "localhost:4317"	{"grpc_log": true}
2026-01-14T19:11:02.020+0700	INFO	channelz/trace.go:200	[core] [Channel #2] Channel created for target "localhost:4317"	{"grpc_log": true}
2026-01-14T19:11:02.020+0700	INFO	channelz/trace.go:200	[core] [Channel #2] parsed dial target is: resolver.Target{URL:url.URL{Scheme:"dns", Opaque:"", User:(*url.Userinfo)(nil), Host:"", Path:"/localhost:4317", RawPath:"", OmitHost:false, ForceQuery:false, RawQuery:"", Fragment:"", RawFragment:""}}	{"grpc_log": true}
2026-01-14T19:11:02.020+0700	INFO	channelz/trace.go:200	[core] [Channel #1] Channel exiting idle mode	{"grpc_log": true}
2026-01-14T19:11:02.020+0700	INFO	channelz/trace.go:200	[core] [Channel #2] Channel authority set to "localhost:4317"	{"grpc_log": true}
2026-01-14T19:11:02.020+0700	INFO	metrics/metrics.go:139	starting gRPC exporter
2026-01-14T19:11:02.020+0700	INFO	grpclog/component.go:69	[core] original dial target is: "localhost:4317"	{"grpc_log": true}
2026-01-14T19:11:02.020+0700	INFO	channelz/trace.go:200	[core] [Channel #2] Channel exiting idle mode	{"grpc_log": true}
2026-01-14T19:11:02.020+0700	INFO	channelz/trace.go:200	[core] [Channel #3] Channel created for target "localhost:4317"	{"grpc_log": true}
2026-01-14T19:11:02.020+0700	INFO	channelz/trace.go:200	[core] [Channel #3] parsed dial target is: resolver.Target{URL:url.URL{Scheme:"dns", Opaque:"", User:(*url.Userinfo)(nil), Host:"", Path:"/localhost:4317", RawPath:"", OmitHost:false, ForceQuery:false, RawQuery:"", Fragment:"", RawFragment:""}}	{"grpc_log": true}
2026-01-14T19:11:02.020+0700	INFO	channelz/trace.go:200	[core] [Channel #3] Channel authority set to "localhost:4317"	{"grpc_log": true}
2026-01-14T19:11:02.021+0700	INFO	metrics/metrics.go:139	starting gRPC exporter
2026-01-14T19:11:02.021+0700	INFO	grpclog/component.go:69	[core] original dial target is: "localhost:4317"	{"grpc_log": true}
2026-01-14T19:11:02.021+0700	INFO	channelz/trace.go:200	[core] [Channel #4] Channel created for target "localhost:4317"	{"grpc_log": true}
2026-01-14T19:11:02.021+0700	INFO	channelz/trace.go:200	[core] [Channel #4] parsed dial target is: resolver.Target{URL:url.URL{Scheme:"dns", Opaque:"", User:(*url.Userinfo)(nil), Host:"", Path:"/localhost:4317", RawPath:"", OmitHost:false, ForceQuery:false, RawQuery:"", Fragment:"", RawFragment:""}}	{"grpc_log": true}
2026-01-14T19:11:02.021+0700	INFO	channelz/trace.go:200	[core] [Channel #4] Channel authority set to "localhost:4317"	{"grpc_log": true}
2026-01-14T19:11:02.021+0700	INFO	metrics/metrics.go:139	starting gRPC exporter
2026-01-14T19:11:02.021+0700	INFO	grpclog/component.go:69	[core] original dial target is: "localhost:4317"	{"grpc_log": true}
2026-01-14T19:11:02.021+0700	INFO	channelz/trace.go:200	[core] [Channel #5] Channel created for target "localhost:4317"	{"grpc_log": true}
2026-01-14T19:11:02.021+0700	INFO	channelz/trace.go:200	[core] [Channel #5] parsed dial target is: resolver.Target{URL:url.URL{Scheme:"dns", Opaque:"", User:(*url.Userinfo)(nil), Host:"", Path:"/localhost:4317", RawPath:"", OmitHost:false, ForceQuery:false, RawQuery:"", Fragment:"", RawFragment:""}}	{"grpc_log": true}
2026-01-14T19:11:02.021+0700	INFO	channelz/trace.go:200	[core] [Channel #5] Channel authority set to "localhost:4317"	{"grpc_log": true}
2026-01-14T19:11:02.021+0700	INFO	metrics/metrics.go:139	starting gRPC exporter
2026-01-14T19:11:02.021+0700	INFO	grpclog/component.go:69	[core] original dial target is: "localhost:4317"	{"grpc_log": true}
2026-01-14T19:11:02.021+0700	INFO	channelz/trace.go:200	[core] [Channel #3] Channel exiting idle mode	{"grpc_log": true}
2026-01-14T19:11:02.021+0700	INFO	channelz/trace.go:200	[core] [Channel #4] Channel exiting idle mode	{"grpc_log": true}
2026-01-14T19:11:02.021+0700	INFO	channelz/trace.go:200	[core] [Channel #5] Channel exiting idle mode	{"grpc_log": true}
2026-01-14T19:11:02.021+0700	INFO	channelz/trace.go:200	[core] [Channel #6] Channel created for target "localhost:4317"	{"grpc_log": true}
2026-01-14T19:11:02.021+0700	INFO	channelz/trace.go:200	[core] [Channel #6] parsed dial target is: resolver.Target{URL:url.URL{Scheme:"dns", Opaque:"", User:(*url.Userinfo)(nil), Host:"", Path:"/localhost:4317", RawPath:"", OmitHost:false, ForceQuery:false, RawQuery:"", Fragment:"", RawFragment:""}}	{"grpc_log": true}
2026-01-14T19:11:02.021+0700	INFO	channelz/trace.go:200	[core] [Channel #6] Channel authority set to "localhost:4317"	{"grpc_log": true}
2026-01-14T19:11:02.021+0700	INFO	metrics/metrics.go:139	starting gRPC exporter
2026-01-14T19:11:02.021+0700	INFO	channelz/trace.go:200	[core] [Channel #6] Channel exiting idle mode	{"grpc_log": true}
2026-01-14T19:11:02.021+0700	INFO	grpclog/component.go:69	[core] original dial target is: "localhost:4317"	{"grpc_log": true}
2026-01-14T19:11:02.022+0700	INFO	channelz/trace.go:200	[core] [Channel #7] Channel created for target "localhost:4317"	{"grpc_log": true}
2026-01-14T19:11:02.022+0700	INFO	channelz/trace.go:200	[core] [Channel #7] parsed dial target is: resolver.Target{URL:url.URL{Scheme:"dns", Opaque:"", User:(*url.Userinfo)(nil), Host:"", Path:"/localhost:4317", RawPath:"", OmitHost:false, ForceQuery:false, RawQuery:"", Fragment:"", RawFragment:""}}	{"grpc_log": true}
2026-01-14T19:11:02.022+0700	INFO	channelz/trace.go:200	[core] [Channel #7] Channel authority set to "localhost:4317"	{"grpc_log": true}
2026-01-14T19:11:02.022+0700	INFO	metrics/metrics.go:139	starting gRPC exporter
2026-01-14T19:11:02.022+0700	INFO	grpclog/component.go:69	[core] original dial target is: "localhost:4317"	{"grpc_log": true}
2026-01-14T19:11:02.022+0700	INFO	channelz/trace.go:200	[core] [Channel #8] Channel created for target "localhost:4317"	{"grpc_log": true}
2026-01-14T19:11:02.022+0700	INFO	channelz/trace.go:200	[core] [Channel #8] parsed dial target is: resolver.Target{URL:url.URL{Scheme:"dns", Opaque:"", User:(*url.Userinfo)(nil), Host:"", Path:"/localhost:4317", RawPath:"", OmitHost:false, ForceQuery:false, RawQuery:"", Fragment:"", RawFragment:""}}	{"grpc_log": true}
2026-01-14T19:11:02.022+0700	INFO	channelz/trace.go:200	[core] [Channel #8] Channel authority set to "localhost:4317"	{"grpc_log": true}
2026-01-14T19:11:02.022+0700	INFO	metrics/metrics.go:139	starting gRPC exporter
2026-01-14T19:11:02.022+0700	INFO	channelz/trace.go:200	[core] [Channel #8] Channel exiting idle mode	{"grpc_log": true}
2026-01-14T19:11:02.022+0700	INFO	channelz/trace.go:200	[core] [Channel #7] Channel exiting idle mode	{"grpc_log": true}
2026-01-14T19:11:02.022+0700	INFO	grpclog/component.go:69	[core] original dial target is: "localhost:4317"	{"grpc_log": true}
2026-01-14T19:11:02.022+0700	INFO	channelz/trace.go:200	[core] [Channel #9] Channel created for target "localhost:4317"	{"grpc_log": true}
2026-01-14T19:11:02.022+0700	INFO	channelz/trace.go:200	[core] [Channel #9] parsed dial target is: resolver.Target{URL:url.URL{Scheme:"dns", Opaque:"", User:(*url.Userinfo)(nil), Host:"", Path:"/localhost:4317", RawPath:"", OmitHost:false, ForceQuery:false, RawQuery:"", Fragment:"", RawFragment:""}}	{"grpc_log": true}
2026-01-14T19:11:02.022+0700	INFO	channelz/trace.go:200	[core] [Channel #9] Channel authority set to "localhost:4317"	{"grpc_log": true}
2026-01-14T19:11:02.022+0700	INFO	metrics/metrics.go:139	starting gRPC exporter
2026-01-14T19:11:02.022+0700	INFO	grpclog/component.go:69	[core] original dial target is: "localhost:4317"	{"grpc_log": true}
2026-01-14T19:11:02.022+0700	INFO	channelz/trace.go:200	[core] [Channel #10] Channel created for target "localhost:4317"	{"grpc_log": true}
2026-01-14T19:11:02.022+0700	INFO	channelz/trace.go:200	[core] [Channel #10] parsed dial target is: resolver.Target{URL:url.URL{Scheme:"dns", Opaque:"", User:(*url.Userinfo)(nil), Host:"", Path:"/localhost:4317", RawPath:"", OmitHost:false, ForceQuery:false, RawQuery:"", Fragment:"", RawFragment:""}}	{"grpc_log": true}
2026-01-14T19:11:02.022+0700	INFO	channelz/trace.go:200	[core] [Channel #10] Channel authority set to "localhost:4317"	{"grpc_log": true}
2026-01-14T19:11:02.022+0700	INFO	channelz/trace.go:200	[core] [Channel #9] Channel exiting idle mode	{"grpc_log": true}
2026-01-14T19:11:02.022+0700	INFO	channelz/trace.go:200	[core] [Channel #10] Channel exiting idle mode	{"grpc_log": true}
2026-01-14T19:11:02.050+0700	INFO	channelz/trace.go:200	[core] [Channel #1] Resolver state updated: {
  "Addresses": [
    {
      "Addr": "127.0.0.1:4317",
      "ServerName": "",
      "Attributes": null,
      "BalancerAttributes": null,
      "Metadata": null
    }
  ],
  "Endpoints": [
    {
      "Addresses": [
        {
          "Addr": "127.0.0.1:4317",
          "ServerName": "",
          "Attributes": null,
          "BalancerAttributes": null,
          "Metadata": null
        }
      ],
      "Attributes": null
    }
  ],
  "ServiceConfig": null,
  "Attributes": null
} (resolver returned new addresses)	{"grpc_log": true}
2026-01-14T19:11:02.050+0700	INFO	channelz/trace.go:200	[core] [Channel #1] Channel switches to new LB policy "pick_first"	{"grpc_log": true}
2026-01-14T19:11:02.050+0700	INFO	grpclog/prefix_logger.go:42	[pick-first-leaf-lb] [pick-first-leaf-lb 0xc0003fe630] Received new config {
  "shuffleAddressList": false
}, resolver state {
  "Addresses": [
    {
      "Addr": "127.0.0.1:4317",
      "ServerName": "",
      "Attributes": null,
      "BalancerAttributes": null,
      "Metadata": null
    }
  ],
  "Endpoints": [
    {
      "Addresses": [
        {
          "Addr": "127.0.0.1:4317",
          "ServerName": "",
          "Attributes": null,
          "BalancerAttributes": null,
          "Metadata": null
        }
      ],
      "Attributes": null
    }
  ],
  "ServiceConfig": null,
  "Attributes": null
}	{"grpc_log": true}
2026-01-14T19:11:02.050+0700	INFO	channelz/trace.go:200	[core] [Channel #1] Channel Connectivity change to CONNECTING	{"grpc_log": true}
2026-01-14T19:11:02.050+0700	INFO	channelz/trace.go:200	[core] [Channel #1 SubChannel #11] Subchannel created	{"grpc_log": true}
2026-01-14T19:11:02.050+0700	INFO	channelz/trace.go:200	[core] [Channel #1 SubChannel #11] Subchannel Connectivity change to CONNECTING	{"grpc_log": true}
2026-01-14T19:11:02.050+0700	INFO	channelz/trace.go:200	[core] [Channel #1 SubChannel #11] Subchannel picks a new address "127.0.0.1:4317" to connect	{"grpc_log": true}
2026-01-14T19:11:02.051+0700	INFO	channelz/trace.go:200	[core] [Channel #1 SubChannel #11] Subchannel Connectivity change to READY	{"grpc_log": true}
2026-01-14T19:11:02.051+0700	INFO	grpclog/prefix_logger.go:42	[pick-first-leaf-lb] [pick-first-leaf-lb 0xc0003fe630] SubConn 0xc0003cc910 reported connectivity state READY and the health listener is disabled. Transitioning SubConn to READY.	{"grpc_log": true}
2026-01-14T19:11:02.051+0700	INFO	channelz/trace.go:200	[core] [Channel #1] Channel Connectivity change to READY	{"grpc_log": true}
2026-01-14T19:11:02.057+0700	INFO	channelz/trace.go:200	[core] [Channel #10] Resolver state updated: {
  "Addresses": [
    {
      "Addr": "127.0.0.1:4317",
      "ServerName": "",
      "Attributes": null,
      "BalancerAttributes": null,
      "Metadata": null
    }
  ],
  "Endpoints": [
    {
      "Addresses": [
        {
          "Addr": "127.0.0.1:4317",
          "ServerName": "",
          "Attributes": null,
          "BalancerAttributes": null,
          "Metadata": null
        }
      ],
      "Attributes": null
    }
  ],
  "ServiceConfig": null,
  "Attributes": null
} (resolver returned new addresses)	{"grpc_log": true}
2026-01-14T19:11:02.057+0700	INFO	channelz/trace.go:200	[core] [Channel #10] Channel switches to new LB policy "pick_first"	{"grpc_log": true}
2026-01-14T19:11:02.057+0700	INFO	grpclog/prefix_logger.go:42	[pick-first-leaf-lb] [pick-first-leaf-lb 0xc00012eea0] Received new config {
  "shuffleAddressList": false
}, resolver state {
  "Addresses": [
    {
      "Addr": "127.0.0.1:4317",
      "ServerName": "",
      "Attributes": null,
      "BalancerAttributes": null,
      "Metadata": null
    }
  ],
  "Endpoints": [
    {
      "Addresses": [
        {
          "Addr": "127.0.0.1:4317",
          "ServerName": "",
          "Attributes": null,
          "BalancerAttributes": null,
          "Metadata": null
        }
      ],
      "Attributes": null
    }
  ],
  "ServiceConfig": null,
  "Attributes": null
}	{"grpc_log": true}
2026-01-14T19:11:02.057+0700	INFO	channelz/trace.go:200	[core] [Channel #10] Channel Connectivity change to CONNECTING	{"grpc_log": true}
2026-01-14T19:11:02.057+0700	INFO	channelz/trace.go:200	[core] [Channel #10 SubChannel #13] Subchannel created	{"grpc_log": true}
2026-01-14T19:11:02.057+0700	INFO	channelz/trace.go:200	[core] [Channel #10 SubChannel #13] Subchannel Connectivity change to CONNECTING	{"grpc_log": true}
2026-01-14T19:11:02.057+0700	INFO	channelz/trace.go:200	[core] [Channel #10 SubChannel #13] Subchannel picks a new address "127.0.0.1:4317" to connect	{"grpc_log": true}
2026-01-14T19:11:02.057+0700	INFO	channelz/trace.go:200	[core] [Channel #10 SubChannel #13] Subchannel Connectivity change to READY	{"grpc_log": true}
2026-01-14T19:11:02.058+0700	INFO	grpclog/prefix_logger.go:42	[pick-first-leaf-lb] [pick-first-leaf-lb 0xc00012eea0] SubConn 0xc00011d8b0 reported connectivity state READY and the health listener is disabled. Transitioning SubConn to READY.	{"grpc_log": true}
2026-01-14T19:11:02.058+0700	INFO	channelz/trace.go:200	[core] [Channel #10] Channel Connectivity change to READY	{"grpc_log": true}
2026-01-14T19:11:02.360+0700	INFO	channelz/trace.go:200	[core] [Channel #5] Resolver state updated: {
  "Addresses": [
    {
      "Addr": "127.0.0.1:4317",
      "ServerName": "",
      "Attributes": null,
      "BalancerAttributes": null,
      "Metadata": null
    }
  ],
  "Endpoints": [
    {
      "Addresses": [
        {
          "Addr": "127.0.0.1:4317",
          "ServerName": "",
          "Attributes": null,
          "BalancerAttributes": null,
          "Metadata": null
        }
      ],
      "Attributes": null
    }
  ],
  "ServiceConfig": null,
  "Attributes": null
} (resolver returned new addresses)	{"grpc_log": true}
2026-01-14T19:11:02.360+0700	INFO	channelz/trace.go:200	[core] [Channel #5] Channel switches to new LB policy "pick_first"	{"grpc_log": true}
2026-01-14T19:11:02.361+0700	INFO	grpclog/prefix_logger.go:42	[pick-first-leaf-lb] [pick-first-leaf-lb 0xc000620000] Received new config {
  "shuffleAddressList": false
}, resolver state {
  "Addresses": [
    {
      "Addr": "127.0.0.1:4317",
      "ServerName": "",
      "Attributes": null,
      "BalancerAttributes": null,
      "Metadata": null
    }
  ],
  "Endpoints": [
    {
      "Addresses": [
        {
          "Addr": "127.0.0.1:4317",
          "ServerName": "",
          "Attributes": null,
          "BalancerAttributes": null,
          "Metadata": null
        }
      ],
      "Attributes": null
    }
  ],
  "ServiceConfig": null,
  "Attributes": null
}	{"grpc_log": true}
2026-01-14T19:11:02.361+0700	INFO	channelz/trace.go:200	[core] [Channel #5] Channel Connectivity change to CONNECTING	{"grpc_log": true}
2026-01-14T19:11:02.361+0700	INFO	channelz/trace.go:200	[core] [Channel #5 SubChannel #15] Subchannel created	{"grpc_log": true}
2026-01-14T19:11:02.361+0700	INFO	channelz/trace.go:200	[core] [Channel #5 SubChannel #15] Subchannel Connectivity change to CONNECTING	{"grpc_log": true}
2026-01-14T19:11:02.361+0700	INFO	channelz/trace.go:200	[core] [Channel #5 SubChannel #15] Subchannel picks a new address "127.0.0.1:4317" to connect	{"grpc_log": true}
2026-01-14T19:11:02.361+0700	INFO	channelz/trace.go:200	[core] [Channel #2] Resolver state updated: {
  "Addresses": [
    {
      "Addr": "127.0.0.1:4317",
      "ServerName": "",
      "Attributes": null,
      "BalancerAttributes": null,
      "Metadata": null
    }
  ],
  "Endpoints": [
    {
      "Addresses": [
        {
          "Addr": "127.0.0.1:4317",
          "ServerName": "",
          "Attributes": null,
          "BalancerAttributes": null,
          "Metadata": null
        }
      ],
      "Attributes": null
    }
  ],
  "ServiceConfig": null,
  "Attributes": null
} (resolver returned new addresses)	{"grpc_log": true}
2026-01-14T19:11:02.361+0700	INFO	channelz/trace.go:200	[core] [Channel #2] Channel switches to new LB policy "pick_first"	{"grpc_log": true}
2026-01-14T19:11:02.361+0700	INFO	grpclog/prefix_logger.go:42	[pick-first-leaf-lb] [pick-first-leaf-lb 0xc000620120] Received new config {
  "shuffleAddressList": false
}, resolver state {
  "Addresses": [
    {
      "Addr": "127.0.0.1:4317",
      "ServerName": "",
      "Attributes": null,
      "BalancerAttributes": null,
      "Metadata": null
    }
  ],
  "Endpoints": [
    {
      "Addresses": [
        {
          "Addr": "127.0.0.1:4317",
          "ServerName": "",
          "Attributes": null,
          "BalancerAttributes": null,
          "Metadata": null
        }
      ],
      "Attributes": null
    }
  ],
  "ServiceConfig": null,
  "Attributes": null
}	{"grpc_log": true}
2026-01-14T19:11:02.361+0700	INFO	channelz/trace.go:200	[core] [Channel #2] Channel Connectivity change to CONNECTING	{"grpc_log": true}
2026-01-14T19:11:02.361+0700	INFO	channelz/trace.go:200	[core] [Channel #2 SubChannel #17] Subchannel created	{"grpc_log": true}
2026-01-14T19:11:02.361+0700	INFO	channelz/trace.go:200	[core] [Channel #5 SubChannel #15] Subchannel Connectivity change to READY	{"grpc_log": true}
2026-01-14T19:11:02.361+0700	INFO	grpclog/prefix_logger.go:42	[pick-first-leaf-lb] [pick-first-leaf-lb 0xc000620000] SubConn 0xc0003e20f0 reported connectivity state READY and the health listener is disabled. Transitioning SubConn to READY.	{"grpc_log": true}
2026-01-14T19:11:02.361+0700	INFO	channelz/trace.go:200	[core] [Channel #2 SubChannel #17] Subchannel Connectivity change to CONNECTING	{"grpc_log": true}
2026-01-14T19:11:02.361+0700	INFO	channelz/trace.go:200	[core] [Channel #2 SubChannel #17] Subchannel picks a new address "127.0.0.1:4317" to connect	{"grpc_log": true}
2026-01-14T19:11:02.361+0700	INFO	channelz/trace.go:200	[core] [Channel #5] Channel Connectivity change to READY	{"grpc_log": true}
2026-01-14T19:11:02.361+0700	INFO	channelz/trace.go:200	[core] [Channel #2 SubChannel #17] Subchannel Connectivity change to READY	{"grpc_log": true}
2026-01-14T19:11:02.362+0700	INFO	grpclog/prefix_logger.go:42	[pick-first-leaf-lb] [pick-first-leaf-lb 0xc000620120] SubConn 0xc00018e690 reported connectivity state READY and the health listener is disabled. Transitioning SubConn to READY.	{"grpc_log": true}
2026-01-14T19:11:02.362+0700	INFO	channelz/trace.go:200	[core] [Channel #2] Channel Connectivity change to READY	{"grpc_log": true}
2026-01-14T19:11:02.362+0700	INFO	channelz/trace.go:200	[core] [Channel #8] Resolver state updated: {
  "Addresses": [
    {
      "Addr": "127.0.0.1:4317",
      "ServerName": "",
      "Attributes": null,
      "BalancerAttributes": null,
      "Metadata": null
    }
  ],
  "Endpoints": [
    {
      "Addresses": [
        {
          "Addr": "127.0.0.1:4317",
          "ServerName": "",
          "Attributes": null,
          "BalancerAttributes": null,
          "Metadata": null
        }
      ],
      "Attributes": null
    }
  ],
  "ServiceConfig": null,
  "Attributes": null
} (resolver returned new addresses)	{"grpc_log": true}
2026-01-14T19:11:02.362+0700	INFO	channelz/trace.go:200	[core] [Channel #8] Channel switches to new LB policy "pick_first"	{"grpc_log": true}
2026-01-14T19:11:02.362+0700	INFO	grpclog/prefix_logger.go:42	[pick-first-leaf-lb] [pick-first-leaf-lb 0xc0001fa2d0] Received new config {
  "shuffleAddressList": false
}, resolver state {
  "Addresses": [
    {
      "Addr": "127.0.0.1:4317",
      "ServerName": "",
      "Attributes": null,
      "BalancerAttributes": null,
      "Metadata": null
    }
  ],
  "Endpoints": [
    {
      "Addresses": [
        {
          "Addr": "127.0.0.1:4317",
          "ServerName": "",
          "Attributes": null,
          "BalancerAttributes": null,
          "Metadata": null
        }
      ],
      "Attributes": null
    }
  ],
  "ServiceConfig": null,
  "Attributes": null
}	{"grpc_log": true}
2026-01-14T19:11:02.362+0700	INFO	channelz/trace.go:200	[core] [Channel #8] Channel Connectivity change to CONNECTING	{"grpc_log": true}
2026-01-14T19:11:02.362+0700	INFO	channelz/trace.go:200	[core] [Channel #8 SubChannel #19] Subchannel created	{"grpc_log": true}
2026-01-14T19:11:02.362+0700	INFO	channelz/trace.go:200	[core] [Channel #8 SubChannel #19] Subchannel Connectivity change to CONNECTING	{"grpc_log": true}
2026-01-14T19:11:02.362+0700	INFO	channelz/trace.go:200	[core] [Channel #8 SubChannel #19] Subchannel picks a new address "127.0.0.1:4317" to connect	{"grpc_log": true}
2026-01-14T19:11:02.363+0700	INFO	channelz/trace.go:200	[core] [Channel #8 SubChannel #19] Subchannel Connectivity change to READY	{"grpc_log": true}
2026-01-14T19:11:02.363+0700	INFO	grpclog/prefix_logger.go:42	[pick-first-leaf-lb] [pick-first-leaf-lb 0xc0001fa2d0] SubConn 0xc000408820 reported connectivity state READY and the health listener is disabled. Transitioning SubConn to READY.	{"grpc_log": true}
2026-01-14T19:11:02.364+0700	INFO	channelz/trace.go:200	[core] [Channel #9] Resolver state updated: {
  "Addresses": [
    {
      "Addr": "127.0.0.1:4317",
      "ServerName": "",
      "Attributes": null,
      "BalancerAttributes": null,
      "Metadata": null
    }
  ],
  "Endpoints": [
    {
      "Addresses": [
        {
          "Addr": "127.0.0.1:4317",
          "ServerName": "",
          "Attributes": null,
          "BalancerAttributes": null,
          "Metadata": null
        }
      ],
      "Attributes": null
    }
  ],
  "ServiceConfig": null,
  "Attributes": null
} (resolver returned new addresses)	{"grpc_log": true}
2026-01-14T19:11:02.364+0700	INFO	channelz/trace.go:200	[core] [Channel #8] Channel Connectivity change to READY	{"grpc_log": true}
2026-01-14T19:11:02.364+0700	INFO	channelz/trace.go:200	[core] [Channel #9] Channel switches to new LB policy "pick_first"	{"grpc_log": true}
2026-01-14T19:11:02.364+0700	INFO	grpclog/prefix_logger.go:42	[pick-first-leaf-lb] [pick-first-leaf-lb 0xc00029e000] Received new config {
  "shuffleAddressList": false
}, resolver state {
  "Addresses": [
    {
      "Addr": "127.0.0.1:4317",
      "ServerName": "",
      "Attributes": null,
      "BalancerAttributes": null,
      "Metadata": null
    }
  ],
  "Endpoints": [
    {
      "Addresses": [
        {
          "Addr": "127.0.0.1:4317",
          "ServerName": "",
          "Attributes": null,
          "BalancerAttributes": null,
          "Metadata": null
        }
      ],
      "Attributes": null
    }
  ],
  "ServiceConfig": null,
  "Attributes": null
}	{"grpc_log": true}
2026-01-14T19:11:02.365+0700	INFO	channelz/trace.go:200	[core] [Channel #9] Channel Connectivity change to CONNECTING	{"grpc_log": true}
2026-01-14T19:11:02.365+0700	INFO	channelz/trace.go:200	[core] [Channel #9 SubChannel #21] Subchannel created	{"grpc_log": true}
2026-01-14T19:11:02.365+0700	INFO	channelz/trace.go:200	[core] [Channel #9 SubChannel #21] Subchannel Connectivity change to CONNECTING	{"grpc_log": true}
2026-01-14T19:11:02.365+0700	INFO	channelz/trace.go:200	[core] [Channel #9 SubChannel #21] Subchannel picks a new address "127.0.0.1:4317" to connect	{"grpc_log": true}
2026-01-14T19:11:02.365+0700	INFO	channelz/trace.go:200	[core] [Channel #9 SubChannel #21] Subchannel Connectivity change to READY	{"grpc_log": true}
2026-01-14T19:11:02.366+0700	INFO	grpclog/prefix_logger.go:42	[pick-first-leaf-lb] [pick-first-leaf-lb 0xc00029e000] SubConn 0xc0003a40f0 reported connectivity state READY and the health listener is disabled. Transitioning SubConn to READY.	{"grpc_log": true}
2026-01-14T19:11:02.366+0700	INFO	channelz/trace.go:200	[core] [Channel #9] Channel Connectivity change to READY	{"grpc_log": true}
2026-01-14T19:11:02.377+0700	INFO	channelz/trace.go:200	[core] [Channel #7] Resolver state updated: {
  "Addresses": [
    {
      "Addr": "127.0.0.1:4317",
      "ServerName": "",
      "Attributes": null,
      "BalancerAttributes": null,
      "Metadata": null
    }
  ],
  "Endpoints": [
    {
      "Addresses": [
        {
          "Addr": "127.0.0.1:4317",
          "ServerName": "",
          "Attributes": null,
          "BalancerAttributes": null,
          "Metadata": null
        }
      ],
      "Attributes": null
    }
  ],
  "ServiceConfig": null,
  "Attributes": null
} (resolver returned new addresses)	{"grpc_log": true}
2026-01-14T19:11:02.377+0700	INFO	channelz/trace.go:200	[core] [Channel #7] Channel switches to new LB policy "pick_first"	{"grpc_log": true}
2026-01-14T19:11:02.378+0700	INFO	grpclog/prefix_logger.go:42	[pick-first-leaf-lb] [pick-first-leaf-lb 0xc0001d0090] Received new config {
  "shuffleAddressList": false
}, resolver state {
  "Addresses": [
    {
      "Addr": "127.0.0.1:4317",
      "ServerName": "",
      "Attributes": null,
      "BalancerAttributes": null,
      "Metadata": null
    }
  ],
  "Endpoints": [
    {
      "Addresses": [
        {
          "Addr": "127.0.0.1:4317",
          "ServerName": "",
          "Attributes": null,
          "BalancerAttributes": null,
          "Metadata": null
        }
      ],
      "Attributes": null
    }
  ],
  "ServiceConfig": null,
  "Attributes": null
}	{"grpc_log": true}
2026-01-14T19:11:02.378+0700	INFO	channelz/trace.go:200	[core] [Channel #7] Channel Connectivity change to CONNECTING	{"grpc_log": true}
2026-01-14T19:11:02.378+0700	INFO	channelz/trace.go:200	[core] [Channel #7 SubChannel #23] Subchannel created	{"grpc_log": true}
2026-01-14T19:11:02.378+0700	INFO	channelz/trace.go:200	[core] [Channel #3] Resolver state updated: {
  "Addresses": [
    {
      "Addr": "127.0.0.1:4317",
      "ServerName": "",
      "Attributes": null,
      "BalancerAttributes": null,
      "Metadata": null
    }
  ],
  "Endpoints": [
    {
      "Addresses": [
        {
          "Addr": "127.0.0.1:4317",
          "ServerName": "",
          "Attributes": null,
          "BalancerAttributes": null,
          "Metadata": null
        }
      ],
      "Attributes": null
    }
  ],
  "ServiceConfig": null,
  "Attributes": null
} (resolver returned new addresses)	{"grpc_log": true}
2026-01-14T19:11:02.378+0700	INFO	channelz/trace.go:200	[core] [Channel #7 SubChannel #23] Subchannel Connectivity change to CONNECTING	{"grpc_log": true}
2026-01-14T19:11:02.378+0700	INFO	channelz/trace.go:200	[core] [Channel #3] Channel switches to new LB policy "pick_first"	{"grpc_log": true}
2026-01-14T19:11:02.378+0700	INFO	channelz/trace.go:200	[core] [Channel #7 SubChannel #23] Subchannel picks a new address "127.0.0.1:4317" to connect	{"grpc_log": true}
2026-01-14T19:11:02.379+0700	INFO	grpclog/prefix_logger.go:42	[pick-first-leaf-lb] [pick-first-leaf-lb 0xc00023e000] Received new config {
  "shuffleAddressList": false
}, resolver state {
  "Addresses": [
    {
      "Addr": "127.0.0.1:4317",
      "ServerName": "",
      "Attributes": null,
      "BalancerAttributes": null,
      "Metadata": null
    }
  ],
  "Endpoints": [
    {
      "Addresses": [
        {
          "Addr": "127.0.0.1:4317",
          "ServerName": "",
          "Attributes": null,
          "BalancerAttributes": null,
          "Metadata": null
        }
      ],
      "Attributes": null
    }
  ],
  "ServiceConfig": null,
  "Attributes": null
}	{"grpc_log": true}
2026-01-14T19:11:02.379+0700	INFO	channelz/trace.go:200	[core] [Channel #3] Channel Connectivity change to CONNECTING	{"grpc_log": true}
2026-01-14T19:11:02.379+0700	INFO	channelz/trace.go:200	[core] [Channel #3 SubChannel #24] Subchannel created	{"grpc_log": true}
2026-01-14T19:11:02.380+0700	INFO	channelz/trace.go:200	[core] [Channel #3 SubChannel #24] Subchannel Connectivity change to CONNECTING	{"grpc_log": true}
2026-01-14T19:11:02.380+0700	INFO	channelz/trace.go:200	[core] [Channel #7 SubChannel #23] Subchannel Connectivity change to READY	{"grpc_log": true}
2026-01-14T19:11:02.380+0700	INFO	channelz/trace.go:200	[core] [Channel #3 SubChannel #24] Subchannel picks a new address "127.0.0.1:4317" to connect	{"grpc_log": true}
2026-01-14T19:11:02.381+0700	INFO	grpclog/prefix_logger.go:42	[pick-first-leaf-lb] [pick-first-leaf-lb 0xc0001d0090] SubConn 0xc0003e2190 reported connectivity state READY and the health listener is disabled. Transitioning SubConn to READY.	{"grpc_log": true}
2026-01-14T19:11:02.381+0700	INFO	channelz/trace.go:200	[core] [Channel #7] Channel Connectivity change to READY	{"grpc_log": true}
2026-01-14T19:11:02.381+0700	INFO	channelz/trace.go:200	[core] [Channel #3 SubChannel #24] Subchannel Connectivity change to READY	{"grpc_log": true}
2026-01-14T19:11:02.382+0700	INFO	grpclog/prefix_logger.go:42	[pick-first-leaf-lb] [pick-first-leaf-lb 0xc00023e000] SubConn 0xc0003e24b0 reported connectivity state READY and the health listener is disabled. Transitioning SubConn to READY.	{"grpc_log": true}
2026-01-14T19:11:02.382+0700	INFO	channelz/trace.go:200	[core] [Channel #3] Channel Connectivity change to READY	{"grpc_log": true}
2026-01-14T19:11:02.447+0700	INFO	channelz/trace.go:200	[core] [Channel #4] Resolver state updated: {
  "Addresses": [
    {
      "Addr": "127.0.0.1:4317",
      "ServerName": "",
      "Attributes": null,
      "BalancerAttributes": null,
      "Metadata": null
    }
  ],
  "Endpoints": [
    {
      "Addresses": [
        {
          "Addr": "127.0.0.1:4317",
          "ServerName": "",
          "Attributes": null,
          "BalancerAttributes": null,
          "Metadata": null
        }
      ],
      "Attributes": null
    }
  ],
  "ServiceConfig": null,
  "Attributes": null
} (resolver returned new addresses)	{"grpc_log": true}
2026-01-14T19:11:02.447+0700	INFO	channelz/trace.go:200	[core] [Channel #4] Channel switches to new LB policy "pick_first"	{"grpc_log": true}
2026-01-14T19:11:02.447+0700	INFO	grpclog/prefix_logger.go:42	[pick-first-leaf-lb] [pick-first-leaf-lb 0xc0006207e0] Received new config {
  "shuffleAddressList": false
}, resolver state {
  "Addresses": [
    {
      "Addr": "127.0.0.1:4317",
      "ServerName": "",
      "Attributes": null,
      "BalancerAttributes": null,
      "Metadata": null
    }
  ],
  "Endpoints": [
    {
      "Addresses": [
        {
          "Addr": "127.0.0.1:4317",
          "ServerName": "",
          "Attributes": null,
          "BalancerAttributes": null,
          "Metadata": null
        }
      ],
      "Attributes": null
    }
  ],
  "ServiceConfig": null,
  "Attributes": null
}	{"grpc_log": true}
2026-01-14T19:11:02.448+0700	INFO	channelz/trace.go:200	[core] [Channel #4] Channel Connectivity change to CONNECTING	{"grpc_log": true}
2026-01-14T19:11:02.448+0700	INFO	channelz/trace.go:200	[core] [Channel #4 SubChannel #27] Subchannel created	{"grpc_log": true}
2026-01-14T19:11:02.448+0700	INFO	channelz/trace.go:200	[core] [Channel #4 SubChannel #27] Subchannel Connectivity change to CONNECTING	{"grpc_log": true}
2026-01-14T19:11:02.448+0700	INFO	channelz/trace.go:200	[core] [Channel #4 SubChannel #27] Subchannel picks a new address "127.0.0.1:4317" to connect	{"grpc_log": true}
2026-01-14T19:11:02.449+0700	INFO	channelz/trace.go:200	[core] [Channel #4 SubChannel #27] Subchannel Connectivity change to READY	{"grpc_log": true}
2026-01-14T19:11:02.449+0700	INFO	grpclog/prefix_logger.go:42	[pick-first-leaf-lb] [pick-first-leaf-lb 0xc0006207e0] SubConn 0xc00048f040 reported connectivity state READY and the health listener is disabled. Transitioning SubConn to READY.	{"grpc_log": true}
2026-01-14T19:11:02.449+0700	INFO	channelz/trace.go:200	[core] [Channel #4] Channel Connectivity change to READY	{"grpc_log": true}
2026-01-14T19:11:02.455+0700	INFO	channelz/trace.go:200	[core] [Channel #6] Resolver state updated: {
  "Addresses": [
    {
      "Addr": "127.0.0.1:4317",
      "ServerName": "",
      "Attributes": null,
      "BalancerAttributes": null,
      "Metadata": null
    }
  ],
  "Endpoints": [
    {
      "Addresses": [
        {
          "Addr": "127.0.0.1:4317",
          "ServerName": "",
          "Attributes": null,
          "BalancerAttributes": null,
          "Metadata": null
        }
      ],
      "Attributes": null
    }
  ],
  "ServiceConfig": null,
  "Attributes": null
} (resolver returned new addresses)	{"grpc_log": true}
2026-01-14T19:11:02.456+0700	INFO	channelz/trace.go:200	[core] [Channel #6] Channel switches to new LB policy "pick_first"	{"grpc_log": true}
2026-01-14T19:11:02.456+0700	INFO	grpclog/prefix_logger.go:42	[pick-first-leaf-lb] [pick-first-leaf-lb 0xc000520cf0] Received new config {
  "shuffleAddressList": false
}, resolver state {
  "Addresses": [
    {
      "Addr": "127.0.0.1:4317",
      "ServerName": "",
      "Attributes": null,
      "BalancerAttributes": null,
      "Metadata": null
    }
  ],
  "Endpoints": [
    {
      "Addresses": [
        {
          "Addr": "127.0.0.1:4317",
          "ServerName": "",
          "Attributes": null,
          "BalancerAttributes": null,
          "Metadata": null
        }
      ],
      "Attributes": null
    }
  ],
  "ServiceConfig": null,
  "Attributes": null
}	{"grpc_log": true}
2026-01-14T19:11:02.456+0700	INFO	channelz/trace.go:200	[core] [Channel #6] Channel Connectivity change to CONNECTING	{"grpc_log": true}
2026-01-14T19:11:02.457+0700	INFO	channelz/trace.go:200	[core] [Channel #6 SubChannel #29] Subchannel created	{"grpc_log": true}
2026-01-14T19:11:02.457+0700	INFO	channelz/trace.go:200	[core] [Channel #6 SubChannel #29] Subchannel Connectivity change to CONNECTING	{"grpc_log": true}
2026-01-14T19:11:02.457+0700	INFO	channelz/trace.go:200	[core] [Channel #6 SubChannel #29] Subchannel picks a new address "127.0.0.1:4317" to connect	{"grpc_log": true}
2026-01-14T19:11:02.458+0700	INFO	channelz/trace.go:200	[core] [Channel #6 SubChannel #29] Subchannel Connectivity change to READY	{"grpc_log": true}
2026-01-14T19:11:02.458+0700	INFO	grpclog/prefix_logger.go:42	[pick-first-leaf-lb] [pick-first-leaf-lb 0xc000520cf0] SubConn 0xc000408140 reported connectivity state READY and the health listener is disabled. Transitioning SubConn to READY.	{"grpc_log": true}
2026-01-14T19:11:02.459+0700	INFO	channelz/trace.go:200	[core] [Channel #6] Channel Connectivity change to READY	{"grpc_log": true}
2026-01-14T19:12:02.022+0700	INFO	metrics/worker.go:233	metrics generated	{"worker": 2, "metrics": 165662}
2026-01-14T19:12:02.023+0700	INFO	metrics/worker.go:233	metrics generated	{"worker": 6, "metrics": 165184}
2026-01-14T19:12:02.023+0700	INFO	metrics/worker.go:233	metrics generated	{"worker": 3, "metrics": 165190}
2026-01-14T19:12:02.022+0700	INFO	metrics/worker.go:233	metrics generated	{"worker": 0, "metrics": 167303}
2026-01-14T19:12:02.022+0700	INFO	metrics/worker.go:233	metrics generated	{"worker": 9, "metrics": 166976}
2026-01-14T19:12:02.023+0700	INFO	metrics/worker.go:233	metrics generated	{"worker": 7, "metrics": 164790}
2026-01-14T19:12:02.023+0700	INFO	metrics/worker.go:233	metrics generated	{"worker": 1, "metrics": 165494}
2026-01-14T19:12:02.023+0700	INFO	metrics/worker.go:233	metrics generated	{"worker": 5, "metrics": 165311}
2026-01-14T19:12:02.023+0700	INFO	metrics/worker.go:233	metrics generated	{"worker": 4, "metrics": 165747}
2026-01-14T19:12:02.023+0700	INFO	metrics/worker.go:233	metrics generated	{"worker": 8, "metrics": 165393}
2026-01-14T19:12:02.023+0700	INFO	metrics/metrics.go:97	stopping the exporter	{"worker": 9}
2026-01-14T19:12:02.023+0700	INFO	channelz/trace.go:200	[core] [Channel #10] Channel Connectivity change to SHUTDOWN	{"grpc_log": true}
2026-01-14T19:12:02.023+0700	INFO	channelz/trace.go:200	[core] [Channel #10] Closing the name resolver	{"grpc_log": true}
2026-01-14T19:12:02.024+0700	INFO	channelz/trace.go:200	[core] [Channel #10] ccBalancerWrapper: closing	{"grpc_log": true}
2026-01-14T19:12:02.024+0700	INFO	channelz/trace.go:200	[core] [Channel #10 SubChannel #13] Subchannel Connectivity change to SHUTDOWN	{"grpc_log": true}
2026-01-14T19:12:02.024+0700	INFO	channelz/trace.go:200	[core] [Channel #10 SubChannel #13] Subchannel deleted	{"grpc_log": true}
2026-01-14T19:12:02.024+0700	INFO	grpclog/prefix_logger.go:42	[transport] [client-transport 0xc0002ed448] Closing: rpc error: code = Canceled desc = grpc: the client connection is closing	{"grpc_log": true}
2026-01-14T19:12:02.024+0700	INFO	grpclog/prefix_logger.go:42	[transport] [client-transport 0xc0002ed448] loopyWriter exiting with error: rpc error: code = Canceled desc = grpc: the client connection is closing	{"grpc_log": true}
2026-01-14T19:12:02.024+0700	INFO	channelz/trace.go:200	[core] [Channel #10] Channel deleted	{"grpc_log": true}
2026-01-14T19:12:02.024+0700	INFO	metrics/metrics.go:97	stopping the exporter	{"worker": 8}
2026-01-14T19:12:02.024+0700	INFO	channelz/trace.go:200	[core] [Channel #9] Channel Connectivity change to SHUTDOWN	{"grpc_log": true}
2026-01-14T19:12:02.024+0700	INFO	channelz/trace.go:200	[core] [Channel #9] Closing the name resolver	{"grpc_log": true}
2026-01-14T19:12:02.024+0700	INFO	channelz/trace.go:200	[core] [Channel #9] ccBalancerWrapper: closing	{"grpc_log": true}
2026-01-14T19:12:02.024+0700	INFO	channelz/trace.go:200	[core] [Channel #9 SubChannel #21] Subchannel Connectivity change to SHUTDOWN	{"grpc_log": true}
2026-01-14T19:12:02.024+0700	INFO	channelz/trace.go:200	[core] [Channel #9 SubChannel #21] Subchannel deleted	{"grpc_log": true}
2026-01-14T19:12:02.024+0700	INFO	grpclog/prefix_logger.go:42	[transport] [client-transport 0xc0002ed8c8] Closing: rpc error: code = Canceled desc = grpc: the client connection is closing	{"grpc_log": true}
2026-01-14T19:12:02.024+0700	INFO	grpclog/prefix_logger.go:42	[transport] [client-transport 0xc0002ed8c8] loopyWriter exiting with error: rpc error: code = Canceled desc = grpc: the client connection is closing	{"grpc_log": true}
2026-01-14T19:12:02.024+0700	INFO	channelz/trace.go:200	[core] [Channel #9] Channel deleted	{"grpc_log": true}
2026-01-14T19:12:02.024+0700	INFO	metrics/metrics.go:97	stopping the exporter	{"worker": 7}
2026-01-14T19:12:02.024+0700	INFO	channelz/trace.go:200	[core] [Channel #8] Channel Connectivity change to SHUTDOWN	{"grpc_log": true}
2026-01-14T19:12:02.024+0700	INFO	channelz/trace.go:200	[core] [Channel #8] Closing the name resolver	{"grpc_log": true}
2026-01-14T19:12:02.024+0700	INFO	channelz/trace.go:200	[core] [Channel #8] ccBalancerWrapper: closing	{"grpc_log": true}
2026-01-14T19:12:02.024+0700	INFO	channelz/trace.go:200	[core] [Channel #8 SubChannel #19] Subchannel Connectivity change to SHUTDOWN	{"grpc_log": true}
2026-01-14T19:12:02.024+0700	INFO	channelz/trace.go:200	[core] [Channel #8 SubChannel #19] Subchannel deleted	{"grpc_log": true}
2026-01-14T19:12:02.024+0700	INFO	grpclog/prefix_logger.go:42	[transport] [client-transport 0xc0001a0008] Closing: rpc error: code = Canceled desc = grpc: the client connection is closing	{"grpc_log": true}
2026-01-14T19:12:02.025+0700	INFO	grpclog/prefix_logger.go:42	[transport] [client-transport 0xc0001a0008] loopyWriter exiting with error: rpc error: code = Canceled desc = grpc: the client connection is closing	{"grpc_log": true}
2026-01-14T19:12:02.025+0700	INFO	channelz/trace.go:200	[core] [Channel #8] Channel deleted	{"grpc_log": true}
2026-01-14T19:12:02.025+0700	INFO	metrics/metrics.go:97	stopping the exporter	{"worker": 6}
2026-01-14T19:12:02.025+0700	INFO	channelz/trace.go:200	[core] [Channel #7] Channel Connectivity change to SHUTDOWN	{"grpc_log": true}
2026-01-14T19:12:02.025+0700	INFO	channelz/trace.go:200	[core] [Channel #7] Closing the name resolver	{"grpc_log": true}
2026-01-14T19:12:02.025+0700	INFO	channelz/trace.go:200	[core] [Channel #7] ccBalancerWrapper: closing	{"grpc_log": true}
2026-01-14T19:12:02.025+0700	INFO	channelz/trace.go:200	[core] [Channel #7 SubChannel #23] Subchannel Connectivity change to SHUTDOWN	{"grpc_log": true}
2026-01-14T19:12:02.025+0700	INFO	channelz/trace.go:200	[core] [Channel #7 SubChannel #23] Subchannel deleted	{"grpc_log": true}
2026-01-14T19:12:02.025+0700	INFO	grpclog/prefix_logger.go:42	[transport] [client-transport 0xc0002edb08] Closing: rpc error: code = Canceled desc = grpc: the client connection is closing	{"grpc_log": true}
2026-01-14T19:12:02.025+0700	INFO	grpclog/prefix_logger.go:42	[transport] [client-transport 0xc0002edb08] loopyWriter exiting with error: rpc error: code = Canceled desc = grpc: the client connection is closing	{"grpc_log": true}
2026-01-14T19:12:02.025+0700	INFO	channelz/trace.go:200	[core] [Channel #7] Channel deleted	{"grpc_log": true}
2026-01-14T19:12:02.025+0700	INFO	metrics/metrics.go:97	stopping the exporter	{"worker": 5}
2026-01-14T19:12:02.025+0700	INFO	channelz/trace.go:200	[core] [Channel #6] Channel Connectivity change to SHUTDOWN	{"grpc_log": true}
2026-01-14T19:12:02.025+0700	INFO	channelz/trace.go:200	[core] [Channel #6] Closing the name resolver	{"grpc_log": true}
2026-01-14T19:12:02.025+0700	INFO	channelz/trace.go:200	[core] [Channel #6] ccBalancerWrapper: closing	{"grpc_log": true}
2026-01-14T19:12:02.025+0700	INFO	channelz/trace.go:200	[core] [Channel #6 SubChannel #29] Subchannel Connectivity change to SHUTDOWN	{"grpc_log": true}
2026-01-14T19:12:02.025+0700	INFO	channelz/trace.go:200	[core] [Channel #6 SubChannel #29] Subchannel deleted	{"grpc_log": true}
2026-01-14T19:12:02.025+0700	INFO	grpclog/prefix_logger.go:42	[transport] [client-transport 0xc00048a6c8] Closing: rpc error: code = Canceled desc = grpc: the client connection is closing	{"grpc_log": true}
2026-01-14T19:12:02.025+0700	INFO	grpclog/prefix_logger.go:42	[transport] [client-transport 0xc00048a6c8] loopyWriter exiting with error: rpc error: code = Canceled desc = grpc: the client connection is closing	{"grpc_log": true}
2026-01-14T19:12:02.025+0700	INFO	channelz/trace.go:200	[core] [Channel #6] Channel deleted	{"grpc_log": true}
2026-01-14T19:12:02.025+0700	INFO	metrics/metrics.go:97	stopping the exporter	{"worker": 4}
2026-01-14T19:12:02.025+0700	INFO	channelz/trace.go:200	[core] [Channel #5] Channel Connectivity change to SHUTDOWN	{"grpc_log": true}
2026-01-14T19:12:02.026+0700	INFO	channelz/trace.go:200	[core] [Channel #5] Closing the name resolver	{"grpc_log": true}
2026-01-14T19:12:02.026+0700	INFO	channelz/trace.go:200	[core] [Channel #5] ccBalancerWrapper: closing	{"grpc_log": true}
2026-01-14T19:12:02.026+0700	INFO	channelz/trace.go:200	[core] [Channel #5 SubChannel #15] Subchannel Connectivity change to SHUTDOWN	{"grpc_log": true}
2026-01-14T19:12:02.026+0700	INFO	channelz/trace.go:200	[core] [Channel #5 SubChannel #15] Subchannel deleted	{"grpc_log": true}
2026-01-14T19:12:02.026+0700	INFO	grpclog/prefix_logger.go:42	[transport] [client-transport 0xc0002ed688] Closing: rpc error: code = Canceled desc = grpc: the client connection is closing	{"grpc_log": true}
2026-01-14T19:12:02.026+0700	INFO	grpclog/prefix_logger.go:42	[transport] [client-transport 0xc0002ed688] loopyWriter exiting with error: rpc error: code = Canceled desc = grpc: the client connection is closing	{"grpc_log": true}
2026-01-14T19:12:02.026+0700	INFO	channelz/trace.go:200	[core] [Channel #5] Channel deleted	{"grpc_log": true}
2026-01-14T19:12:02.026+0700	INFO	metrics/metrics.go:97	stopping the exporter	{"worker": 3}
2026-01-14T19:12:02.026+0700	INFO	channelz/trace.go:200	[core] [Channel #4] Channel Connectivity change to SHUTDOWN	{"grpc_log": true}
2026-01-14T19:12:02.026+0700	INFO	channelz/trace.go:200	[core] [Channel #4] Closing the name resolver	{"grpc_log": true}
2026-01-14T19:12:02.026+0700	INFO	channelz/trace.go:200	[core] [Channel #4] ccBalancerWrapper: closing	{"grpc_log": true}
2026-01-14T19:12:02.026+0700	INFO	channelz/trace.go:200	[core] [Channel #4 SubChannel #27] Subchannel Connectivity change to SHUTDOWN	{"grpc_log": true}
2026-01-14T19:12:02.026+0700	INFO	channelz/trace.go:200	[core] [Channel #4 SubChannel #27] Subchannel deleted	{"grpc_log": true}
2026-01-14T19:12:02.026+0700	INFO	grpclog/prefix_logger.go:42	[transport] [client-transport 0xc00048a488] Closing: rpc error: code = Canceled desc = grpc: the client connection is closing	{"grpc_log": true}
2026-01-14T19:12:02.026+0700	INFO	grpclog/prefix_logger.go:42	[transport] [client-transport 0xc00048a488] loopyWriter exiting with error: rpc error: code = Canceled desc = grpc: the client connection is closing	{"grpc_log": true}
2026-01-14T19:12:02.026+0700	INFO	channelz/trace.go:200	[core] [Channel #4] Channel deleted	{"grpc_log": true}
2026-01-14T19:12:02.026+0700	INFO	metrics/metrics.go:97	stopping the exporter	{"worker": 2}
2026-01-14T19:12:02.026+0700	INFO	channelz/trace.go:200	[core] [Channel #3] Channel Connectivity change to SHUTDOWN	{"grpc_log": true}
2026-01-14T19:12:02.026+0700	INFO	channelz/trace.go:200	[core] [Channel #3] Closing the name resolver	{"grpc_log": true}
2026-01-14T19:12:02.026+0700	INFO	channelz/trace.go:200	[core] [Channel #3] ccBalancerWrapper: closing	{"grpc_log": true}
2026-01-14T19:12:02.026+0700	INFO	channelz/trace.go:200	[core] [Channel #3 SubChannel #24] Subchannel Connectivity change to SHUTDOWN	{"grpc_log": true}
2026-01-14T19:12:02.026+0700	INFO	channelz/trace.go:200	[core] [Channel #3 SubChannel #24] Subchannel deleted	{"grpc_log": true}
2026-01-14T19:12:02.027+0700	INFO	grpclog/prefix_logger.go:42	[transport] [client-transport 0xc0001a0248] Closing: rpc error: code = Canceled desc = grpc: the client connection is closing	{"grpc_log": true}
2026-01-14T19:12:02.027+0700	INFO	grpclog/prefix_logger.go:42	[transport] [client-transport 0xc0001a0248] loopyWriter exiting with error: rpc error: code = Canceled desc = grpc: the client connection is closing	{"grpc_log": true}
2026-01-14T19:12:02.027+0700	INFO	channelz/trace.go:200	[core] [Channel #3] Channel deleted	{"grpc_log": true}
2026-01-14T19:12:02.027+0700	INFO	metrics/metrics.go:97	stopping the exporter	{"worker": 1}
2026-01-14T19:12:02.027+0700	INFO	channelz/trace.go:200	[core] [Channel #2] Channel Connectivity change to SHUTDOWN	{"grpc_log": true}
2026-01-14T19:12:02.027+0700	INFO	channelz/trace.go:200	[core] [Channel #2] Closing the name resolver	{"grpc_log": true}
2026-01-14T19:12:02.027+0700	INFO	channelz/trace.go:200	[core] [Channel #2] ccBalancerWrapper: closing	{"grpc_log": true}
2026-01-14T19:12:02.027+0700	INFO	channelz/trace.go:200	[core] [Channel #2 SubChannel #17] Subchannel Connectivity change to SHUTDOWN	{"grpc_log": true}
2026-01-14T19:12:02.027+0700	INFO	channelz/trace.go:200	[core] [Channel #2 SubChannel #17] Subchannel deleted	{"grpc_log": true}
2026-01-14T19:12:02.027+0700	INFO	grpclog/prefix_logger.go:42	[transport] [client-transport 0xc00048a248] Closing: rpc error: code = Canceled desc = grpc: the client connection is closing	{"grpc_log": true}
2026-01-14T19:12:02.027+0700	INFO	grpclog/prefix_logger.go:42	[transport] [client-transport 0xc00048a248] loopyWriter exiting with error: rpc error: code = Canceled desc = grpc: the client connection is closing	{"grpc_log": true}
2026-01-14T19:12:02.027+0700	INFO	channelz/trace.go:200	[core] [Channel #2] Channel deleted	{"grpc_log": true}
2026-01-14T19:12:02.027+0700	INFO	metrics/metrics.go:97	stopping the exporter	{"worker": 0}
2026-01-14T19:12:02.027+0700	INFO	channelz/trace.go:200	[core] [Channel #1] Channel Connectivity change to SHUTDOWN	{"grpc_log": true}
2026-01-14T19:12:02.027+0700	INFO	channelz/trace.go:200	[core] [Channel #1] Closing the name resolver	{"grpc_log": true}
2026-01-14T19:12:02.027+0700	INFO	channelz/trace.go:200	[core] [Channel #1] ccBalancerWrapper: closing	{"grpc_log": true}
2026-01-14T19:12:02.027+0700	INFO	channelz/trace.go:200	[core] [Channel #1 SubChannel #11] Subchannel Connectivity change to SHUTDOWN	{"grpc_log": true}
2026-01-14T19:12:02.027+0700	INFO	channelz/trace.go:200	[core] [Channel #1 SubChannel #11] Subchannel deleted	{"grpc_log": true}
2026-01-14T19:12:02.027+0700	INFO	grpclog/prefix_logger.go:42	[transport] [client-transport 0xc00048a008] Closing: rpc error: code = Canceled desc = grpc: the client connection is closing	{"grpc_log": true}
2026-01-14T19:12:02.027+0700	INFO	grpclog/prefix_logger.go:42	[transport] [client-transport 0xc00048a008] loopyWriter exiting with error: rpc error: code = Canceled desc = grpc: the client connection is closing	{"grpc_log": true}
2026-01-14T19:12:02.027+0700	INFO	channelz/trace.go:200	[core] [Channel #1] Channel deleted	{"grpc_log": true}
